Archive member included to satisfy reference by file (symbol)

/usr/lib/gcc/arm-none-eabi/9.2.1/thumb/v6-m/nofp/libgcc.a(_dvmd_tls.o)
                              CMakeFiles/w5x00_dhcp_dns.dir/__/__/libraries/pico-sdk/src/rp2_common/pico_divider/divider.S.obj (__aeabi_idiv0)
/usr/lib/gcc/arm-none-eabi/9.2.1/../../../arm-none-eabi/lib/thumb/v6-m/nofp/libc.a(lib_a-atexit.o)
                              /usr/lib/gcc/arm-none-eabi/9.2.1/../../../arm-none-eabi/lib/thumb/v6-m/nofp/crt0.o (atexit)
/usr/lib/gcc/arm-none-eabi/9.2.1/../../../arm-none-eabi/lib/thumb/v6-m/nofp/libc.a(lib_a-atoi.o)
                              CMakeFiles/w5x00_dhcp_dns.dir/__/__/libraries/pico-sdk/lib/lwip/src/core/netif.c.obj (atoi)
/usr/lib/gcc/arm-none-eabi/9.2.1/../../../arm-none-eabi/lib/thumb/v6-m/nofp/libc.a(lib_a-calloc.o)
                              CMakeFiles/w5x00_dhcp_dns.dir/__/__/libraries/pico-sdk/src/rp2_common/pico_malloc/pico_malloc.c.obj (calloc)
/usr/lib/gcc/arm-none-eabi/9.2.1/../../../arm-none-eabi/lib/thumb/v6-m/nofp/libc.a(lib_a-callocr.o)
                              /usr/lib/gcc/arm-none-eabi/9.2.1/../../../arm-none-eabi/lib/thumb/v6-m/nofp/libc.a(lib_a-calloc.o) (_calloc_r)
/usr/lib/gcc/arm-none-eabi/9.2.1/../../../arm-none-eabi/lib/thumb/v6-m/nofp/libc.a(lib_a-ctype_.o)
                              CMakeFiles/w5x00_dhcp_dns.dir/__/__/libraries/pico-sdk/lib/lwip/src/core/ipv4/ip4_addr.c.obj (_ctype_)
/usr/lib/gcc/arm-none-eabi/9.2.1/../../../arm-none-eabi/lib/thumb/v6-m/nofp/libc.a(lib_a-fini.o)
                              /usr/lib/gcc/arm-none-eabi/9.2.1/../../../arm-none-eabi/lib/thumb/v6-m/nofp/crt0.o (__libc_fini_array)
/usr/lib/gcc/arm-none-eabi/9.2.1/../../../arm-none-eabi/lib/thumb/v6-m/nofp/libc.a(lib_a-impure.o)
                              /usr/lib/gcc/arm-none-eabi/9.2.1/../../../arm-none-eabi/lib/thumb/v6-m/nofp/libc.a(lib_a-calloc.o) (_impure_ptr)
/usr/lib/gcc/arm-none-eabi/9.2.1/../../../arm-none-eabi/lib/thumb/v6-m/nofp/libc.a(lib_a-init.o)
                              /usr/lib/gcc/arm-none-eabi/9.2.1/../../../arm-none-eabi/lib/thumb/v6-m/nofp/crt0.o (__libc_init_array)
/usr/lib/gcc/arm-none-eabi/9.2.1/../../../arm-none-eabi/lib/thumb/v6-m/nofp/libc.a(lib_a-malloc.o)
                              CMakeFiles/w5x00_dhcp_dns.dir/__/__/libraries/pico-sdk/src/rp2_common/pico_malloc/pico_malloc.c.obj (malloc)
/usr/lib/gcc/arm-none-eabi/9.2.1/../../../arm-none-eabi/lib/thumb/v6-m/nofp/libc.a(lib_a-mallocr.o)
                              /usr/lib/gcc/arm-none-eabi/9.2.1/../../../arm-none-eabi/lib/thumb/v6-m/nofp/libc.a(lib_a-callocr.o) (_malloc_r)
/usr/lib/gcc/arm-none-eabi/9.2.1/../../../arm-none-eabi/lib/thumb/v6-m/nofp/libc.a(lib_a-memcmp.o)
                              CMakeFiles/w5x00_dhcp_dns.dir/__/__/libraries/pico-sdk/lib/lwip/src/netif/ethernet.c.obj (memcmp)
/usr/lib/gcc/arm-none-eabi/9.2.1/../../../arm-none-eabi/lib/thumb/v6-m/nofp/libc.a(lib_a-memmove.o)
                              CMakeFiles/w5x00_dhcp_dns.dir/__/__/libraries/pico-sdk/lib/lwip/src/core/def.c.obj (memmove)
/usr/lib/gcc/arm-none-eabi/9.2.1/../../../arm-none-eabi/lib/thumb/v6-m/nofp/libc.a(lib_a-mlock.o)
                              /usr/lib/gcc/arm-none-eabi/9.2.1/../../../arm-none-eabi/lib/thumb/v6-m/nofp/libc.a(lib_a-mallocr.o) (__malloc_lock)
/usr/lib/gcc/arm-none-eabi/9.2.1/../../../arm-none-eabi/lib/thumb/v6-m/nofp/libc.a(lib_a-realloc.o)
                              CMakeFiles/w5x00_dhcp_dns.dir/__/__/libraries/pico-sdk/src/rp2_common/pico_malloc/pico_malloc.c.obj (realloc)
/usr/lib/gcc/arm-none-eabi/9.2.1/../../../arm-none-eabi/lib/thumb/v6-m/nofp/libc.a(lib_a-reallocr.o)
                              /usr/lib/gcc/arm-none-eabi/9.2.1/../../../arm-none-eabi/lib/thumb/v6-m/nofp/libc.a(lib_a-realloc.o) (_realloc_r)
/usr/lib/gcc/arm-none-eabi/9.2.1/../../../arm-none-eabi/lib/thumb/v6-m/nofp/libc.a(lib_a-sbrkr.o)
                              /usr/lib/gcc/arm-none-eabi/9.2.1/../../../arm-none-eabi/lib/thumb/v6-m/nofp/libc.a(lib_a-mallocr.o) (_sbrk_r)
/usr/lib/gcc/arm-none-eabi/9.2.1/../../../arm-none-eabi/lib/thumb/v6-m/nofp/libc.a(lib_a-strlen-stub.o)
                              CMakeFiles/w5x00_dhcp_dns.dir/__/__/libraries/pico-sdk/src/rp2_common/pico_stdio/stdio.c.obj (strlen)
/usr/lib/gcc/arm-none-eabi/9.2.1/../../../arm-none-eabi/lib/thumb/v6-m/nofp/libc.a(lib_a-strncmp.o)
                              CMakeFiles/w5x00_dhcp_dns.dir/__/__/libraries/pico-sdk/lib/lwip/src/core/def.c.obj (strncmp)
/usr/lib/gcc/arm-none-eabi/9.2.1/../../../arm-none-eabi/lib/thumb/v6-m/nofp/libc.a(lib_a-strtol.o)
                              /usr/lib/gcc/arm-none-eabi/9.2.1/../../../arm-none-eabi/lib/thumb/v6-m/nofp/libc.a(lib_a-atoi.o) (_strtol_r)
/usr/lib/gcc/arm-none-eabi/9.2.1/../../../arm-none-eabi/lib/thumb/v6-m/nofp/libc.a(lib_a-__atexit.o)
                              /usr/lib/gcc/arm-none-eabi/9.2.1/../../../arm-none-eabi/lib/thumb/v6-m/nofp/libc.a(lib_a-atexit.o) (__register_exitproc)
[...]
Memory Configuration

Name             Origin             Length             Attributes
FLASH            0x0000000010000000 0x0000000000200000 xr
RAM              0x0000000020000000 0x0000000000040000 xrw
SCRATCH_X        0x0000000020040000 0x0000000000001000 xrw
SCRATCH_Y        0x0000000020041000 0x0000000000001000 xrw
*default*        0x0000000000000000 0xffffffffffffffff

Linker script and memory map

LOAD /usr/lib/gcc/arm-none-eabi/9.2.1/thumb/v6-m/nofp/crti.o
LOAD /usr/lib/gcc/arm-none-eabi/9.2.1/thumb/v6-m/nofp/crtbegin.o
LOAD /usr/lib/gcc/arm-none-eabi/9.2.1/../../../arm-none-eabi/lib/thumb/v6-m/nofp/crt0.o

.flash_begin    0x0000000010000000        0x0
                0x0000000010000000                __flash_binary_start = .

.boot2          0x0000000010000000      0x100
                0x0000000010000000                __boot2_start__ = .
 *(.boot2)
 .boot2         0x0000000010000000      0x100 /tmp/ccgUsUnY.o
                0x0000000010000100                __boot2_end__ = .
                0x0000000000000001                ASSERT (((__boot2_end__ - __boot2_start__) == 0x100), ERROR: Pico second stage bootloader must be 256 bytes in size)

.text           0x0000000010000100    0x13928
                0x0000000010000100                __logical_binary_start = .
 *(.vectors)
 .vectors       0x0000000010000100       0xd4 CMakeFiles/w5x00_dhcp_dns.dir/__/__/libraries/pico-sdk/src/rp2_common/pico_standard_link/crt0.S.obj
                0x0000000010000100                __vectors
                0x0000000010000100                __VECTOR_TABLE
                0x00000000100001c0                isr_invalid
                0x00000000100001c0                __default_isrs_start
                0x00000000100001c2                isr_nmi
                0x00000000100001c4                isr_hardfault
                0x00000000100001c6                isr_svcall
                0x00000000100001c8                isr_pendsv
                0x00000000100001ca                isr_systick
                0x00000000100001cc                isr_irq30
                0x00000000100001cc                __unhandled_user_irq
                0x00000000100001cc                isr_irq13
                0x00000000100001cc                isr_irq27
                0x00000000100001cc                isr_irq31
                0x00000000100001cc                isr_irq5
                0x00000000100001cc                isr_irq11
                0x00000000100001cc                isr_irq23
                0x00000000100001cc                isr_irq18
                0x00000000100001cc                isr_irq28
                0x00000000100001cc                isr_irq19
                0x00000000100001cc                isr_irq0
                0x00000000100001cc                isr_irq6
                0x00000000100001cc                isr_irq22
                0x00000000100001cc                isr_irq17
                0x00000000100001cc                isr_irq14
                0x00000000100001cc                isr_irq2
                0x00000000100001cc                isr_irq10
                0x00000000100001cc                isr_irq8
                0x00000000100001cc                isr_irq24
                0x00000000100001cc                isr_irq1
                0x00000000100001cc                isr_irq7
                0x00000000100001cc                isr_irq21
                0x00000000100001cc                isr_irq20
                0x00000000100001cc                isr_irq15
                0x00000000100001cc                isr_irq25
                0x00000000100001cc                isr_irq4
                0x00000000100001cc                isr_irq16
                0x00000000100001cc                isr_irq29
                0x00000000100001cc                isr_irq26
                0x00000000100001cc                __default_isrs_end
                0x00000000100001cc                isr_irq3
                0x00000000100001cc                isr_irq12
                0x00000000100001cc                isr_irq9
                0x00000000100001d2                unhandled_user_irq_num_in_r0
 *(.binary_info_header)
 .binary_info_header
                0x00000000100001d4       0x14 CMakeFiles/w5x00_dhcp_dns.dir/__/__/libraries/pico-sdk/src/rp2_common/pico_standard_link/crt0.S.obj
                0x00000000100001e8                __binary_info_header_end = .
 *(.reset)
 .reset         0x00000000100001e8       0xa8 CMakeFiles/w5x00_dhcp_dns.dir/__/__/libraries/pico-sdk/src/rp2_common/pico_standard_link/crt0.S.obj
                0x00000000100001e8                _entry_point
                0x0000000010000266                __get_current_exception
 .reset         0x0000000010000290       0x30 CMakeFiles/w5x00_dhcp_dns.dir/__/__/libraries/pico-sdk/src/rp2_common/pico_standard_link/binary_info.c.obj
 *(.init)
 .init          0x00000000100002c0        0x4 /usr/lib/gcc/arm-none-eabi/9.2.1/thumb/v6-m/nofp/crti.o
                0x00000000100002c0                _init
 *(EXCLUDE_FILE(*libm.a: *libc.a:*lib_a-mem*.o *libgcc.a:) .text*)
 .text          0x00000000100002c4       0x98 /usr/lib/gcc/arm-none-eabi/9.2.1/thumb/v6-m/nofp/crtbegin.o
 .text.startup.main
                0x000000001000035c      0x220 CMakeFiles/w5x00_dhcp_dns.dir/w5x00_dhcp_dns.c.obj
                0x000000001000035c                main
 .text.set_sys_clock_pll
                0x000000001000057c       0x78 CMakeFiles/w5x00_dhcp_dns.dir/__/__/libraries/pico-sdk/src/rp2_common/pico_stdlib/stdlib.c.obj
                0x000000001000057c                set_sys_clock_pll
 .text.check_sys_clock_khz
                0x00000000100005f4      0x16c CMakeFiles/w5x00_dhcp_dns.dir/__/__/libraries/pico-sdk/src/rp2_common/pico_stdlib/stdlib.c.obj
                0x00000000100005f4                check_sys_clock_khz
 .text.gpio_set_function
                0x0000000010000760       0x30 CMakeFiles/w5x00_dhcp_dns.dir/__/__/libraries/pico-sdk/src/rp2_common/hardware_gpio/gpio.c.obj
                0x0000000010000760                gpio_set_function
 .text.gpio_init
                0x0000000010000790       0x3c CMakeFiles/w5x00_dhcp_dns.dir/__/__/libraries/pico-sdk/src/rp2_common/hardware_gpio/gpio.c.obj
                0x0000000010000790                gpio_init
 .text.hw_claim_or_assert
                0x00000000100007cc       0x48 CMakeFiles/w5x00_dhcp_dns.dir/__/__/libraries/pico-sdk/src/rp2_common/hardware_claim/claim.c.obj
                0x00000000100007cc                hw_claim_or_assert
 .text.hw_claim_unused_from_range
                0x0000000010000814       0x9c CMakeFiles/w5x00_dhcp_dns.dir/__/__/libraries/pico-sdk/src/rp2_common/hardware_claim/claim.c.obj
                0x0000000010000814                hw_claim_unused_from_range
 .text.running_on_fpga
                0x00000000100008b0       0x10 CMakeFiles/w5x00_dhcp_dns.dir/__/__/libraries/pico-sdk/src/rp2_common/pico_platform/platform.c.obj
                0x00000000100008b0                running_on_fpga
 .text.spin_locks_reset
                0x00000000100008c0       0x1c CMakeFiles/w5x00_dhcp_dns.dir/__/__/libraries/pico-sdk/src/rp2_common/hardware_sync/sync.c.obj
                0x00000000100008c0                spin_locks_reset
 .text.next_striped_spin_lock_num
                0x00000000100008dc       0x18 CMakeFiles/w5x00_dhcp_dns.dir/__/__/libraries/pico-sdk/src/rp2_common/hardware_sync/sync.c.obj
                0x00000000100008dc                next_striped_spin_lock_num
 .text.spin_lock_claim_unused
                0x00000000100008f4       0x20 CMakeFiles/w5x00_dhcp_dns.dir/__/__/libraries/pico-sdk/src/rp2_common/hardware_sync/sync.c.obj
                0x00000000100008f4                spin_lock_claim_unused
 .text.irq_set_enabled
                0x0000000010000914       0x24 CMakeFiles/w5x00_dhcp_dns.dir/__/__/libraries/pico-sdk/src/rp2_common/hardware_irq/irq.c.obj
                0x0000000010000914                irq_set_enabled
 .text.irq_set_pending
                0x0000000010000938       0x10 CMakeFiles/w5x00_dhcp_dns.dir/__/__/libraries/pico-sdk/src/rp2_common/hardware_irq/irq.c.obj
                0x0000000010000938                irq_set_pending
 .text.irq_has_shared_handler
                0x0000000010000948       0x2c CMakeFiles/w5x00_dhcp_dns.dir/__/__/libraries/pico-sdk/src/rp2_common/hardware_irq/irq.c.obj
                0x0000000010000948                irq_has_shared_handler
 .text.irq_get_vtable_handler
                0x0000000010000974       0x10 CMakeFiles/w5x00_dhcp_dns.dir/__/__/libraries/pico-sdk/src/rp2_common/hardware_irq/irq.c.obj
                0x0000000010000974                irq_get_vtable_handler
 .text.irq_set_exclusive_handler
                0x0000000010000984       0x54 CMakeFiles/w5x00_dhcp_dns.dir/__/__/libraries/pico-sdk/src/rp2_common/hardware_irq/irq.c.obj
                0x0000000010000984                irq_set_exclusive_handler
 .text.irq_add_shared_handler
                0x00000000100009d8      0x1c0 CMakeFiles/w5x00_dhcp_dns.dir/__/__/libraries/pico-sdk/src/rp2_common/hardware_irq/irq.c.obj
                0x00000000100009d8                irq_add_shared_handler
 .text.irq_remove_handler
                0x0000000010000b98      0x1b4 CMakeFiles/w5x00_dhcp_dns.dir/__/__/libraries/pico-sdk/src/rp2_common/hardware_irq/irq.c.obj
                0x0000000010000b98                irq_remove_handler
 .text.irq_add_tail_to_free_list
                0x0000000010000d4c       0xb8 CMakeFiles/w5x00_dhcp_dns.dir/__/__/libraries/pico-sdk/src/rp2_common/hardware_irq/irq.c.obj
                0x0000000010000d4c                irq_add_tail_to_free_list
 .text.irq_init_priorities
                0x0000000010000e04       0x24 CMakeFiles/w5x00_dhcp_dns.dir/__/__/libraries/pico-sdk/src/rp2_common/hardware_irq/irq.c.obj
                0x0000000010000e04                irq_init_priorities
 .text.user_irq_claim_unused
                0x0000000010000e28       0x30 CMakeFiles/w5x00_dhcp_dns.dir/__/__/libraries/pico-sdk/src/rp2_common/hardware_irq/irq.c.obj
                0x0000000010000e28                user_irq_claim_unused
 .text.lock_init
                0x0000000010000e58       0x10 CMakeFiles/w5x00_dhcp_dns.dir/__/__/libraries/pico-sdk/src/common/pico_sync/lock_core.c.obj
                0x0000000010000e58                lock_init
 .text.timer_pool_entry_comparator
                0x0000000010000e68       0x34 CMakeFiles/w5x00_dhcp_dns.dir/__/__/libraries/pico-sdk/src/common/pico_time/time.c.obj
                0x0000000010000e68                timer_pool_entry_comparator
 .text.sleep_until_callback
                0x0000000010000e9c       0x30 CMakeFiles/w5x00_dhcp_dns.dir/__/__/libraries/pico-sdk/src/common/pico_time/time.c.obj
 .text.alarm_pool_add_alarm_at.constprop.0
                0x0000000010000ecc      0x128 CMakeFiles/w5x00_dhcp_dns.dir/__/__/libraries/pico-sdk/src/common/pico_time/time.c.obj
 .text.add_alarm_under_lock
                0x0000000010000ff4      0x108 CMakeFiles/w5x00_dhcp_dns.dir/__/__/libraries/pico-sdk/src/common/pico_time/time.c.obj
 .text.alarm_pool_alarm_callback
                0x00000000100010fc      0x1c8 CMakeFiles/w5x00_dhcp_dns.dir/__/__/libraries/pico-sdk/src/common/pico_time/time.c.obj
 .text.alarm_pool_init_default
                0x00000000100012c4       0x64 CMakeFiles/w5x00_dhcp_dns.dir/__/__/libraries/pico-sdk/src/common/pico_time/time.c.obj
                0x00000000100012c4                alarm_pool_init_default
 .text.alarm_pool_get_default
                0x0000000010001328        0x8 CMakeFiles/w5x00_dhcp_dns.dir/__/__/libraries/pico-sdk/src/common/pico_time/time.c.obj
                0x0000000010001328                alarm_pool_get_default
 .text.alarm_pool_add_alarm_at
                0x0000000010001330      0x1ac CMakeFiles/w5x00_dhcp_dns.dir/__/__/libraries/pico-sdk/src/common/pico_time/time.c.obj
                0x0000000010001330                alarm_pool_add_alarm_at
 .text.sleep_until
                0x00000000100014dc       0xac CMakeFiles/w5x00_dhcp_dns.dir/__/__/libraries/pico-sdk/src/common/pico_time/time.c.obj
                0x00000000100014dc                sleep_until
 .text.sleep_ms
                0x0000000010001588       0x38 CMakeFiles/w5x00_dhcp_dns.dir/__/__/libraries/pico-sdk/src/common/pico_time/time.c.obj
                0x0000000010001588                sleep_ms
 .text.best_effort_wfe_or_timeout
                0x00000000100015c0       0xd4 CMakeFiles/w5x00_dhcp_dns.dir/__/__/libraries/pico-sdk/src/common/pico_time/time.c.obj
                0x00000000100015c0                best_effort_wfe_or_timeout
 .text.hardware_alarm_irq_handler
                0x0000000010001694       0xb8 CMakeFiles/w5x00_dhcp_dns.dir/__/__/libraries/pico-sdk/src/rp2_common/hardware_timer/timer.c.obj
 .text.hardware_alarm_claim
                0x000000001000174c       0x18 CMakeFiles/w5x00_dhcp_dns.dir/__/__/libraries/pico-sdk/src/rp2_common/hardware_timer/timer.c.obj
                0x000000001000174c                hardware_alarm_claim
 .text.time_us_64
                0x0000000010001764       0x14 CMakeFiles/w5x00_dhcp_dns.dir/__/__/libraries/pico-sdk/src/rp2_common/hardware_timer/timer.c.obj
                0x0000000010001764                time_us_64
 .text.busy_wait_until
                0x0000000010001778       0x20 CMakeFiles/w5x00_dhcp_dns.dir/__/__/libraries/pico-sdk/src/rp2_common/hardware_timer/timer.c.obj
                0x0000000010001778                busy_wait_until
 .text.hardware_alarm_set_callback
                0x0000000010001798       0x8c CMakeFiles/w5x00_dhcp_dns.dir/__/__/libraries/pico-sdk/src/rp2_common/hardware_timer/timer.c.obj
                0x0000000010001798                hardware_alarm_set_callback
 .text.hardware_alarm_set_target
                0x0000000010001824       0xe4 CMakeFiles/w5x00_dhcp_dns.dir/__/__/libraries/pico-sdk/src/rp2_common/hardware_timer/timer.c.obj
                0x0000000010001824                hardware_alarm_set_target
 .text.hardware_alarm_cancel
                0x0000000010001908       0x40 CMakeFiles/w5x00_dhcp_dns.dir/__/__/libraries/pico-sdk/src/rp2_common/hardware_timer/timer.c.obj
                0x0000000010001908                hardware_alarm_cancel
 .text.ph_merge_nodes
                0x0000000010001948       0x68 CMakeFiles/w5x00_dhcp_dns.dir/__/__/libraries/pico-sdk/src/common/pico_util/pheap.c.obj
 .text.ph_post_alloc_init
                0x00000000100019b0       0x3c CMakeFiles/w5x00_dhcp_dns.dir/__/__/libraries/pico-sdk/src/common/pico_util/pheap.c.obj
                0x00000000100019b0                ph_post_alloc_init
 .text.ph_merge_two_pass
                0x00000000100019ec       0x90 CMakeFiles/w5x00_dhcp_dns.dir/__/__/libraries/pico-sdk/src/common/pico_util/pheap.c.obj
                0x00000000100019ec                ph_merge_two_pass
 .text.ph_remove_any_head
                0x0000000010001a7c       0xf8 CMakeFiles/w5x00_dhcp_dns.dir/__/__/libraries/pico-sdk/src/common/pico_util/pheap.c.obj
 .text.ph_remove_head
                0x0000000010001b74      0x13c CMakeFiles/w5x00_dhcp_dns.dir/__/__/libraries/pico-sdk/src/common/pico_util/pheap.c.obj
                0x0000000010001b74                ph_remove_head
 .text.ph_remove_and_free_node
                0x0000000010001cb0       0x7c CMakeFiles/w5x00_dhcp_dns.dir/__/__/libraries/pico-sdk/src/common/pico_util/pheap.c.obj
                0x0000000010001cb0                ph_remove_and_free_node
 .text.mutex_init
                0x0000000010001d2c       0x1c CMakeFiles/w5x00_dhcp_dns.dir/__/__/libraries/pico-sdk/src/common/pico_sync/mutex.c.obj
                0x0000000010001d2c                mutex_init
 .text.recursive_mutex_init
                0x0000000010001d48       0x1c CMakeFiles/w5x00_dhcp_dns.dir/__/__/libraries/pico-sdk/src/common/pico_sync/mutex.c.obj
                0x0000000010001d48                recursive_mutex_init
 .text.critical_section_init
                0x0000000010001d64       0x1c CMakeFiles/w5x00_dhcp_dns.dir/__/__/libraries/pico-sdk/src/common/pico_sync/critical_section.c.obj
                0x0000000010001d64                critical_section_init
 .text.runtime_init
                0x0000000010001d80       0xf0 CMakeFiles/w5x00_dhcp_dns.dir/__/__/libraries/pico-sdk/src/rp2_common/pico_runtime/runtime.c.obj
                0x0000000010001d80                runtime_init
 .text._sbrk    0x0000000010001e70       0x34 CMakeFiles/w5x00_dhcp_dns.dir/__/__/libraries/pico-sdk/src/rp2_common/pico_runtime/runtime.c.obj
                0x0000000010001e70                _sbrk
 .text.exit     0x0000000010001ea4        0x4 CMakeFiles/w5x00_dhcp_dns.dir/__/__/libraries/pico-sdk/src/rp2_common/pico_runtime/runtime.c.obj
                0x0000000010001ea4                exit
 .text.panic    0x0000000010001ea8       0x30 CMakeFiles/w5x00_dhcp_dns.dir/__/__/libraries/pico-sdk/src/rp2_common/pico_runtime/runtime.c.obj
                0x0000000010001ea8                panic
 .text.hard_assertion_failure
                0x0000000010001ed8        0xc CMakeFiles/w5x00_dhcp_dns.dir/__/__/libraries/pico-sdk/src/rp2_common/pico_runtime/runtime.c.obj
                0x0000000010001ed8                hard_assertion_failure
 .text.clock_configure
                0x0000000010001ee4      0x114 CMakeFiles/w5x00_dhcp_dns.dir/__/__/libraries/pico-sdk/src/rp2_common/hardware_clocks/clocks.c.obj
                0x0000000010001ee4                clock_configure
 .text.clocks_init
                0x0000000010001ff8      0x2bc CMakeFiles/w5x00_dhcp_dns.dir/__/__/libraries/pico-sdk/src/rp2_common/hardware_clocks/clocks.c.obj
                0x0000000010001ff8                clocks_init
 .text.clock_get_hz
                0x00000000100022b4        0xc CMakeFiles/w5x00_dhcp_dns.dir/__/__/libraries/pico-sdk/src/rp2_common/hardware_clocks/clocks.c.obj
                0x00000000100022b4                clock_get_hz
 .text.pll_init
                0x00000000100022c0       0xa8 CMakeFiles/w5x00_dhcp_dns.dir/__/__/libraries/pico-sdk/src/rp2_common/hardware_pll/pll.c.obj
                0x00000000100022c0                pll_init
 .text.watchdog_start_tick
                0x0000000010002368       0x10 CMakeFiles/w5x00_dhcp_dns.dir/__/__/libraries/pico-sdk/src/rp2_common/hardware_watchdog/watchdog.c.obj
                0x0000000010002368                watchdog_start_tick
 .text.watchdog_reboot
                0x0000000010002378       0x98 CMakeFiles/w5x00_dhcp_dns.dir/__/__/libraries/pico-sdk/src/rp2_common/hardware_watchdog/watchdog.c.obj
                0x0000000010002378                watchdog_reboot
 .text.xosc_init
                0x0000000010002410       0x28 CMakeFiles/w5x00_dhcp_dns.dir/__/__/libraries/pico-sdk/src/rp2_common/hardware_xosc/xosc.c.obj
                0x0000000010002410                xosc_init
 .text._out_null
                0x0000000010002438        0x4 CMakeFiles/w5x00_dhcp_dns.dir/__/__/libraries/pico-sdk/src/rp2_common/pico_printf/printf.c.obj
 .text._out_rev
                0x000000001000243c       0xd0 CMakeFiles/w5x00_dhcp_dns.dir/__/__/libraries/pico-sdk/src/rp2_common/pico_printf/printf.c.obj
 .text._ntoa_format
                0x000000001000250c      0x1d0 CMakeFiles/w5x00_dhcp_dns.dir/__/__/libraries/pico-sdk/src/rp2_common/pico_printf/printf.c.obj
 .text._out_char
                0x00000000100026dc       0x10 CMakeFiles/w5x00_dhcp_dns.dir/__/__/libraries/pico-sdk/src/rp2_common/pico_printf/printf.c.obj
 .text._out_fct
                0x00000000100026ec       0x10 CMakeFiles/w5x00_dhcp_dns.dir/__/__/libraries/pico-sdk/src/rp2_common/pico_printf/printf.c.obj
 .text._etoa    0x00000000100026fc      0x478 CMakeFiles/w5x00_dhcp_dns.dir/__/__/libraries/pico-sdk/src/rp2_common/pico_printf/printf.c.obj
 .text._ftoa    0x0000000010002b74      0x3e0 CMakeFiles/w5x00_dhcp_dns.dir/__/__/libraries/pico-sdk/src/rp2_common/pico_printf/printf.c.obj
 .text._vsnprintf
                0x0000000010002f54      0xb08 CMakeFiles/w5x00_dhcp_dns.dir/__/__/libraries/pico-sdk/src/rp2_common/pico_printf/printf.c.obj
 .text.vfctprintf
                0x0000000010003a5c       0x20 CMakeFiles/w5x00_dhcp_dns.dir/__/__/libraries/pico-sdk/src/rp2_common/pico_printf/printf.c.obj
                0x0000000010003a5c                vfctprintf
 .text.weak_raw_vprintf
                0x0000000010003a7c       0x30 CMakeFiles/w5x00_dhcp_dns.dir/__/__/libraries/pico-sdk/src/rp2_common/pico_printf/printf.c.obj
                0x0000000010003a7c                weak_raw_vprintf
 .text          0x0000000010003aac       0x10 CMakeFiles/w5x00_dhcp_dns.dir/__/__/libraries/pico-sdk/src/rp2_common/pico_bit_ops/bit_ops_aeabi.S.obj
 .text.rom_func_lookup
                0x0000000010003abc       0x10 CMakeFiles/w5x00_dhcp_dns.dir/__/__/libraries/pico-sdk/src/rp2_common/pico_bootrom/bootrom.c.obj
                0x0000000010003abc                rom_func_lookup
 .text.rom_data_lookup
                0x0000000010003acc       0x10 CMakeFiles/w5x00_dhcp_dns.dir/__/__/libraries/pico-sdk/src/rp2_common/pico_bootrom/bootrom.c.obj
                0x0000000010003acc                rom_data_lookup
 .text.rom_funcs_lookup
                0x0000000010003adc       0x3c CMakeFiles/w5x00_dhcp_dns.dir/__/__/libraries/pico-sdk/src/rp2_common/pico_bootrom/bootrom.c.obj
                0x0000000010003adc                rom_funcs_lookup
 .text.__wrap___aeabi_idiv
                0x0000000010003b18       0x50 CMakeFiles/w5x00_dhcp_dns.dir/__/__/libraries/pico-sdk/src/rp2_common/pico_divider/divider.S.obj
                0x0000000010003b18                __wrap___aeabi_idivmod
                0x0000000010003b18                divmod_s32s32
                0x0000000010003b18                div_s32s32
                0x0000000010003b18                __wrap___aeabi_idiv
                0x0000000010003b20                divmod_s32s32_unsafe
                0x0000000010003b4c                divmod_s32s32_savestate
 .text.__wrap___aeabi_uidiv
                0x0000000010003b68       0x4c CMakeFiles/w5x00_dhcp_dns.dir/__/__/libraries/pico-sdk/src/rp2_common/pico_divider/divider.S.obj
                0x0000000010003b68                __wrap___aeabi_uidiv
                0x0000000010003b68                __wrap___aeabi_uidivmod
                0x0000000010003b68                div_u32u32
                0x0000000010003b68                divmod_u32u32
                0x0000000010003b70                divmod_u32u32_unsafe
                0x0000000010003b98                divmod_u32u32_savestate
 .text.__wrap___aeabi_ldiv
                0x0000000010003bb4      0x434 CMakeFiles/w5x00_dhcp_dns.dir/__/__/libraries/pico-sdk/src/rp2_common/pico_divider/divider.S.obj
                0x0000000010003bb4                div_s64s64
                0x0000000010003bb4                divmod_s64s64
                0x0000000010003bb4                __wrap___aeabi_ldivmod
                0x0000000010003bec                div_u64u64
                0x0000000010003bec                divmod_u64u64
                0x0000000010003bec                __wrap___aeabi_uldivmod
                0x0000000010003bfc                divmod_u64u64_savestate
                0x0000000010003c24                divmod_s64s64_unsafe
                0x0000000010003cac                divmod_u64u64_unsafe
 .text.__wrap___aeabi_darithmetic
                0x0000000010003fe8       0x80 CMakeFiles/w5x00_dhcp_dns.dir/__/__/libraries/pico-sdk/src/rp2_common/pico_double/double_aeabi.S.obj
                0x0000000010003fe8                __wrap___aeabi_drsub
                0x0000000010003fee                __wrap___aeabi_dsub
                0x0000000010004000                __wrap___aeabi_dadd
                0x0000000010004012                __wrap___aeabi_ddiv
                0x000000001000404e                __wrap___aeabi_dmul
 .text.__wrap___aeabi_cdcmple
                0x0000000010004068       0x6c CMakeFiles/w5x00_dhcp_dns.dir/__/__/libraries/pico-sdk/src/rp2_common/pico_double/double_aeabi.S.obj
                0x0000000010004068                __wrap___aeabi_cdrcmple
                0x0000000010004078                __wrap___aeabi_cdcmple
                0x0000000010004078                __wrap___aeabi_cdcmpeq
 .text.__wrap___aeabi_dcmplt
                0x00000000100040d4        0xc CMakeFiles/w5x00_dhcp_dns.dir/__/__/libraries/pico-sdk/src/rp2_common/pico_double/double_aeabi.S.obj
                0x00000000100040d4                __wrap___aeabi_dcmplt
 .text.__wrap___aeabi_dcmple
                0x00000000100040e0       0x10 CMakeFiles/w5x00_dhcp_dns.dir/__/__/libraries/pico-sdk/src/rp2_common/pico_double/double_aeabi.S.obj
                0x00000000100040e0                __wrap___aeabi_dcmple
 .text.__wrap___aeabi_dcmpge
                0x00000000100040f0       0x10 CMakeFiles/w5x00_dhcp_dns.dir/__/__/libraries/pico-sdk/src/rp2_common/pico_double/double_aeabi.S.obj
                0x00000000100040f0                __wrap___aeabi_dcmpge
 .text.__wrap___aeabi_dcmpgt
                0x0000000010004100        0xa CMakeFiles/w5x00_dhcp_dns.dir/__/__/libraries/pico-sdk/src/rp2_common/pico_double/double_aeabi.S.obj
                0x0000000010004100                __wrap___aeabi_dcmpgt
 .text.__wrap___aeabi_dcmpun
                0x000000001000410a       0x1c CMakeFiles/w5x00_dhcp_dns.dir/__/__/libraries/pico-sdk/src/rp2_common/pico_double/double_aeabi.S.obj
                0x000000001000410a                __wrap___aeabi_dcmpun
 *fill*         0x0000000010004126        0x2 
 .text.__wrap___aeabi_i2d
                0x0000000010004128       0x38 CMakeFiles/w5x00_dhcp_dns.dir/__/__/libraries/pico-sdk/src/rp2_common/pico_double/double_aeabi.S.obj
                0x0000000010004128                __wrap___aeabi_ui2d
                0x0000000010004130                __wrap___aeabi_i2d
 .text.__wrap___aeabi_d2iz
                0x0000000010004160       0x48 CMakeFiles/w5x00_dhcp_dns.dir/__/__/libraries/pico-sdk/src/rp2_common/pico_double/double_aeabi.S.obj
                0x0000000010004160                __wrap___aeabi_d2iz
                0x0000000010004160                double2int_z
 .text.__wrap___aeabi_d2uiz
                0x00000000100041a8       0x18 CMakeFiles/w5x00_dhcp_dns.dir/__/__/libraries/pico-sdk/src/rp2_common/pico_double/double_aeabi.S.obj
                0x00000000100041a8                double2uint
                0x00000000100041a8                __wrap___aeabi_d2uiz
 .text.__aeabi_double_init
                0x00000000100041c0       0xc0 CMakeFiles/w5x00_dhcp_dns.dir/__/__/libraries/pico-sdk/src/rp2_common/pico_double/double_init_rom.c.obj
                0x00000000100041c0                __aeabi_double_init
 .text.double_table_shim_on_use_helper
                0x0000000010004280       0x2c CMakeFiles/w5x00_dhcp_dns.dir/__/__/libraries/pico-sdk/src/rp2_common/pico_double/double_v1_rom_shim.S.obj
                0x0000000010004280                double_table_shim_on_use_helper
 .text.__wrap___aeabi_dsub
                0x00000000100042ac       0x10 CMakeFiles/w5x00_dhcp_dns.dir/__/__/libraries/pico-sdk/src/rp2_common/pico_double/double_v1_rom_shim.S.obj
                0x00000000100042ac                drsub_shim
                0x00000000100042b2                dsub_shim
 .text.dadd_shim
                0x00000000100042bc      0x15c CMakeFiles/w5x00_dhcp_dns.dir/__/__/libraries/pico-sdk/src/rp2_common/pico_double/double_v1_rom_shim.S.obj
                0x00000000100042bc                dadd_shim
 .text.dmul_shim
                0x0000000010004418      0x15c CMakeFiles/w5x00_dhcp_dns.dir/__/__/libraries/pico-sdk/src/rp2_common/pico_double/double_v1_rom_shim.S.obj
                0x0000000010004418                dmul_shim
 .text.ddiv_shim
                0x0000000010004574      0x1b0 CMakeFiles/w5x00_dhcp_dns.dir/__/__/libraries/pico-sdk/src/rp2_common/pico_double/double_v1_rom_shim.S.obj
                0x0000000010004574                ddiv_shim
 .text.double2uint_shim
                0x0000000010004724        0xe CMakeFiles/w5x00_dhcp_dns.dir/__/__/libraries/pico-sdk/src/rp2_common/pico_double/double_v1_rom_shim.S.obj
                0x0000000010004724                double2uint_shim
                0x0000000010004726                double2ufix_shim
 *fill*         0x0000000010004732        0x2 
 .text.double2uint64_shim
                0x0000000010004734       0x70 CMakeFiles/w5x00_dhcp_dns.dir/__/__/libraries/pico-sdk/src/rp2_common/pico_double/double_v1_rom_shim.S.obj
                0x0000000010004734                double2uint64_shim
                0x0000000010004736                double2ufix64_shim
                0x0000000010004756                d2fix_a
 .text.dunpacks
                0x00000000100047a4       0x3c CMakeFiles/w5x00_dhcp_dns.dir/__/__/libraries/pico-sdk/src/rp2_common/pico_double/double_v1_rom_shim.S.obj
                0x00000000100047a4                dunpacks
 .text.__aeabi_lmul
                0x00000000100047e0       0x32 CMakeFiles/w5x00_dhcp_dns.dir/__/__/libraries/pico-sdk/src/rp2_common/pico_int64_ops/pico_int64_ops_aeabi.S.obj
                0x00000000100047e0                __wrap___aeabi_lmul
 *fill*         0x0000000010004812        0x2 
 .text.__aeabi_float_init
                0x0000000010004814       0x64 CMakeFiles/w5x00_dhcp_dns.dir/__/__/libraries/pico-sdk/src/rp2_common/pico_float/float_init_rom.c.obj
                0x0000000010004814                __aeabi_float_init
 .text.float_table_shim_on_use_helper
                0x0000000010004878       0x2c CMakeFiles/w5x00_dhcp_dns.dir/__/__/libraries/pico-sdk/src/rp2_common/pico_float/float_v1_rom_shim.S.obj
                0x0000000010004878                float_table_shim_on_use_helper
 .text.__wrap_malloc
                0x00000000100048a4       0x24 CMakeFiles/w5x00_dhcp_dns.dir/__/__/libraries/pico-sdk/src/rp2_common/pico_malloc/pico_malloc.c.obj
                0x00000000100048a4                __wrap_malloc
 .text.__wrap_free
                0x00000000100048c8        0x8 CMakeFiles/w5x00_dhcp_dns.dir/__/__/libraries/pico-sdk/src/rp2_common/pico_malloc/pico_malloc.c.obj
                0x00000000100048c8                __wrap_free
 .text          0x00000000100048d0       0x10 CMakeFiles/w5x00_dhcp_dns.dir/__/__/libraries/pico-sdk/src/rp2_common/pico_mem_ops/mem_ops_aeabi.S.obj
                0x00000000100048d0                __aeabi_mem_init
 .text.memset   0x00000000100048e0        0xc CMakeFiles/w5x00_dhcp_dns.dir/__/__/libraries/pico-sdk/src/rp2_common/pico_mem_ops/mem_ops_aeabi.S.obj
                0x00000000100048e0                __wrap_memset
 .text.memcpy   0x00000000100048ec        0xc CMakeFiles/w5x00_dhcp_dns.dir/__/__/libraries/pico-sdk/src/rp2_common/pico_mem_ops/mem_ops_aeabi.S.obj
                0x00000000100048ec                __wrap___aeabi_memcpy
                0x00000000100048ec                __wrap_memcpy
 .text.stdio_out_chars_no_crlf
                0x00000000100048f8       0x10 CMakeFiles/w5x00_dhcp_dns.dir/__/__/libraries/pico-sdk/src/rp2_common/pico_stdio/stdio.c.obj
 .text.stdio_out_chars_crlf
                0x0000000010004908       0x94 CMakeFiles/w5x00_dhcp_dns.dir/__/__/libraries/pico-sdk/src/rp2_common/pico_stdio/stdio.c.obj
 .text.stdio_buffered_printer
                0x000000001000499c       0x64 CMakeFiles/w5x00_dhcp_dns.dir/__/__/libraries/pico-sdk/src/rp2_common/pico_stdio/stdio.c.obj
 .text.stdio_put_string
                0x0000000010004a00      0x100 CMakeFiles/w5x00_dhcp_dns.dir/__/__/libraries/pico-sdk/src/rp2_common/pico_stdio/stdio.c.obj
 .text.__wrap_putchar
                0x0000000010004b00       0xa4 CMakeFiles/w5x00_dhcp_dns.dir/__/__/libraries/pico-sdk/src/rp2_common/pico_stdio/stdio.c.obj
                0x0000000010004b00                __wrap_putchar
 .text.__wrap_puts
                0x0000000010004ba4       0x3c CMakeFiles/w5x00_dhcp_dns.dir/__/__/libraries/pico-sdk/src/rp2_common/pico_stdio/stdio.c.obj
                0x0000000010004ba4                __wrap_puts
 .text.stdio_set_driver_enabled
                0x0000000010004be0       0x30 CMakeFiles/w5x00_dhcp_dns.dir/__/__/libraries/pico-sdk/src/rp2_common/pico_stdio/stdio.c.obj
                0x0000000010004be0                stdio_set_driver_enabled
 .text.__wrap_vprintf
                0x0000000010004c10       0xd8 CMakeFiles/w5x00_dhcp_dns.dir/__/__/libraries/pico-sdk/src/rp2_common/pico_stdio/stdio.c.obj
                0x0000000010004c10                __wrap_vprintf
 .text.__wrap_printf
                0x0000000010004ce8       0x18 CMakeFiles/w5x00_dhcp_dns.dir/__/__/libraries/pico-sdk/src/rp2_common/pico_stdio/stdio.c.obj
                0x0000000010004ce8                __wrap_printf
 .text.stdio_init_all
                0x0000000010004d00        0x8 CMakeFiles/w5x00_dhcp_dns.dir/__/__/libraries/pico-sdk/src/rp2_common/pico_stdio/stdio.c.obj
                0x0000000010004d00                stdio_init_all
 .text.resetd_init
                0x0000000010004d08        0x4 CMakeFiles/w5x00_dhcp_dns.dir/__/__/libraries/pico-sdk/src/rp2_common/pico_stdio_usb/reset_interface.c.obj
 .text.resetd_reset
                0x0000000010004d0c        0xc CMakeFiles/w5x00_dhcp_dns.dir/__/__/libraries/pico-sdk/src/rp2_common/pico_stdio_usb/reset_interface.c.obj
 .text.resetd_open
                0x0000000010004d18       0x28 CMakeFiles/w5x00_dhcp_dns.dir/__/__/libraries/pico-sdk/src/rp2_common/pico_stdio_usb/reset_interface.c.obj
 .text.resetd_xfer_cb
                0x0000000010004d40        0x4 CMakeFiles/w5x00_dhcp_dns.dir/__/__/libraries/pico-sdk/src/rp2_common/pico_stdio_usb/reset_interface.c.obj
 .text.resetd_control_xfer_cb
                0x0000000010004d44       0x64 CMakeFiles/w5x00_dhcp_dns.dir/__/__/libraries/pico-sdk/src/rp2_common/pico_stdio_usb/reset_interface.c.obj
 .text.usbd_app_driver_get_cb
                0x0000000010004da8        0xc CMakeFiles/w5x00_dhcp_dns.dir/__/__/libraries/pico-sdk/src/rp2_common/pico_stdio_usb/reset_interface.c.obj
                0x0000000010004da8                usbd_app_driver_get_cb
 .text.tud_cdc_line_coding_cb
                0x0000000010004db4       0x34 CMakeFiles/w5x00_dhcp_dns.dir/__/__/libraries/pico-sdk/src/rp2_common/pico_stdio_usb/reset_interface.c.obj
                0x0000000010004db4                tud_cdc_line_coding_cb
 .text.stdio_usb_in_chars
                0x0000000010004de8       0x68 CMakeFiles/w5x00_dhcp_dns.dir/__/__/libraries/pico-sdk/src/rp2_common/pico_stdio_usb/stdio_usb.c.obj
                0x0000000010004de8                stdio_usb_in_chars
 .text.stdio_usb_out_chars
                0x0000000010004e50       0xec CMakeFiles/w5x00_dhcp_dns.dir/__/__/libraries/pico-sdk/src/rp2_common/pico_stdio_usb/stdio_usb.c.obj
 .text.timer_task
                0x0000000010004f3c       0x18 CMakeFiles/w5x00_dhcp_dns.dir/__/__/libraries/pico-sdk/src/rp2_common/pico_stdio_usb/stdio_usb.c.obj
 .text.usb_irq  0x0000000010004f54       0x10 CMakeFiles/w5x00_dhcp_dns.dir/__/__/libraries/pico-sdk/src/rp2_common/pico_stdio_usb/stdio_usb.c.obj
 .text.low_priority_worker_irq
                0x0000000010004f64       0x24 CMakeFiles/w5x00_dhcp_dns.dir/__/__/libraries/pico-sdk/src/rp2_common/pico_stdio_usb/stdio_usb.c.obj
 .text.stdio_usb_init
                0x0000000010004f88       0xb0 CMakeFiles/w5x00_dhcp_dns.dir/__/__/libraries/pico-sdk/src/rp2_common/pico_stdio_usb/stdio_usb.c.obj
                0x0000000010004f88                stdio_usb_init
 .text.tud_descriptor_device_cb
                0x0000000010005038        0x8 CMakeFiles/w5x00_dhcp_dns.dir/__/__/libraries/pico-sdk/src/rp2_common/pico_stdio_usb/stdio_usb_descriptors.c.obj
                0x0000000010005038                tud_descriptor_device_cb
 .text.tud_descriptor_configuration_cb
                0x0000000010005040        0x8 CMakeFiles/w5x00_dhcp_dns.dir/__/__/libraries/pico-sdk/src/rp2_common/pico_stdio_usb/stdio_usb_descriptors.c.obj
                0x0000000010005040                tud_descriptor_configuration_cb
 .text.tud_descriptor_string_cb
                0x0000000010005048       0x70 CMakeFiles/w5x00_dhcp_dns.dir/__/__/libraries/pico-sdk/src/rp2_common/pico_stdio_usb/stdio_usb_descriptors.c.obj
                0x0000000010005048                tud_descriptor_string_cb
 .text.dcd_rp2040_irq
                0x00000000100050b8      0x21c CMakeFiles/w5x00_dhcp_dns.dir/__/__/libraries/pico-sdk/lib/tinyusb/src/portable/raspberrypi/rp2040/dcd_rp2040.c.obj
 .text.dcd_int_enable
                0x00000000100052d4        0xc CMakeFiles/w5x00_dhcp_dns.dir/__/__/libraries/pico-sdk/lib/tinyusb/src/portable/raspberrypi/rp2040/dcd_rp2040.c.obj
                0x00000000100052d4                dcd_int_enable
 .text.dcd_set_address
                0x00000000100052e0       0x14 CMakeFiles/w5x00_dhcp_dns.dir/__/__/libraries/pico-sdk/lib/tinyusb/src/portable/raspberrypi/rp2040/dcd_rp2040.c.obj
                0x00000000100052e0                dcd_set_address
 .text.dcd_connect
                0x00000000100052f4       0x10 CMakeFiles/w5x00_dhcp_dns.dir/__/__/libraries/pico-sdk/lib/tinyusb/src/portable/raspberrypi/rp2040/dcd_rp2040.c.obj
                0x00000000100052f4                dcd_connect
 .text.dcd_init
                0x0000000010005304      0x148 CMakeFiles/w5x00_dhcp_dns.dir/__/__/libraries/pico-sdk/lib/tinyusb/src/portable/raspberrypi/rp2040/dcd_rp2040.c.obj
                0x0000000010005304                dcd_init
 .text.dcd_edpt0_status_complete
                0x000000001000544c       0x1c CMakeFiles/w5x00_dhcp_dns.dir/__/__/libraries/pico-sdk/lib/tinyusb/src/portable/raspberrypi/rp2040/dcd_rp2040.c.obj
                0x000000001000544c                dcd_edpt0_status_complete
 .text.dcd_edpt_open
                0x0000000010005468       0xf0 CMakeFiles/w5x00_dhcp_dns.dir/__/__/libraries/pico-sdk/lib/tinyusb/src/portable/raspberrypi/rp2040/dcd_rp2040.c.obj
                0x0000000010005468                dcd_edpt_open
 .text.dcd_edpt_close_all
                0x0000000010005558       0xbc CMakeFiles/w5x00_dhcp_dns.dir/__/__/libraries/pico-sdk/lib/tinyusb/src/portable/raspberrypi/rp2040/dcd_rp2040.c.obj
                0x0000000010005558                dcd_edpt_close_all
 .text.dcd_edpt_xfer
                0x0000000010005614       0x24 CMakeFiles/w5x00_dhcp_dns.dir/__/__/libraries/pico-sdk/lib/tinyusb/src/portable/raspberrypi/rp2040/dcd_rp2040.c.obj
                0x0000000010005614                dcd_edpt_xfer
 .text.dcd_edpt_stall
                0x0000000010005638       0x38 CMakeFiles/w5x00_dhcp_dns.dir/__/__/libraries/pico-sdk/lib/tinyusb/src/portable/raspberrypi/rp2040/dcd_rp2040.c.obj
                0x0000000010005638                dcd_edpt_stall
 .text.dcd_edpt_clear_stall
                0x0000000010005670       0x30 CMakeFiles/w5x00_dhcp_dns.dir/__/__/libraries/pico-sdk/lib/tinyusb/src/portable/raspberrypi/rp2040/dcd_rp2040.c.obj
                0x0000000010005670                dcd_edpt_clear_stall
 .text._hw_endpoint_buffer_control_update32.part.0
                0x00000000100056a0       0x20 CMakeFiles/w5x00_dhcp_dns.dir/__/__/libraries/pico-sdk/lib/tinyusb/src/portable/raspberrypi/rp2040/rp2040_usb.c.obj
 .text.rp2040_usb_init
                0x00000000100056c0       0x4c CMakeFiles/w5x00_dhcp_dns.dir/__/__/libraries/pico-sdk/lib/tinyusb/src/portable/raspberrypi/rp2040/rp2040_usb.c.obj
                0x00000000100056c0                rp2040_usb_init
 .text.hw_endpoint_reset_transfer
                0x000000001000570c        0xc CMakeFiles/w5x00_dhcp_dns.dir/__/__/libraries/pico-sdk/lib/tinyusb/src/portable/raspberrypi/rp2040/rp2040_usb.c.obj
                0x000000001000570c                hw_endpoint_reset_transfer
 .text._hw_endpoint_buffer_control_update32
                0x0000000010005718       0x40 CMakeFiles/w5x00_dhcp_dns.dir/__/__/libraries/pico-sdk/lib/tinyusb/src/portable/raspberrypi/rp2040/rp2040_usb.c.obj
                0x0000000010005718                _hw_endpoint_buffer_control_update32
 .text.hw_endpoint_xfer_start
                0x0000000010005758      0x138 CMakeFiles/w5x00_dhcp_dns.dir/__/__/libraries/pico-sdk/lib/tinyusb/src/portable/raspberrypi/rp2040/rp2040_usb.c.obj
                0x0000000010005758                hw_endpoint_xfer_start
 .text.hw_endpoint_xfer_continue
                0x0000000010005890      0x1e4 CMakeFiles/w5x00_dhcp_dns.dir/__/__/libraries/pico-sdk/lib/tinyusb/src/portable/raspberrypi/rp2040/rp2040_usb.c.obj
                0x0000000010005890                hw_endpoint_xfer_continue
 .text.tud_mounted
                0x0000000010005a74       0x10 CMakeFiles/w5x00_dhcp_dns.dir/__/__/libraries/pico-sdk/lib/tinyusb/src/device/usbd.c.obj
                0x0000000010005a74                tud_mounted
 .text.tud_suspended
                0x0000000010005a84       0x10 CMakeFiles/w5x00_dhcp_dns.dir/__/__/libraries/pico-sdk/lib/tinyusb/src/device/usbd.c.obj
                0x0000000010005a84                tud_suspended
 .text.tud_inited
                0x0000000010005a94        0xc CMakeFiles/w5x00_dhcp_dns.dir/__/__/libraries/pico-sdk/lib/tinyusb/src/device/usbd.c.obj
                0x0000000010005a94                tud_inited
 .text.tud_init
                0x0000000010005aa0       0xd8 CMakeFiles/w5x00_dhcp_dns.dir/__/__/libraries/pico-sdk/lib/tinyusb/src/device/usbd.c.obj
                0x0000000010005aa0                tud_init
 .text.tud_task
                0x0000000010005b78      0x8ec CMakeFiles/w5x00_dhcp_dns.dir/__/__/libraries/pico-sdk/lib/tinyusb/src/device/usbd.c.obj
                0x0000000010005b78                tud_task
 .text.dcd_event_bus_signal
                0x0000000010006464      0x120 CMakeFiles/w5x00_dhcp_dns.dir/__/__/libraries/pico-sdk/lib/tinyusb/src/device/usbd.c.obj
                0x0000000010006464                dcd_event_bus_signal
 .text.dcd_event_bus_reset
                0x0000000010006584       0x54 CMakeFiles/w5x00_dhcp_dns.dir/__/__/libraries/pico-sdk/lib/tinyusb/src/device/usbd.c.obj
                0x0000000010006584                dcd_event_bus_reset
 .text.dcd_event_setup_received
                0x00000000100065d8       0x50 CMakeFiles/w5x00_dhcp_dns.dir/__/__/libraries/pico-sdk/lib/tinyusb/src/device/usbd.c.obj
                0x00000000100065d8                dcd_event_setup_received
 .text.dcd_event_xfer_complete
                0x0000000010006628       0x68 CMakeFiles/w5x00_dhcp_dns.dir/__/__/libraries/pico-sdk/lib/tinyusb/src/device/usbd.c.obj
                0x0000000010006628                dcd_event_xfer_complete
 .text.usbd_open_edpt_pair
                0x0000000010006690       0x80 CMakeFiles/w5x00_dhcp_dns.dir/__/__/libraries/pico-sdk/lib/tinyusb/src/device/usbd.c.obj
                0x0000000010006690                usbd_open_edpt_pair
 .text.usbd_edpt_open
                0x0000000010006710       0x30 CMakeFiles/w5x00_dhcp_dns.dir/__/__/libraries/pico-sdk/lib/tinyusb/src/device/usbd.c.obj
                0x0000000010006710                usbd_edpt_open
 .text.usbd_edpt_claim
                0x0000000010006740       0x64 CMakeFiles/w5x00_dhcp_dns.dir/__/__/libraries/pico-sdk/lib/tinyusb/src/device/usbd.c.obj
                0x0000000010006740                usbd_edpt_claim
 .text.usbd_edpt_release
                0x00000000100067a4       0x4c CMakeFiles/w5x00_dhcp_dns.dir/__/__/libraries/pico-sdk/lib/tinyusb/src/device/usbd.c.obj
                0x00000000100067a4                usbd_edpt_release
 .text.usbd_edpt_xfer
                0x00000000100067f0       0x48 CMakeFiles/w5x00_dhcp_dns.dir/__/__/libraries/pico-sdk/lib/tinyusb/src/device/usbd.c.obj
                0x00000000100067f0                usbd_edpt_xfer
 .text.tud_control_status
                0x0000000010006838       0x30 CMakeFiles/w5x00_dhcp_dns.dir/__/__/libraries/pico-sdk/lib/tinyusb/src/device/usbd_control.c.obj
                0x0000000010006838                tud_control_status
 .text.tud_control_xfer
                0x0000000010006868       0xb8 CMakeFiles/w5x00_dhcp_dns.dir/__/__/libraries/pico-sdk/lib/tinyusb/src/device/usbd_control.c.obj
                0x0000000010006868                tud_control_xfer
 .text.usbd_control_reset
                0x0000000010006920       0x14 CMakeFiles/w5x00_dhcp_dns.dir/__/__/libraries/pico-sdk/lib/tinyusb/src/device/usbd_control.c.obj
                0x0000000010006920                usbd_control_reset
 .text.usbd_control_set_complete_callback
                0x0000000010006934        0xc CMakeFiles/w5x00_dhcp_dns.dir/__/__/libraries/pico-sdk/lib/tinyusb/src/device/usbd_control.c.obj
                0x0000000010006934                usbd_control_set_complete_callback
 .text.usbd_control_set_request
                0x0000000010006940       0x1c CMakeFiles/w5x00_dhcp_dns.dir/__/__/libraries/pico-sdk/lib/tinyusb/src/device/usbd_control.c.obj
                0x0000000010006940                usbd_control_set_request
 .text.usbd_control_xfer_cb
                0x000000001000695c       0xf8 CMakeFiles/w5x00_dhcp_dns.dir/__/__/libraries/pico-sdk/lib/tinyusb/src/device/usbd_control.c.obj
                0x000000001000695c                usbd_control_xfer_cb
 .text.tud_cdc_n_connected
                0x0000000010006a54       0x30 CMakeFiles/w5x00_dhcp_dns.dir/__/__/libraries/pico-sdk/lib/tinyusb/src/class/cdc/cdc_device.c.obj
                0x0000000010006a54                tud_cdc_n_connected
 .text.tud_cdc_n_available
                0x0000000010006a84       0x18 CMakeFiles/w5x00_dhcp_dns.dir/__/__/libraries/pico-sdk/lib/tinyusb/src/class/cdc/cdc_device.c.obj
                0x0000000010006a84                tud_cdc_n_available
 .text.tud_cdc_n_read
                0x0000000010006a9c       0x70 CMakeFiles/w5x00_dhcp_dns.dir/__/__/libraries/pico-sdk/lib/tinyusb/src/class/cdc/cdc_device.c.obj
                0x0000000010006a9c                tud_cdc_n_read
 .text.tud_cdc_n_write_flush
                0x0000000010006b0c       0x78 CMakeFiles/w5x00_dhcp_dns.dir/__/__/libraries/pico-sdk/lib/tinyusb/src/class/cdc/cdc_device.c.obj
                0x0000000010006b0c                tud_cdc_n_write_flush
 .text.tud_cdc_n_write
                0x0000000010006b84       0x34 CMakeFiles/w5x00_dhcp_dns.dir/__/__/libraries/pico-sdk/lib/tinyusb/src/class/cdc/cdc_device.c.obj
                0x0000000010006b84                tud_cdc_n_write
 .text.tud_cdc_n_write_available
                0x0000000010006bb8       0x18 CMakeFiles/w5x00_dhcp_dns.dir/__/__/libraries/pico-sdk/lib/tinyusb/src/class/cdc/cdc_device.c.obj
                0x0000000010006bb8                tud_cdc_n_write_available
 .text.cdcd_init
                0x0000000010006bd0       0x7c CMakeFiles/w5x00_dhcp_dns.dir/__/__/libraries/pico-sdk/lib/tinyusb/src/class/cdc/cdc_device.c.obj
                0x0000000010006bd0                cdcd_init
 .text.cdcd_reset
                0x0000000010006c4c       0x2c CMakeFiles/w5x00_dhcp_dns.dir/__/__/libraries/pico-sdk/lib/tinyusb/src/class/cdc/cdc_device.c.obj
                0x0000000010006c4c                cdcd_reset
 .text.cdcd_open
                0x0000000010006c78       0xe4 CMakeFiles/w5x00_dhcp_dns.dir/__/__/libraries/pico-sdk/lib/tinyusb/src/class/cdc/cdc_device.c.obj
                0x0000000010006c78                cdcd_open
 .text.cdcd_control_xfer_cb
                0x0000000010006d5c       0xe4 CMakeFiles/w5x00_dhcp_dns.dir/__/__/libraries/pico-sdk/lib/tinyusb/src/class/cdc/cdc_device.c.obj
                0x0000000010006d5c                cdcd_control_xfer_cb
 .text.cdcd_xfer_cb
                0x0000000010006e40      0x198 CMakeFiles/w5x00_dhcp_dns.dir/__/__/libraries/pico-sdk/lib/tinyusb/src/class/cdc/cdc_device.c.obj
                0x0000000010006e40                cdcd_xfer_cb
 .text.tusb_init
                0x0000000010006fd8        0xc CMakeFiles/w5x00_dhcp_dns.dir/__/__/libraries/pico-sdk/lib/tinyusb/src/tusb.c.obj
                0x0000000010006fd8                tusb_init
 .text.tusb_inited
                0x0000000010006fe4        0x8 CMakeFiles/w5x00_dhcp_dns.dir/__/__/libraries/pico-sdk/lib/tinyusb/src/tusb.c.obj
                0x0000000010006fe4                tusb_inited
 .text.tu_edpt_validate
                0x0000000010006fec       0x78 CMakeFiles/w5x00_dhcp_dns.dir/__/__/libraries/pico-sdk/lib/tinyusb/src/tusb.c.obj
                0x0000000010006fec                tu_edpt_validate
 .text.tu_edpt_bind_driver
                0x0000000010007064       0x2c CMakeFiles/w5x00_dhcp_dns.dir/__/__/libraries/pico-sdk/lib/tinyusb/src/tusb.c.obj
                0x0000000010007064                tu_edpt_bind_driver
 .text.tu_fifo_config
                0x0000000010007090       0x78 CMakeFiles/w5x00_dhcp_dns.dir/__/__/libraries/pico-sdk/lib/tinyusb/src/common/tusb_fifo.c.obj
                0x0000000010007090                tu_fifo_config
 .text.tu_fifo_count
                0x0000000010007108       0x20 CMakeFiles/w5x00_dhcp_dns.dir/__/__/libraries/pico-sdk/lib/tinyusb/src/common/tusb_fifo.c.obj
                0x0000000010007108                tu_fifo_count
 .text.tu_fifo_empty
                0x0000000010007128       0x10 CMakeFiles/w5x00_dhcp_dns.dir/__/__/libraries/pico-sdk/lib/tinyusb/src/common/tusb_fifo.c.obj
                0x0000000010007128                tu_fifo_empty
 .text.tu_fifo_remaining
                0x0000000010007138       0x1c CMakeFiles/w5x00_dhcp_dns.dir/__/__/libraries/pico-sdk/lib/tinyusb/src/common/tusb_fifo.c.obj
                0x0000000010007138                tu_fifo_remaining
 .text.tu_fifo_read
                0x0000000010007154       0x9c CMakeFiles/w5x00_dhcp_dns.dir/__/__/libraries/pico-sdk/lib/tinyusb/src/common/tusb_fifo.c.obj
                0x0000000010007154                tu_fifo_read
 .text.tu_fifo_read_n
                0x00000000100071f0      0x100 CMakeFiles/w5x00_dhcp_dns.dir/__/__/libraries/pico-sdk/lib/tinyusb/src/common/tusb_fifo.c.obj
                0x00000000100071f0                tu_fifo_read_n
 .text.tu_fifo_write
                0x00000000100072f0       0x7c CMakeFiles/w5x00_dhcp_dns.dir/__/__/libraries/pico-sdk/lib/tinyusb/src/common/tusb_fifo.c.obj
                0x00000000100072f0                tu_fifo_write
 .text.tu_fifo_write_n
                0x000000001000736c       0xf8 CMakeFiles/w5x00_dhcp_dns.dir/__/__/libraries/pico-sdk/lib/tinyusb/src/common/tusb_fifo.c.obj
                0x000000001000736c                tu_fifo_write_n
 .text.tu_fifo_clear
                0x0000000010007464       0x4c CMakeFiles/w5x00_dhcp_dns.dir/__/__/libraries/pico-sdk/lib/tinyusb/src/common/tusb_fifo.c.obj
                0x0000000010007464                tu_fifo_clear
 .text.tu_fifo_set_overwritable
                0x00000000100074b0       0x3c CMakeFiles/w5x00_dhcp_dns.dir/__/__/libraries/pico-sdk/lib/tinyusb/src/common/tusb_fifo.c.obj
                0x00000000100074b0                tu_fifo_set_overwritable
 .text.startup._retrieve_unique_id_on_boot
                0x00000000100074ec       0x10 CMakeFiles/w5x00_dhcp_dns.dir/__/__/libraries/pico-sdk/src/rp2_common/pico_unique_id/unique_id.c.obj
 .text.pico_get_unique_board_id_string
                0x00000000100074fc      0x1bc CMakeFiles/w5x00_dhcp_dns.dir/__/__/libraries/pico-sdk/src/rp2_common/pico_unique_id/unique_id.c.obj
                0x00000000100074fc                pico_get_unique_board_id_string
 .text.flash_get_unique_id
                0x00000000100076b8       0x40 CMakeFiles/w5x00_dhcp_dns.dir/__/__/libraries/pico-sdk/src/rp2_common/hardware_flash/flash.c.obj
                0x00000000100076b8                flash_get_unique_id
 .text.spi_init
                0x00000000100076f8       0xf4 CMakeFiles/w5x00_dhcp_dns.dir/__/__/libraries/pico-sdk/src/rp2_common/hardware_spi/spi.c.obj
                0x00000000100076f8                spi_init
 .text.socket   0x00000000100077ec      0x1bc CMakeFiles/w5x00_dhcp_dns.dir/__/__/libraries/ioLibrary_Driver/Ethernet/socket.c.obj
                0x00000000100077ec                socket
 .text.getsockopt
                0x00000000100079a8      0x114 CMakeFiles/w5x00_dhcp_dns.dir/__/__/libraries/ioLibrary_Driver/Ethernet/socket.c.obj
                0x00000000100079a8                getsockopt
 .text.wizchip_cris_enter
                0x0000000010007abc        0x4 CMakeFiles/w5x00_dhcp_dns.dir/__/__/libraries/ioLibrary_Driver/Ethernet/wizchip_conf.c.obj
                0x0000000010007abc                wizchip_cris_enter
 .text.wizchip_bus_readdata
                0x0000000010007ac0        0x8 CMakeFiles/w5x00_dhcp_dns.dir/__/__/libraries/ioLibrary_Driver/Ethernet/wizchip_conf.c.obj
                0x0000000010007ac0                wizchip_bus_readdata
 .text.wizchip_bus_writedata
                0x0000000010007ac8        0x4 CMakeFiles/w5x00_dhcp_dns.dir/__/__/libraries/ioLibrary_Driver/Ethernet/wizchip_conf.c.obj
                0x0000000010007ac8                wizchip_bus_writedata
 .text.wizchip_spi_readbyte
                0x0000000010007acc        0x4 CMakeFiles/w5x00_dhcp_dns.dir/__/__/libraries/ioLibrary_Driver/Ethernet/wizchip_conf.c.obj
                0x0000000010007acc                wizchip_spi_readbyte
 .text.wizchip_spi_writebyte
                0x0000000010007ad0        0x4 CMakeFiles/w5x00_dhcp_dns.dir/__/__/libraries/ioLibrary_Driver/Ethernet/wizchip_conf.c.obj
                0x0000000010007ad0                wizchip_spi_writebyte
 .text.wizchip_cris_exit
                0x0000000010007ad4        0x4 CMakeFiles/w5x00_dhcp_dns.dir/__/__/libraries/ioLibrary_Driver/Ethernet/wizchip_conf.c.obj
                0x0000000010007ad4                wizchip_cris_exit
 .text.wizchip_cs_select
                0x0000000010007ad8        0x4 CMakeFiles/w5x00_dhcp_dns.dir/__/__/libraries/ioLibrary_Driver/Ethernet/wizchip_conf.c.obj
                0x0000000010007ad8                wizchip_cs_select
 .text.wizchip_cs_deselect
                0x0000000010007adc        0x4 CMakeFiles/w5x00_dhcp_dns.dir/__/__/libraries/ioLibrary_Driver/Ethernet/wizchip_conf.c.obj
                0x0000000010007adc                wizchip_cs_deselect
 .text.reg_wizchip_cris_cbfunc
                0x0000000010007ae0       0x24 CMakeFiles/w5x00_dhcp_dns.dir/__/__/libraries/ioLibrary_Driver/Ethernet/wizchip_conf.c.obj
                0x0000000010007ae0                reg_wizchip_cris_cbfunc
 .text.reg_wizchip_cs_cbfunc
                0x0000000010007b04       0x24 CMakeFiles/w5x00_dhcp_dns.dir/__/__/libraries/ioLibrary_Driver/Ethernet/wizchip_conf.c.obj
                0x0000000010007b04                reg_wizchip_cs_cbfunc
 .text.reg_wizchip_spi_cbfunc
                0x0000000010007b28       0x2c CMakeFiles/w5x00_dhcp_dns.dir/__/__/libraries/ioLibrary_Driver/Ethernet/wizchip_conf.c.obj
                0x0000000010007b28                reg_wizchip_spi_cbfunc
 .text.wizchip_sw_reset
                0x0000000010007b54       0x68 CMakeFiles/w5x00_dhcp_dns.dir/__/__/libraries/ioLibrary_Driver/Ethernet/wizchip_conf.c.obj
                0x0000000010007b54                wizchip_sw_reset
 .text.wizchip_init
                0x0000000010007bbc      0x124 CMakeFiles/w5x00_dhcp_dns.dir/__/__/libraries/ioLibrary_Driver/Ethernet/wizchip_conf.c.obj
                0x0000000010007bbc                wizchip_init
 .text.ctlwizchip
                0x0000000010007ce0      0x1ac CMakeFiles/w5x00_dhcp_dns.dir/__/__/libraries/ioLibrary_Driver/Ethernet/wizchip_conf.c.obj
                0x0000000010007ce0                ctlwizchip
 .text.WIZCHIP_READ.constprop.0
                0x0000000010007e8c       0x58 CMakeFiles/w5x00_dhcp_dns.dir/__/__/libraries/ioLibrary_Driver/Ethernet/W5100S/w5100s.c.obj
 .text.WIZCHIP_WRITE
                0x0000000010007ee4       0x58 CMakeFiles/w5x00_dhcp_dns.dir/__/__/libraries/ioLibrary_Driver/Ethernet/W5100S/w5100s.c.obj
                0x0000000010007ee4                WIZCHIP_WRITE
 .text.WIZCHIP_READ
                0x0000000010007f3c       0x5c CMakeFiles/w5x00_dhcp_dns.dir/__/__/libraries/ioLibrary_Driver/Ethernet/W5100S/w5100s.c.obj
                0x0000000010007f3c                WIZCHIP_READ
 .text.WIZCHIP_WRITE_BUF
                0x0000000010007f98       0x70 CMakeFiles/w5x00_dhcp_dns.dir/__/__/libraries/ioLibrary_Driver/Ethernet/W5100S/w5100s.c.obj
                0x0000000010007f98                WIZCHIP_WRITE_BUF
 .text.WIZCHIP_READ_BUF
                0x0000000010008008       0x88 CMakeFiles/w5x00_dhcp_dns.dir/__/__/libraries/ioLibrary_Driver/Ethernet/W5100S/w5100s.c.obj
                0x0000000010008008                WIZCHIP_READ_BUF
 .text.getSn_TX_FSR
                0x0000000010008090       0x48 CMakeFiles/w5x00_dhcp_dns.dir/__/__/libraries/ioLibrary_Driver/Ethernet/W5100S/w5100s.c.obj
                0x0000000010008090                getSn_TX_FSR
 .text.getSn_RX_RSR
                0x00000000100080d8       0x48 CMakeFiles/w5x00_dhcp_dns.dir/__/__/libraries/ioLibrary_Driver/Ethernet/W5100S/w5100s.c.obj
                0x00000000100080d8                getSn_RX_RSR
 .text.wiz_send_data
                0x0000000010008120      0x180 CMakeFiles/w5x00_dhcp_dns.dir/__/__/libraries/ioLibrary_Driver/Ethernet/W5100S/w5100s.c.obj
                0x0000000010008120                wiz_send_data
 .text.wiz_recv_data
                0x00000000100082a0      0x180 CMakeFiles/w5x00_dhcp_dns.dir/__/__/libraries/ioLibrary_Driver/Ethernet/W5100S/w5100s.c.obj
                0x00000000100082a0                wiz_recv_data
 .text.wiz_recv_ignore
                0x0000000010008420       0x38 CMakeFiles/w5x00_dhcp_dns.dir/__/__/libraries/ioLibrary_Driver/Ethernet/W5100S/w5100s.c.obj
                0x0000000010008420                wiz_recv_ignore
 .text.wiz_mdio_write
                0x0000000010008458       0x30 CMakeFiles/w5x00_dhcp_dns.dir/__/__/libraries/ioLibrary_Driver/Ethernet/W5100S/w5100s.c.obj
                0x0000000010008458                wiz_mdio_write
 .text.wiz_mdio_read
                0x0000000010008488       0x30 CMakeFiles/w5x00_dhcp_dns.dir/__/__/libraries/ioLibrary_Driver/Ethernet/W5100S/w5100s.c.obj
                0x0000000010008488                wiz_mdio_read
 .text.wizchip_select
                0x00000000100084b8        0xc CMakeFiles/w5x00_dhcp_dns.dir/__/__/port/ioLibrary_Driver/src/w5x00_spi.c.obj
 .text.wizchip_deselect
                0x00000000100084c4        0xc CMakeFiles/w5x00_dhcp_dns.dir/__/__/port/ioLibrary_Driver/src/w5x00_spi.c.obj
 .text.wizchip_critical_section_unlock
                0x00000000100084d0       0x18 CMakeFiles/w5x00_dhcp_dns.dir/__/__/port/ioLibrary_Driver/src/w5x00_spi.c.obj
 .text.wizchip_critical_section_lock
                0x00000000100084e8       0x1c CMakeFiles/w5x00_dhcp_dns.dir/__/__/port/ioLibrary_Driver/src/w5x00_spi.c.obj
 .text.wizchip_write
                0x0000000010008504       0x1c CMakeFiles/w5x00_dhcp_dns.dir/__/__/port/ioLibrary_Driver/src/w5x00_spi.c.obj
 .text.wizchip_read
                0x0000000010008520       0x24 CMakeFiles/w5x00_dhcp_dns.dir/__/__/port/ioLibrary_Driver/src/w5x00_spi.c.obj
 .text.wizchip_reset
                0x0000000010008544       0x20 CMakeFiles/w5x00_dhcp_dns.dir/__/__/port/ioLibrary_Driver/src/w5x00_spi.c.obj
                0x0000000010008544                wizchip_reset
 .text.wizchip_spi_initialize
                0x0000000010008564       0x40 CMakeFiles/w5x00_dhcp_dns.dir/__/__/port/ioLibrary_Driver/src/w5x00_spi.c.obj
                0x0000000010008564                wizchip_spi_initialize
 .text.wizchip_cris_initialize
                0x00000000100085a4       0x20 CMakeFiles/w5x00_dhcp_dns.dir/__/__/port/ioLibrary_Driver/src/w5x00_spi.c.obj
                0x00000000100085a4                wizchip_cris_initialize
 .text.wizchip_initialize
                0x00000000100085c4       0x78 CMakeFiles/w5x00_dhcp_dns.dir/__/__/port/ioLibrary_Driver/src/w5x00_spi.c.obj
                0x00000000100085c4                wizchip_initialize
 .text.wizchip_check
                0x000000001000863c       0x24 CMakeFiles/w5x00_dhcp_dns.dir/__/__/port/ioLibrary_Driver/src/w5x00_spi.c.obj
                0x000000001000863c                wizchip_check
 .text.ethernet_input
                0x0000000010008660       0xd0 CMakeFiles/w5x00_dhcp_dns.dir/__/__/libraries/pico-sdk/lib/lwip/src/netif/ethernet.c.obj
                0x0000000010008660                ethernet_input
 .text.ethernet_output
                0x0000000010008730       0x64 CMakeFiles/w5x00_dhcp_dns.dir/__/__/libraries/pico-sdk/lib/lwip/src/netif/ethernet.c.obj
                0x0000000010008730                ethernet_output
 .text.send_lwip
                0x0000000010008794       0x84 CMakeFiles/w5x00_dhcp_dns.dir/__/__/port/lwip/w5x00_lwip.c.obj
                0x0000000010008794                send_lwip
 .text.netif_output
                0x0000000010008818       0x54 CMakeFiles/w5x00_dhcp_dns.dir/__/__/port/lwip/w5x00_lwip.c.obj
                0x0000000010008818                netif_output
 .text.recv_lwip
                0x000000001000886c       0x80 CMakeFiles/w5x00_dhcp_dns.dir/__/__/port/lwip/w5x00_lwip.c.obj
                0x000000001000886c                recv_lwip
 .text.netif_link_callback
                0x00000000100088ec       0x24 CMakeFiles/w5x00_dhcp_dns.dir/__/__/port/lwip/w5x00_lwip.c.obj
                0x00000000100088ec                netif_link_callback
 .text.netif_status_callback
                0x0000000010008910       0x18 CMakeFiles/w5x00_dhcp_dns.dir/__/__/port/lwip/w5x00_lwip.c.obj
                0x0000000010008910                netif_status_callback
 .text.netif_initialize
                0x0000000010008928       0x38 CMakeFiles/w5x00_dhcp_dns.dir/__/__/port/lwip/w5x00_lwip.c.obj
                0x0000000010008928                netif_initialize
 .text.dhcp_create_msg
                0x0000000010008960      0x170 CMakeFiles/w5x00_dhcp_dns.dir/__/__/libraries/pico-sdk/lib/lwip/src/core/ipv4/dhcp.c.obj
 .text.dhcp_bind
                0x0000000010008ad0      0x154 CMakeFiles/w5x00_dhcp_dns.dir/__/__/libraries/pico-sdk/lib/lwip/src/core/ipv4/dhcp.c.obj
 .text.dhcp_handle_ack.isra.0
                0x0000000010008c24       0xcc CMakeFiles/w5x00_dhcp_dns.dir/__/__/libraries/pico-sdk/lib/lwip/src/core/ipv4/dhcp.c.obj
 .text.dhcp_reboot
                0x0000000010008cf0      0x170 CMakeFiles/w5x00_dhcp_dns.dir/__/__/libraries/pico-sdk/lib/lwip/src/core/ipv4/dhcp.c.obj
 .text.dhcp_discover
                0x0000000010008e60      0x118 CMakeFiles/w5x00_dhcp_dns.dir/__/__/libraries/pico-sdk/lib/lwip/src/core/ipv4/dhcp.c.obj
 .text.dhcp_select
                0x0000000010008f78      0x204 CMakeFiles/w5x00_dhcp_dns.dir/__/__/libraries/pico-sdk/lib/lwip/src/core/ipv4/dhcp.c.obj
 .text.dhcp_recv
                0x000000001000917c      0x4a4 CMakeFiles/w5x00_dhcp_dns.dir/__/__/libraries/pico-sdk/lib/lwip/src/core/ipv4/dhcp.c.obj
 .text.dhcp_network_changed_link_up
                0x0000000010009620       0x30 CMakeFiles/w5x00_dhcp_dns.dir/__/__/libraries/pico-sdk/lib/lwip/src/core/ipv4/dhcp.c.obj
                0x0000000010009620                dhcp_network_changed_link_up
 .text.dhcp_renew
                0x0000000010009650      0x110 CMakeFiles/w5x00_dhcp_dns.dir/__/__/libraries/pico-sdk/lib/lwip/src/core/ipv4/dhcp.c.obj
                0x0000000010009650                dhcp_renew
 .text.dhcp_release_and_stop
                0x0000000010009760      0x144 CMakeFiles/w5x00_dhcp_dns.dir/__/__/libraries/pico-sdk/lib/lwip/src/core/ipv4/dhcp.c.obj
                0x0000000010009760                dhcp_release_and_stop
 .text.dhcp_start
                0x00000000100098a4      0x130 CMakeFiles/w5x00_dhcp_dns.dir/__/__/libraries/pico-sdk/lib/lwip/src/core/ipv4/dhcp.c.obj
                0x00000000100098a4                dhcp_start
 .text.dhcp_coarse_tmr
                0x00000000100099d4      0x1b4 CMakeFiles/w5x00_dhcp_dns.dir/__/__/libraries/pico-sdk/lib/lwip/src/core/ipv4/dhcp.c.obj
                0x00000000100099d4                dhcp_coarse_tmr
 .text.dhcp_fine_tmr
                0x0000000010009b88       0x78 CMakeFiles/w5x00_dhcp_dns.dir/__/__/libraries/pico-sdk/lib/lwip/src/core/ipv4/dhcp.c.obj
                0x0000000010009b88                dhcp_fine_tmr
 .text.etharp_find_entry
                0x0000000010009c00     0x12e8 CMakeFiles/w5x00_dhcp_dns.dir/__/__/libraries/pico-sdk/lib/lwip/src/core/ipv4/etharp.c.obj
 .text.etharp_raw
                0x000000001000aee8       0xc0 CMakeFiles/w5x00_dhcp_dns.dir/__/__/libraries/pico-sdk/lib/lwip/src/core/ipv4/etharp.c.obj
 .text.etharp_output_to_arp_index
                0x000000001000afa8       0xd8 CMakeFiles/w5x00_dhcp_dns.dir/__/__/libraries/pico-sdk/lib/lwip/src/core/ipv4/etharp.c.obj
 .text.etharp_tmr
                0x000000001000b080       0xa8 CMakeFiles/w5x00_dhcp_dns.dir/__/__/libraries/pico-sdk/lib/lwip/src/core/ipv4/etharp.c.obj
                0x000000001000b080                etharp_tmr
 .text.etharp_input
                0x000000001000b128      0x1ac CMakeFiles/w5x00_dhcp_dns.dir/__/__/libraries/pico-sdk/lib/lwip/src/core/ipv4/etharp.c.obj
                0x000000001000b128                etharp_input
 .text.etharp_query
                0x000000001000b2d4      0x190 CMakeFiles/w5x00_dhcp_dns.dir/__/__/libraries/pico-sdk/lib/lwip/src/core/ipv4/etharp.c.obj
                0x000000001000b2d4                etharp_query
 .text.etharp_output
                0x000000001000b464      0x218 CMakeFiles/w5x00_dhcp_dns.dir/__/__/libraries/pico-sdk/lib/lwip/src/core/ipv4/etharp.c.obj
                0x000000001000b464                etharp_output
 .text.etharp_request
                0x000000001000b67c       0xc4 CMakeFiles/w5x00_dhcp_dns.dir/__/__/libraries/pico-sdk/lib/lwip/src/core/ipv4/etharp.c.obj
                0x000000001000b67c                etharp_request
 .text.icmp_input
                0x000000001000b740      0x1e8 CMakeFiles/w5x00_dhcp_dns.dir/__/__/libraries/pico-sdk/lib/lwip/src/core/ipv4/icmp.c.obj
                0x000000001000b740                icmp_input
 .text.icmp_dest_unreach
                0x000000001000b928       0xc0 CMakeFiles/w5x00_dhcp_dns.dir/__/__/libraries/pico-sdk/lib/lwip/src/core/ipv4/icmp.c.obj
                0x000000001000b928                icmp_dest_unreach
 .text.icmp_time_exceeded
                0x000000001000b9e8       0xc0 CMakeFiles/w5x00_dhcp_dns.dir/__/__/libraries/pico-sdk/lib/lwip/src/core/ipv4/icmp.c.obj
                0x000000001000b9e8                icmp_time_exceeded
 .text.ip_reass_free_complete_datagram
                0x000000001000baa8       0xb8 CMakeFiles/w5x00_dhcp_dns.dir/__/__/libraries/pico-sdk/lib/lwip/src/core/ipv4/ip4_frag.c.obj
 .text.ip_reass_remove_oldest_datagram
                0x000000001000bb60       0xd8 CMakeFiles/w5x00_dhcp_dns.dir/__/__/libraries/pico-sdk/lib/lwip/src/core/ipv4/ip4_frag.c.obj
 .text.ipfrag_free_pbuf_custom
                0x000000001000bc38       0x18 CMakeFiles/w5x00_dhcp_dns.dir/__/__/libraries/pico-sdk/lib/lwip/src/core/ipv4/ip4_frag.c.obj
 .text.ip_reass_tmr
                0x000000001000bc50       0x38 CMakeFiles/w5x00_dhcp_dns.dir/__/__/libraries/pico-sdk/lib/lwip/src/core/ipv4/ip4_frag.c.obj
                0x000000001000bc50                ip_reass_tmr
 .text.ip4_reass
                0x000000001000bc88      0x520 CMakeFiles/w5x00_dhcp_dns.dir/__/__/libraries/pico-sdk/lib/lwip/src/core/ipv4/ip4_frag.c.obj
                0x000000001000bc88                ip4_reass
 .text.ip4_frag
                0x000000001000c1a8      0x1fc CMakeFiles/w5x00_dhcp_dns.dir/__/__/libraries/pico-sdk/lib/lwip/src/core/ipv4/ip4_frag.c.obj
                0x000000001000c1a8                ip4_frag
 .text.ip4_route
                0x000000001000c3a4       0x80 CMakeFiles/w5x00_dhcp_dns.dir/__/__/libraries/pico-sdk/lib/lwip/src/core/ipv4/ip4.c.obj
                0x000000001000c3a4                ip4_route
 .text.ip4_input
                0x000000001000c424      0x2e8 CMakeFiles/w5x00_dhcp_dns.dir/__/__/libraries/pico-sdk/lib/lwip/src/core/ipv4/ip4.c.obj
                0x000000001000c424                ip4_input
 .text.ip4_output_if
                0x000000001000c70c      0x164 CMakeFiles/w5x00_dhcp_dns.dir/__/__/libraries/pico-sdk/lib/lwip/src/core/ipv4/ip4.c.obj
                0x000000001000c70c                ip4_output_if
 .text.ip4_output_if_src
                0x000000001000c870      0x158 CMakeFiles/w5x00_dhcp_dns.dir/__/__/libraries/pico-sdk/lib/lwip/src/core/ipv4/ip4.c.obj
                0x000000001000c870                ip4_output_if_src
 .text.ip4_addr_isbroadcast_u32
                0x000000001000c9c8       0x3c CMakeFiles/w5x00_dhcp_dns.dir/__/__/libraries/pico-sdk/lib/lwip/src/core/ipv4/ip4_addr.c.obj
                0x000000001000c9c8                ip4_addr_isbroadcast_u32
 .text.ip4addr_aton
                0x000000001000ca04      0x180 CMakeFiles/w5x00_dhcp_dns.dir/__/__/libraries/pico-sdk/lib/lwip/src/core/ipv4/ip4_addr.c.obj
                0x000000001000ca04                ip4addr_aton
 .text.ip4addr_ntoa
                0x000000001000cb84       0xd8 CMakeFiles/w5x00_dhcp_dns.dir/__/__/libraries/pico-sdk/lib/lwip/src/core/ipv4/ip4_addr.c.obj
                0x000000001000cb84                ip4addr_ntoa
 .text.lwip_init
                0x000000001000cc5c       0x24 CMakeFiles/w5x00_dhcp_dns.dir/__/__/libraries/pico-sdk/lib/lwip/src/core/init.c.obj
                0x000000001000cc5c                lwip_init
 .text.lwip_htons
                0x000000001000cc80        0x8 CMakeFiles/w5x00_dhcp_dns.dir/__/__/libraries/pico-sdk/lib/lwip/src/core/def.c.obj
                0x000000001000cc80                lwip_htons
 .text.lwip_htonl
                0x000000001000cc88        0x4 CMakeFiles/w5x00_dhcp_dns.dir/__/__/libraries/pico-sdk/lib/lwip/src/core/def.c.obj
                0x000000001000cc88                lwip_htonl
 .text.lwip_strnicmp
                0x000000001000cc8c       0x3c CMakeFiles/w5x00_dhcp_dns.dir/__/__/libraries/pico-sdk/lib/lwip/src/core/def.c.obj
                0x000000001000cc8c                lwip_strnicmp
 .text.dns_call_found
                0x000000001000ccc8      0x134 CMakeFiles/w5x00_dhcp_dns.dir/__/__/libraries/pico-sdk/lib/lwip/src/core/dns.c.obj
 .text.dns_send
                0x000000001000cdfc      0x168 CMakeFiles/w5x00_dhcp_dns.dir/__/__/libraries/pico-sdk/lib/lwip/src/core/dns.c.obj
 .text.dns_check_entry
                0x000000001000cf64      0x114 CMakeFiles/w5x00_dhcp_dns.dir/__/__/libraries/pico-sdk/lib/lwip/src/core/dns.c.obj
 .text.dns_recv
                0x000000001000d078      0x374 CMakeFiles/w5x00_dhcp_dns.dir/__/__/libraries/pico-sdk/lib/lwip/src/core/dns.c.obj
 .text.dns_init
                0x000000001000d3ec        0x4 CMakeFiles/w5x00_dhcp_dns.dir/__/__/libraries/pico-sdk/lib/lwip/src/core/dns.c.obj
                0x000000001000d3ec                dns_init
 .text.dns_setserver
                0x000000001000d3f0       0x2c CMakeFiles/w5x00_dhcp_dns.dir/__/__/libraries/pico-sdk/lib/lwip/src/core/dns.c.obj
                0x000000001000d3f0                dns_setserver
 .text.dns_tmr  0x000000001000d41c      0x128 CMakeFiles/w5x00_dhcp_dns.dir/__/__/libraries/pico-sdk/lib/lwip/src/core/dns.c.obj
                0x000000001000d41c                dns_tmr
 .text.dns_gethostbyname_addrtype
                0x000000001000d544      0x5f4 CMakeFiles/w5x00_dhcp_dns.dir/__/__/libraries/pico-sdk/lib/lwip/src/core/dns.c.obj
                0x000000001000d544                dns_gethostbyname_addrtype
 .text.dns_gethostbyname
                0x000000001000db38       0x10 CMakeFiles/w5x00_dhcp_dns.dir/__/__/libraries/pico-sdk/lib/lwip/src/core/dns.c.obj
                0x000000001000db38                dns_gethostbyname
 .text.lwip_standard_chksum
                0x000000001000db48       0x80 CMakeFiles/w5x00_dhcp_dns.dir/__/__/libraries/pico-sdk/lib/lwip/src/core/inet_chksum.c.obj
                0x000000001000db48                lwip_standard_chksum
 .text.inet_chksum_pseudo
                0x000000001000dbc8       0xbc CMakeFiles/w5x00_dhcp_dns.dir/__/__/libraries/pico-sdk/lib/lwip/src/core/inet_chksum.c.obj
                0x000000001000dbc8                inet_chksum_pseudo
 .text.ip_chksum_pseudo
                0x000000001000dc84       0x10 CMakeFiles/w5x00_dhcp_dns.dir/__/__/libraries/pico-sdk/lib/lwip/src/core/inet_chksum.c.obj
                0x000000001000dc84                ip_chksum_pseudo
 .text.inet_chksum
                0x000000001000dc94       0x88 CMakeFiles/w5x00_dhcp_dns.dir/__/__/libraries/pico-sdk/lib/lwip/src/core/inet_chksum.c.obj
                0x000000001000dc94                inet_chksum
 .text.inet_chksum_pbuf
                0x000000001000dd1c       0x6c CMakeFiles/w5x00_dhcp_dns.dir/__/__/libraries/pico-sdk/lib/lwip/src/core/inet_chksum.c.obj
                0x000000001000dd1c                inet_chksum_pbuf
 .text.mem_init
                0x000000001000dd88       0x48 CMakeFiles/w5x00_dhcp_dns.dir/__/__/libraries/pico-sdk/lib/lwip/src/core/mem.c.obj
                0x000000001000dd88                mem_init
 .text.mem_free
                0x000000001000ddd0      0x128 CMakeFiles/w5x00_dhcp_dns.dir/__/__/libraries/pico-sdk/lib/lwip/src/core/mem.c.obj
                0x000000001000ddd0                mem_free
 .text.mem_trim
                0x000000001000def8      0x140 CMakeFiles/w5x00_dhcp_dns.dir/__/__/libraries/pico-sdk/lib/lwip/src/core/mem.c.obj
                0x000000001000def8                mem_trim
 .text.mem_malloc
                0x000000001000e038      0x12c CMakeFiles/w5x00_dhcp_dns.dir/__/__/libraries/pico-sdk/lib/lwip/src/core/mem.c.obj
                0x000000001000e038                mem_malloc
 .text.memp_init
                0x000000001000e164       0xa0 CMakeFiles/w5x00_dhcp_dns.dir/__/__/libraries/pico-sdk/lib/lwip/src/core/memp.c.obj
                0x000000001000e164                memp_init
 .text.memp_malloc
                0x000000001000e204       0x54 CMakeFiles/w5x00_dhcp_dns.dir/__/__/libraries/pico-sdk/lib/lwip/src/core/memp.c.obj
                0x000000001000e204                memp_malloc
 .text.memp_free
                0x000000001000e258       0x3c CMakeFiles/w5x00_dhcp_dns.dir/__/__/libraries/pico-sdk/lib/lwip/src/core/memp.c.obj
                0x000000001000e258                memp_free
 .text.netif_null_output_ip4
                0x000000001000e294        0x8 CMakeFiles/w5x00_dhcp_dns.dir/__/__/libraries/pico-sdk/lib/lwip/src/core/netif.c.obj
 .text.netif_init
                0x000000001000e29c        0x4 CMakeFiles/w5x00_dhcp_dns.dir/__/__/libraries/pico-sdk/lib/lwip/src/core/netif.c.obj
                0x000000001000e29c                netif_init
 .text.netif_input
                0x000000001000e2a0       0x18 CMakeFiles/w5x00_dhcp_dns.dir/__/__/libraries/pico-sdk/lib/lwip/src/core/netif.c.obj
                0x000000001000e2a0                netif_input
 .text.netif_set_addr
                0x000000001000e2b8       0xf0 CMakeFiles/w5x00_dhcp_dns.dir/__/__/libraries/pico-sdk/lib/lwip/src/core/netif.c.obj
                0x000000001000e2b8                netif_set_addr
 .text.netif_add
                0x000000001000e3a8      0x104 CMakeFiles/w5x00_dhcp_dns.dir/__/__/libraries/pico-sdk/lib/lwip/src/core/netif.c.obj
                0x000000001000e3a8                netif_add
 .text.netif_set_default
                0x000000001000e4ac        0xc CMakeFiles/w5x00_dhcp_dns.dir/__/__/libraries/pico-sdk/lib/lwip/src/core/netif.c.obj
                0x000000001000e4ac                netif_set_default
 .text.netif_set_up
                0x000000001000e4b8       0x4c CMakeFiles/w5x00_dhcp_dns.dir/__/__/libraries/pico-sdk/lib/lwip/src/core/netif.c.obj
                0x000000001000e4b8                netif_set_up
 .text.netif_set_status_callback
                0x000000001000e504        0x8 CMakeFiles/w5x00_dhcp_dns.dir/__/__/libraries/pico-sdk/lib/lwip/src/core/netif.c.obj
                0x000000001000e504                netif_set_status_callback
 .text.netif_set_link_up
                0x000000001000e50c       0x50 CMakeFiles/w5x00_dhcp_dns.dir/__/__/libraries/pico-sdk/lib/lwip/src/core/netif.c.obj
                0x000000001000e50c                netif_set_link_up
 .text.netif_set_link_callback
                0x000000001000e55c        0x8 CMakeFiles/w5x00_dhcp_dns.dir/__/__/libraries/pico-sdk/lib/lwip/src/core/netif.c.obj
                0x000000001000e55c                netif_set_link_callback
 .text.netif_get_by_index
                0x000000001000e564       0x2c CMakeFiles/w5x00_dhcp_dns.dir/__/__/libraries/pico-sdk/lib/lwip/src/core/netif.c.obj
                0x000000001000e564                netif_get_by_index
 .text.pbuf_free.part.0
                0x000000001000e590       0x80 CMakeFiles/w5x00_dhcp_dns.dir/__/__/libraries/pico-sdk/lib/lwip/src/core/pbuf.c.obj
 .text.pbuf_free_ooseq
                0x000000001000e610       0x34 CMakeFiles/w5x00_dhcp_dns.dir/__/__/libraries/pico-sdk/lib/lwip/src/core/pbuf.c.obj
                0x000000001000e610                pbuf_free_ooseq
 .text.pbuf_alloc
                0x000000001000e644      0x128 CMakeFiles/w5x00_dhcp_dns.dir/__/__/libraries/pico-sdk/lib/lwip/src/core/pbuf.c.obj
                0x000000001000e644                pbuf_alloc
 .text.pbuf_alloced_custom
                0x000000001000e76c       0x38 CMakeFiles/w5x00_dhcp_dns.dir/__/__/libraries/pico-sdk/lib/lwip/src/core/pbuf.c.obj
                0x000000001000e76c                pbuf_alloced_custom
 .text.pbuf_realloc
                0x000000001000e7a4       0x70 CMakeFiles/w5x00_dhcp_dns.dir/__/__/libraries/pico-sdk/lib/lwip/src/core/pbuf.c.obj
                0x000000001000e7a4                pbuf_realloc
 .text.pbuf_add_header
                0x000000001000e814       0x4c CMakeFiles/w5x00_dhcp_dns.dir/__/__/libraries/pico-sdk/lib/lwip/src/core/pbuf.c.obj
                0x000000001000e814                pbuf_add_header
 .text.pbuf_remove_header
                0x000000001000e860       0x48 CMakeFiles/w5x00_dhcp_dns.dir/__/__/libraries/pico-sdk/lib/lwip/src/core/pbuf.c.obj
                0x000000001000e860                pbuf_remove_header
 .text.pbuf_header_force
                0x000000001000e8a8       0x78 CMakeFiles/w5x00_dhcp_dns.dir/__/__/libraries/pico-sdk/lib/lwip/src/core/pbuf.c.obj
                0x000000001000e8a8                pbuf_header_force
 .text.pbuf_free
                0x000000001000e920       0x10 CMakeFiles/w5x00_dhcp_dns.dir/__/__/libraries/pico-sdk/lib/lwip/src/core/pbuf.c.obj
                0x000000001000e920                pbuf_free
 .text.pbuf_clen
                0x000000001000e930       0x14 CMakeFiles/w5x00_dhcp_dns.dir/__/__/libraries/pico-sdk/lib/lwip/src/core/pbuf.c.obj
                0x000000001000e930                pbuf_clen
 .text.pbuf_ref
                0x000000001000e944       0x18 CMakeFiles/w5x00_dhcp_dns.dir/__/__/libraries/pico-sdk/lib/lwip/src/core/pbuf.c.obj
                0x000000001000e944                pbuf_ref
 .text.pbuf_cat
                0x000000001000e95c       0x38 CMakeFiles/w5x00_dhcp_dns.dir/__/__/libraries/pico-sdk/lib/lwip/src/core/pbuf.c.obj
                0x000000001000e95c                pbuf_cat
 .text.pbuf_chain
                0x000000001000e994       0x54 CMakeFiles/w5x00_dhcp_dns.dir/__/__/libraries/pico-sdk/lib/lwip/src/core/pbuf.c.obj
                0x000000001000e994                pbuf_chain
 .text.pbuf_copy_partial_pbuf
                0x000000001000e9e8      0x15c CMakeFiles/w5x00_dhcp_dns.dir/__/__/libraries/pico-sdk/lib/lwip/src/core/pbuf.c.obj
                0x000000001000e9e8                pbuf_copy_partial_pbuf
 .text.pbuf_copy
                0x000000001000eb44       0x20 CMakeFiles/w5x00_dhcp_dns.dir/__/__/libraries/pico-sdk/lib/lwip/src/core/pbuf.c.obj
                0x000000001000eb44                pbuf_copy
 .text.pbuf_copy_partial
                0x000000001000eb64       0x98 CMakeFiles/w5x00_dhcp_dns.dir/__/__/libraries/pico-sdk/lib/lwip/src/core/pbuf.c.obj
                0x000000001000eb64                pbuf_copy_partial
 .text.pbuf_take
                0x000000001000ebfc       0x78 CMakeFiles/w5x00_dhcp_dns.dir/__/__/libraries/pico-sdk/lib/lwip/src/core/pbuf.c.obj
                0x000000001000ebfc                pbuf_take
 .text.pbuf_take_at
                0x000000001000ec74       0xb8 CMakeFiles/w5x00_dhcp_dns.dir/__/__/libraries/pico-sdk/lib/lwip/src/core/pbuf.c.obj
                0x000000001000ec74                pbuf_take_at
 .text.pbuf_clone
                0x000000001000ed2c       0x20 CMakeFiles/w5x00_dhcp_dns.dir/__/__/libraries/pico-sdk/lib/lwip/src/core/pbuf.c.obj
                0x000000001000ed2c                pbuf_clone
 .text.pbuf_try_get_at
                0x000000001000ed4c       0x28 CMakeFiles/w5x00_dhcp_dns.dir/__/__/libraries/pico-sdk/lib/lwip/src/core/pbuf.c.obj
                0x000000001000ed4c                pbuf_try_get_at
 .text.pbuf_put_at
                0x000000001000ed74       0x1c CMakeFiles/w5x00_dhcp_dns.dir/__/__/libraries/pico-sdk/lib/lwip/src/core/pbuf.c.obj
                0x000000001000ed74                pbuf_put_at
 .text.raw_input
                0x000000001000ed90      0x128 CMakeFiles/w5x00_dhcp_dns.dir/__/__/libraries/pico-sdk/lib/lwip/src/core/raw.c.obj
                0x000000001000ed90                raw_input
 .text.raw_netif_ip_addr_changed
                0x000000001000eeb8       0x40 CMakeFiles/w5x00_dhcp_dns.dir/__/__/libraries/pico-sdk/lib/lwip/src/core/raw.c.obj
                0x000000001000eeb8                raw_netif_ip_addr_changed
 .text.stats_init
                0x000000001000eef8       0x14 CMakeFiles/w5x00_dhcp_dns.dir/__/__/libraries/pico-sdk/lib/lwip/src/core/stats.c.obj
                0x000000001000eef8                stats_init
 .text.tcp_close_shutdown_fin
                0x000000001000ef0c       0x4c CMakeFiles/w5x00_dhcp_dns.dir/__/__/libraries/pico-sdk/lib/lwip/src/core/tcp.c.obj
 .text.tcp_pcb_purge.part.0
                0x000000001000ef58       0xc4 CMakeFiles/w5x00_dhcp_dns.dir/__/__/libraries/pico-sdk/lib/lwip/src/core/tcp.c.obj
 .text.tcp_init
                0x000000001000f01c       0x20 CMakeFiles/w5x00_dhcp_dns.dir/__/__/libraries/pico-sdk/lib/lwip/src/core/tcp.c.obj
                0x000000001000f01c                tcp_init
 .text.tcp_free
                0x000000001000f03c        0xc CMakeFiles/w5x00_dhcp_dns.dir/__/__/libraries/pico-sdk/lib/lwip/src/core/tcp.c.obj
                0x000000001000f03c                tcp_free
 .text.tcp_update_rcv_ann_wnd
                0x000000001000f048       0x3c CMakeFiles/w5x00_dhcp_dns.dir/__/__/libraries/pico-sdk/lib/lwip/src/core/tcp.c.obj
                0x000000001000f048                tcp_update_rcv_ann_wnd
 .text.tcp_slowtmr
                0x000000001000f084      0x42c CMakeFiles/w5x00_dhcp_dns.dir/__/__/libraries/pico-sdk/lib/lwip/src/core/tcp.c.obj
                0x000000001000f084                tcp_slowtmr
 .text.tcp_segs_free
                0x000000001000f4b0       0x38 CMakeFiles/w5x00_dhcp_dns.dir/__/__/libraries/pico-sdk/lib/lwip/src/core/tcp.c.obj
                0x000000001000f4b0                tcp_segs_free
 .text.tcp_seg_free
                0x000000001000f4e8       0x1c CMakeFiles/w5x00_dhcp_dns.dir/__/__/libraries/pico-sdk/lib/lwip/src/core/tcp.c.obj
                0x000000001000f4e8                tcp_seg_free
 .text.tcp_seg_copy
                0x000000001000f504       0x20 CMakeFiles/w5x00_dhcp_dns.dir/__/__/libraries/pico-sdk/lib/lwip/src/core/tcp.c.obj
                0x000000001000f504                tcp_seg_copy
 .text.tcp_pcb_purge
                0x000000001000f524       0x24 CMakeFiles/w5x00_dhcp_dns.dir/__/__/libraries/pico-sdk/lib/lwip/src/core/tcp.c.obj
                0x000000001000f524                tcp_pcb_purge
 .text.tcp_pcb_remove
                0x000000001000f548       0x78 CMakeFiles/w5x00_dhcp_dns.dir/__/__/libraries/pico-sdk/lib/lwip/src/core/tcp.c.obj
                0x000000001000f548                tcp_pcb_remove
 .text.tcp_abandon
                0x000000001000f5c0      0x194 CMakeFiles/w5x00_dhcp_dns.dir/__/__/libraries/pico-sdk/lib/lwip/src/core/tcp.c.obj
                0x000000001000f5c0                tcp_abandon
 .text.tcp_abort
                0x000000001000f754        0xc CMakeFiles/w5x00_dhcp_dns.dir/__/__/libraries/pico-sdk/lib/lwip/src/core/tcp.c.obj
                0x000000001000f754                tcp_abort
 .text.tcp_alloc
                0x000000001000f760      0x1f8 CMakeFiles/w5x00_dhcp_dns.dir/__/__/libraries/pico-sdk/lib/lwip/src/core/tcp.c.obj
                0x000000001000f760                tcp_alloc
 .text.tcp_close_shutdown
                0x000000001000f958      0x14c CMakeFiles/w5x00_dhcp_dns.dir/__/__/libraries/pico-sdk/lib/lwip/src/core/tcp.c.obj
 .text.tcp_recv_null
                0x000000001000faa4       0xb4 CMakeFiles/w5x00_dhcp_dns.dir/__/__/libraries/pico-sdk/lib/lwip/src/core/tcp.c.obj
                0x000000001000faa4                tcp_recv_null
 .text.tcp_process_refused_data
                0x000000001000fb58       0xf4 CMakeFiles/w5x00_dhcp_dns.dir/__/__/libraries/pico-sdk/lib/lwip/src/core/tcp.c.obj
                0x000000001000fb58                tcp_process_refused_data
 .text.tcp_fasttmr
                0x000000001000fc4c       0x98 CMakeFiles/w5x00_dhcp_dns.dir/__/__/libraries/pico-sdk/lib/lwip/src/core/tcp.c.obj
                0x000000001000fc4c                tcp_fasttmr
 .text.tcp_tmr  0x000000001000fce4       0x20 CMakeFiles/w5x00_dhcp_dns.dir/__/__/libraries/pico-sdk/lib/lwip/src/core/tcp.c.obj
                0x000000001000fce4                tcp_tmr
 .text.tcp_next_iss
                0x000000001000fd04       0x18 CMakeFiles/w5x00_dhcp_dns.dir/__/__/libraries/pico-sdk/lib/lwip/src/core/tcp.c.obj
                0x000000001000fd04                tcp_next_iss
 .text.tcp_eff_send_mss_netif
                0x000000001000fd1c       0x28 CMakeFiles/w5x00_dhcp_dns.dir/__/__/libraries/pico-sdk/lib/lwip/src/core/tcp.c.obj
                0x000000001000fd1c                tcp_eff_send_mss_netif
 .text.tcp_netif_ip_addr_changed
                0x000000001000fd44       0xa4 CMakeFiles/w5x00_dhcp_dns.dir/__/__/libraries/pico-sdk/lib/lwip/src/core/tcp.c.obj
                0x000000001000fd44                tcp_netif_ip_addr_changed
 .text.tcp_free_ooseq
                0x000000001000fde8       0x40 CMakeFiles/w5x00_dhcp_dns.dir/__/__/libraries/pico-sdk/lib/lwip/src/core/tcp.c.obj
                0x000000001000fde8                tcp_free_ooseq
 .text.tcp_oos_insert_segment
                0x000000001000fe28       0xcc CMakeFiles/w5x00_dhcp_dns.dir/__/__/libraries/pico-sdk/lib/lwip/src/core/tcp_in.c.obj
 .text.tcp_parseopt.isra.0
                0x000000001000fef4      0x180 CMakeFiles/w5x00_dhcp_dns.dir/__/__/libraries/pico-sdk/lib/lwip/src/core/tcp_in.c.obj
 .text.tcp_free_acked_segments.isra.0
                0x0000000010010074       0xa4 CMakeFiles/w5x00_dhcp_dns.dir/__/__/libraries/pico-sdk/lib/lwip/src/core/tcp_in.c.obj
 .text.tcp_receive
                0x0000000010010118      0x94c CMakeFiles/w5x00_dhcp_dns.dir/__/__/libraries/pico-sdk/lib/lwip/src/core/tcp_in.c.obj
 .text.tcp_input
                0x0000000010010a64      0xc54 CMakeFiles/w5x00_dhcp_dns.dir/__/__/libraries/pico-sdk/lib/lwip/src/core/tcp_in.c.obj
                0x0000000010010a64                tcp_input
 .text.tcp_trigger_input_pcb_close
                0x00000000100116b8       0x10 CMakeFiles/w5x00_dhcp_dns.dir/__/__/libraries/pico-sdk/lib/lwip/src/core/tcp_in.c.obj
                0x00000000100116b8                tcp_trigger_input_pcb_close
 .text.tcp_create_segment.isra.0
                0x00000000100116c8       0xd4 CMakeFiles/w5x00_dhcp_dns.dir/__/__/libraries/pico-sdk/lib/lwip/src/core/tcp_out.c.obj
 .text.tcp_output_control_segment
                0x000000001001179c       0xb4 CMakeFiles/w5x00_dhcp_dns.dir/__/__/libraries/pico-sdk/lib/lwip/src/core/tcp_out.c.obj
 .text.tcp_split_unsent_seg
                0x0000000010011850      0x1a8 CMakeFiles/w5x00_dhcp_dns.dir/__/__/libraries/pico-sdk/lib/lwip/src/core/tcp_out.c.obj
                0x0000000010011850                tcp_split_unsent_seg
 .text.tcp_send_fin
                0x00000000100119f8       0xe8 CMakeFiles/w5x00_dhcp_dns.dir/__/__/libraries/pico-sdk/lib/lwip/src/core/tcp_out.c.obj
                0x00000000100119f8                tcp_send_fin
 .text.tcp_enqueue_flags
                0x0000000010011ae0       0xb0 CMakeFiles/w5x00_dhcp_dns.dir/__/__/libraries/pico-sdk/lib/lwip/src/core/tcp_out.c.obj
                0x0000000010011ae0                tcp_enqueue_flags
 .text.tcp_rexmit_rto_prepare
                0x0000000010011b90       0x9c CMakeFiles/w5x00_dhcp_dns.dir/__/__/libraries/pico-sdk/lib/lwip/src/core/tcp_out.c.obj
                0x0000000010011b90                tcp_rexmit_rto_prepare
 .text.tcp_rexmit
                0x0000000010011c2c       0x90 CMakeFiles/w5x00_dhcp_dns.dir/__/__/libraries/pico-sdk/lib/lwip/src/core/tcp_out.c.obj
                0x0000000010011c2c                tcp_rexmit
 .text.tcp_rexmit_fast
                0x0000000010011cbc       0x58 CMakeFiles/w5x00_dhcp_dns.dir/__/__/libraries/pico-sdk/lib/lwip/src/core/tcp_out.c.obj
                0x0000000010011cbc                tcp_rexmit_fast
 .text.tcp_rst  0x0000000010011d14       0xbc CMakeFiles/w5x00_dhcp_dns.dir/__/__/libraries/pico-sdk/lib/lwip/src/core/tcp_out.c.obj
                0x0000000010011d14                tcp_rst
 .text.tcp_rst_netif
                0x0000000010011dd0      0x100 CMakeFiles/w5x00_dhcp_dns.dir/__/__/libraries/pico-sdk/lib/lwip/src/core/tcp_out.c.obj
                0x0000000010011dd0                tcp_rst_netif
 .text.tcp_send_empty_ack
                0x0000000010011ed0       0xdc CMakeFiles/w5x00_dhcp_dns.dir/__/__/libraries/pico-sdk/lib/lwip/src/core/tcp_out.c.obj
                0x0000000010011ed0                tcp_send_empty_ack
 .text.tcp_output
                0x0000000010011fac      0x418 CMakeFiles/w5x00_dhcp_dns.dir/__/__/libraries/pico-sdk/lib/lwip/src/core/tcp_out.c.obj
                0x0000000010011fac                tcp_output
 .text.tcp_rexmit_rto_commit
                0x00000000100123c4       0x14 CMakeFiles/w5x00_dhcp_dns.dir/__/__/libraries/pico-sdk/lib/lwip/src/core/tcp_out.c.obj
                0x00000000100123c4                tcp_rexmit_rto_commit
 .text.tcp_rexmit_rto
                0x00000000100123d8       0xa0 CMakeFiles/w5x00_dhcp_dns.dir/__/__/libraries/pico-sdk/lib/lwip/src/core/tcp_out.c.obj
                0x00000000100123d8                tcp_rexmit_rto
 .text.tcp_keepalive
                0x0000000010012478       0xc4 CMakeFiles/w5x00_dhcp_dns.dir/__/__/libraries/pico-sdk/lib/lwip/src/core/tcp_out.c.obj
                0x0000000010012478                tcp_keepalive
 .text.tcp_zero_window_probe
                0x000000001001253c      0x18c CMakeFiles/w5x00_dhcp_dns.dir/__/__/libraries/pico-sdk/lib/lwip/src/core/tcp_out.c.obj
                0x000000001001253c                tcp_zero_window_probe
 .text.tcpip_tcp_timer
                0x00000000100126c8       0x6c CMakeFiles/w5x00_dhcp_dns.dir/__/__/libraries/pico-sdk/lib/lwip/src/core/timeouts.c.obj
 .text.lwip_cyclic_timer
                0x0000000010012734       0x90 CMakeFiles/w5x00_dhcp_dns.dir/__/__/libraries/pico-sdk/lib/lwip/src/core/timeouts.c.obj
 .text.tcp_timer_needed
                0x00000000100127c4       0x70 CMakeFiles/w5x00_dhcp_dns.dir/__/__/libraries/pico-sdk/lib/lwip/src/core/timeouts.c.obj
                0x00000000100127c4                tcp_timer_needed
 .text.sys_timeouts_init
                0x0000000010012834       0x78 CMakeFiles/w5x00_dhcp_dns.dir/__/__/libraries/pico-sdk/lib/lwip/src/core/timeouts.c.obj
                0x0000000010012834                sys_timeouts_init
 .text.sys_check_timeouts
                0x00000000100128ac       0x68 CMakeFiles/w5x00_dhcp_dns.dir/__/__/libraries/pico-sdk/lib/lwip/src/core/timeouts.c.obj
                0x00000000100128ac                sys_check_timeouts
 .text.udp_init
                0x0000000010012914       0x20 CMakeFiles/w5x00_dhcp_dns.dir/__/__/libraries/pico-sdk/lib/lwip/src/core/udp.c.obj
                0x0000000010012914                udp_init
 .text.udp_input
                0x0000000010012934      0x234 CMakeFiles/w5x00_dhcp_dns.dir/__/__/libraries/pico-sdk/lib/lwip/src/core/udp.c.obj
                0x0000000010012934                udp_input
 .text.udp_bind
                0x0000000010012b68      0x114 CMakeFiles/w5x00_dhcp_dns.dir/__/__/libraries/pico-sdk/lib/lwip/src/core/udp.c.obj
                0x0000000010012b68                udp_bind
 .text.udp_sendto_if_src
                0x0000000010012c7c      0x168 CMakeFiles/w5x00_dhcp_dns.dir/__/__/libraries/pico-sdk/lib/lwip/src/core/udp.c.obj
                0x0000000010012c7c                udp_sendto_if_src
 .text.udp_sendto_if
                0x0000000010012de4       0x84 CMakeFiles/w5x00_dhcp_dns.dir/__/__/libraries/pico-sdk/lib/lwip/src/core/udp.c.obj
                0x0000000010012de4                udp_sendto_if
 .text.udp_sendto
                0x0000000010012e68       0xa4 CMakeFiles/w5x00_dhcp_dns.dir/__/__/libraries/pico-sdk/lib/lwip/src/core/udp.c.obj
                0x0000000010012e68                udp_sendto
 .text.udp_connect
                0x0000000010012f0c       0x7c CMakeFiles/w5x00_dhcp_dns.dir/__/__/libraries/pico-sdk/lib/lwip/src/core/udp.c.obj
                0x0000000010012f0c                udp_connect
 .text.udp_recv
                0x0000000010012f88       0x18 CMakeFiles/w5x00_dhcp_dns.dir/__/__/libraries/pico-sdk/lib/lwip/src/core/udp.c.obj
                0x0000000010012f88                udp_recv
 .text.udp_remove
                0x0000000010012fa0       0x48 CMakeFiles/w5x00_dhcp_dns.dir/__/__/libraries/pico-sdk/lib/lwip/src/core/udp.c.obj
                0x0000000010012fa0                udp_remove
 .text.udp_new  0x0000000010012fe8       0x1c CMakeFiles/w5x00_dhcp_dns.dir/__/__/libraries/pico-sdk/lib/lwip/src/core/udp.c.obj
                0x0000000010012fe8                udp_new
 .text.udp_new_ip_type
                0x0000000010013004       0x1c CMakeFiles/w5x00_dhcp_dns.dir/__/__/libraries/pico-sdk/lib/lwip/src/core/udp.c.obj
                0x0000000010013004                udp_new_ip_type
 .text.udp_netif_ip_addr_changed
                0x0000000010013020       0x40 CMakeFiles/w5x00_dhcp_dns.dir/__/__/libraries/pico-sdk/lib/lwip/src/core/udp.c.obj
                0x0000000010013020                udp_netif_ip_addr_changed
 .text.pico_lwip_rand
                0x0000000010013060       0x60 CMakeFiles/w5x00_dhcp_dns.dir/__/__/libraries/pico-sdk/src/rp2_common/pico_lwip/random.c.obj
                0x0000000010013060                pico_lwip_rand
 .text          0x00000000100130c0       0x28 /usr/lib/gcc/arm-none-eabi/9.2.1/../../../arm-none-eabi/lib/thumb/v6-m/nofp/libc.a(lib_a-malloc.o)
                0x00000000100130c0                malloc