Archive member included to satisfy reference by file (symbol)

/usr/lib/gcc/arm-none-eabi/9.2.1/thumb/v6-m/nofp/libgcc.a(_dvmd_tls.o)
                              CMakeFiles/w5x00_loopback.dir/__/__/libraries/pico-sdk/src/rp2_common/pico_divider/divider.S.obj (__aeabi_idiv0)
/usr/lib/gcc/arm-none-eabi/9.2.1/../../../arm-none-eabi/lib/thumb/v6-m/nofp/libc.a(lib_a-atexit.o)
                              /usr/lib/gcc/arm-none-eabi/9.2.1/../../../arm-none-eabi/lib/thumb/v6-m/nofp/crt0.o (atexit)
/usr/lib/gcc/arm-none-eabi/9.2.1/../../../arm-none-eabi/lib/thumb/v6-m/nofp/libc.a(lib_a-atoi.o)
                              CMakeFiles/w5x00_loopback.dir/__/__/libraries/pico-sdk/lib/lwip/src/core/netif.c.obj (atoi)
/usr/lib/gcc/arm-none-eabi/9.2.1/../../../arm-none-eabi/lib/thumb/v6-m/nofp/libc.a(lib_a-calloc.o)
                              CMakeFiles/w5x00_loopback.dir/__/__/libraries/pico-sdk/src/rp2_common/pico_malloc/pico_malloc.c.obj (calloc)
/usr/lib/gcc/arm-none-eabi/9.2.1/../../../arm-none-eabi/lib/thumb/v6-m/nofp/libc.a(lib_a-callocr.o)
                              /usr/lib/gcc/arm-none-eabi/9.2.1/../../../arm-none-eabi/lib/thumb/v6-m/nofp/libc.a(lib_a-calloc.o) (_calloc_r)
/usr/lib/gcc/arm-none-eabi/9.2.1/../../../arm-none-eabi/lib/thumb/v6-m/nofp/libc.a(lib_a-ctype_.o)
                              CMakeFiles/w5x00_loopback.dir/__/__/libraries/pico-sdk/lib/lwip/src/core/ipv4/ip4_addr.c.obj (_ctype_)
/usr/lib/gcc/arm-none-eabi/9.2.1/../../../arm-none-eabi/lib/thumb/v6-m/nofp/libc.a(lib_a-fini.o)
                              /usr/lib/gcc/arm-none-eabi/9.2.1/../../../arm-none-eabi/lib/thumb/v6-m/nofp/crt0.o (__libc_fini_array)
/usr/lib/gcc/arm-none-eabi/9.2.1/../../../arm-none-eabi/lib/thumb/v6-m/nofp/libc.a(lib_a-impure.o)
                              /usr/lib/gcc/arm-none-eabi/9.2.1/../../../arm-none-eabi/lib/thumb/v6-m/nofp/libc.a(lib_a-calloc.o) (_impure_ptr)
/usr/lib/gcc/arm-none-eabi/9.2.1/../../../arm-none-eabi/lib/thumb/v6-m/nofp/libc.a(lib_a-init.o)
                              /usr/lib/gcc/arm-none-eabi/9.2.1/../../../arm-none-eabi/lib/thumb/v6-m/nofp/crt0.o (__libc_init_array)
/usr/lib/gcc/arm-none-eabi/9.2.1/../../../arm-none-eabi/lib/thumb/v6-m/nofp/libc.a(lib_a-malloc.o)
                              CMakeFiles/w5x00_loopback.dir/__/__/libraries/pico-sdk/src/rp2_common/pico_malloc/pico_malloc.c.obj (malloc)
/usr/lib/gcc/arm-none-eabi/9.2.1/../../../arm-none-eabi/lib/thumb/v6-m/nofp/libc.a(lib_a-mallocr.o)
                              /usr/lib/gcc/arm-none-eabi/9.2.1/../../../arm-none-eabi/lib/thumb/v6-m/nofp/libc.a(lib_a-callocr.o) (_malloc_r)
/usr/lib/gcc/arm-none-eabi/9.2.1/../../../arm-none-eabi/lib/thumb/v6-m/nofp/libc.a(lib_a-memcmp.o)
                              CMakeFiles/w5x00_loopback.dir/__/__/libraries/pico-sdk/lib/lwip/src/netif/ethernet.c.obj (memcmp)
/usr/lib/gcc/arm-none-eabi/9.2.1/../../../arm-none-eabi/lib/thumb/v6-m/nofp/libc.a(lib_a-memmove.o)
                              CMakeFiles/w5x00_loopback.dir/__/__/libraries/pico-sdk/lib/lwip/src/core/def.c.obj (memmove)
/usr/lib/gcc/arm-none-eabi/9.2.1/../../../arm-none-eabi/lib/thumb/v6-m/nofp/libc.a(lib_a-mlock.o)
                              /usr/lib/gcc/arm-none-eabi/9.2.1/../../../arm-none-eabi/lib/thumb/v6-m/nofp/libc.a(lib_a-mallocr.o) (__malloc_lock)
/usr/lib/gcc/arm-none-eabi/9.2.1/../../../arm-none-eabi/lib/thumb/v6-m/nofp/libc.a(lib_a-realloc.o)
                              CMakeFiles/w5x00_loopback.dir/__/__/libraries/pico-sdk/src/rp2_common/pico_malloc/pico_malloc.c.obj (realloc)
/usr/lib/gcc/arm-none-eabi/9.2.1/../../../arm-none-eabi/lib/thumb/v6-m/nofp/libc.a(lib_a-reallocr.o)
                              /usr/lib/gcc/arm-none-eabi/9.2.1/../../../arm-none-eabi/lib/thumb/v6-m/nofp/libc.a(lib_a-realloc.o) (_realloc_r)
/usr/lib/gcc/arm-none-eabi/9.2.1/../../../arm-none-eabi/lib/thumb/v6-m/nofp/libc.a(lib_a-sbrkr.o)
                              /usr/lib/gcc/arm-none-eabi/9.2.1/../../../arm-none-eabi/lib/thumb/v6-m/nofp/libc.a(lib_a-mallocr.o) (_sbrk_r)
/usr/lib/gcc/arm-none-eabi/9.2.1/../../../arm-none-eabi/lib/thumb/v6-m/nofp/libc.a(lib_a-strlen-stub.o)
                              CMakeFiles/w5x00_loopback.dir/__/__/libraries/pico-sdk/src/rp2_common/pico_stdio/stdio.c.obj (strlen)
/usr/lib/gcc/arm-none-eabi/9.2.1/../../../arm-none-eabi/lib/thumb/v6-m/nofp/libc.a(lib_a-strncmp.o)
                              CMakeFiles/w5x00_loopback.dir/__/__/libraries/pico-sdk/lib/lwip/src/core/def.c.obj (strncmp)
/usr/lib/gcc/arm-none-eabi/9.2.1/../../../arm-none-eabi/lib/thumb/v6-m/nofp/libc.a(lib_a-strtol.o)
                              /usr/lib/gcc/arm-none-eabi/9.2.1/../../../arm-none-eabi/lib/thumb/v6-m/nofp/libc.a(lib_a-atoi.o) (_strtol_r)
/usr/lib/gcc/arm-none-eabi/9.2.1/../../../arm-none-eabi/lib/thumb/v6-m/nofp/libc.a(lib_a-__atexit.o)
                              /usr/lib/gcc/arm-none-eabi/9.2.1/../../../arm-none-eabi/lib/thumb/v6-m/nofp/libc.a(lib_a-atexit.o) (__register_exitproc)
[...]
Memory Configuration

Name             Origin             Length             Attributes
FLASH            0x0000000010000000 0x0000000000200000 xr
RAM              0x0000000020000000 0x0000000000040000 xrw
SCRATCH_X        0x0000000020040000 0x0000000000001000 xrw
SCRATCH_Y        0x0000000020041000 0x0000000000001000 xrw
*default*        0x0000000000000000 0xffffffffffffffff

Linker script and memory map

LOAD /usr/lib/gcc/arm-none-eabi/9.2.1/thumb/v6-m/nofp/crti.o
LOAD /usr/lib/gcc/arm-none-eabi/9.2.1/thumb/v6-m/nofp/crtbegin.o
LOAD /usr/lib/gcc/arm-none-eabi/9.2.1/../../../arm-none-eabi/lib/thumb/v6-m/nofp/crt0.o

.flash_begin    0x0000000010000000        0x0
                0x0000000010000000                __flash_binary_start = .

.boot2          0x0000000010000000      0x100
                0x0000000010000000                __boot2_start__ = .
 *(.boot2)
 .boot2         0x0000000010000000      0x100 /tmp/ccXQQfyT.o
                0x0000000010000100                __boot2_end__ = .
                0x0000000000000001                ASSERT (((__boot2_end__ - __boot2_start__) == 0x100), ERROR: Pico second stage bootloader must be 256 bytes in size)

.text           0x0000000010000100    0x13b50
                0x0000000010000100                __logical_binary_start = .
 *(.vectors)
 .vectors       0x0000000010000100       0xd4 CMakeFiles/w5x00_loopback.dir/__/__/libraries/pico-sdk/src/rp2_common/pico_standard_link/crt0.S.obj
                0x0000000010000100                __vectors
                0x0000000010000100                __VECTOR_TABLE
                0x00000000100001c0                isr_invalid
                0x00000000100001c0                __default_isrs_start
                0x00000000100001c2                isr_nmi
                0x00000000100001c4                isr_hardfault
                0x00000000100001c6                isr_svcall
                0x00000000100001c8                isr_pendsv
                0x00000000100001ca                isr_systick
                0x00000000100001cc                isr_irq30
                0x00000000100001cc                __unhandled_user_irq
                0x00000000100001cc                isr_irq13
                0x00000000100001cc                isr_irq27
                0x00000000100001cc                isr_irq31
                0x00000000100001cc                isr_irq5
                0x00000000100001cc                isr_irq11
                0x00000000100001cc                isr_irq23
                0x00000000100001cc                isr_irq18
                0x00000000100001cc                isr_irq28
                0x00000000100001cc                isr_irq19
                0x00000000100001cc                isr_irq0
                0x00000000100001cc                isr_irq6
                0x00000000100001cc                isr_irq22
                0x00000000100001cc                isr_irq17
                0x00000000100001cc                isr_irq14
                0x00000000100001cc                isr_irq2
                0x00000000100001cc                isr_irq10
                0x00000000100001cc                isr_irq8
                0x00000000100001cc                isr_irq24
                0x00000000100001cc                isr_irq1
                0x00000000100001cc                isr_irq7
                0x00000000100001cc                isr_irq21
                0x00000000100001cc                isr_irq20
                0x00000000100001cc                isr_irq15
                0x00000000100001cc                isr_irq25
                0x00000000100001cc                isr_irq4
                0x00000000100001cc                isr_irq16
                0x00000000100001cc                isr_irq29
                0x00000000100001cc                isr_irq26
                0x00000000100001cc                __default_isrs_end
                0x00000000100001cc                isr_irq3
                0x00000000100001cc                isr_irq12
                0x00000000100001cc                isr_irq9
                0x00000000100001d2                unhandled_user_irq_num_in_r0
 *(.binary_info_header)
 .binary_info_header
                0x00000000100001d4       0x14 CMakeFiles/w5x00_loopback.dir/__/__/libraries/pico-sdk/src/rp2_common/pico_standard_link/crt0.S.obj
                0x00000000100001e8                __binary_info_header_end = .
 *(.reset)
 .reset         0x00000000100001e8       0xa8 CMakeFiles/w5x00_loopback.dir/__/__/libraries/pico-sdk/src/rp2_common/pico_standard_link/crt0.S.obj
                0x00000000100001e8                _entry_point
                0x0000000010000266                __get_current_exception
 .reset         0x0000000010000290       0x30 CMakeFiles/w5x00_loopback.dir/__/__/libraries/pico-sdk/src/rp2_common/pico_standard_link/binary_info.c.obj
 *(.init)
 .init          0x00000000100002c0        0x4 /usr/lib/gcc/arm-none-eabi/9.2.1/thumb/v6-m/nofp/crti.o
                0x00000000100002c0                _init
 *(EXCLUDE_FILE(*libm.a: *libc.a:*lib_a-mem*.o *libgcc.a:) .text*)
 .text          0x00000000100002c4       0x98 /usr/lib/gcc/arm-none-eabi/9.2.1/thumb/v6-m/nofp/crtbegin.o
 .text.startup.main
                0x000000001000035c      0x1cc CMakeFiles/w5x00_loopback.dir/w5x00_loopback.c.obj
                0x000000001000035c                main
 .text.tcp_echoserver_error
                0x0000000010000528        0xc CMakeFiles/w5x00_loopback.dir/tcp_echoserver/tcp_echoserver.c.obj
                0x0000000010000528                tcp_echoserver_error
 .text.tcp_echoserver_accept
                0x0000000010000534       0x88 CMakeFiles/w5x00_loopback.dir/tcp_echoserver/tcp_echoserver.c.obj
                0x0000000010000534                tcp_echoserver_accept
 .text.tcp_echoserver_init
                0x00000000100005bc       0x48 CMakeFiles/w5x00_loopback.dir/tcp_echoserver/tcp_echoserver.c.obj
                0x00000000100005bc                tcp_echoserver_init
 .text.tcp_echoserver_send
                0x0000000010000604       0x60 CMakeFiles/w5x00_loopback.dir/tcp_echoserver/tcp_echoserver.c.obj
                0x0000000010000604                tcp_echoserver_send
 .text.tcp_echoserver_recv
                0x0000000010000664       0xc0 CMakeFiles/w5x00_loopback.dir/tcp_echoserver/tcp_echoserver.c.obj
                0x0000000010000664                tcp_echoserver_recv
 .text.tcp_echoserver_poll
                0x0000000010000724       0x78 CMakeFiles/w5x00_loopback.dir/tcp_echoserver/tcp_echoserver.c.obj
                0x0000000010000724                tcp_echoserver_poll
 .text.tcp_echoserver_sent
                0x000000001000079c       0x68 CMakeFiles/w5x00_loopback.dir/tcp_echoserver/tcp_echoserver.c.obj
                0x000000001000079c                tcp_echoserver_sent
 .text.set_sys_clock_pll
                0x0000000010000804       0x78 CMakeFiles/w5x00_loopback.dir/__/__/libraries/pico-sdk/src/rp2_common/pico_stdlib/stdlib.c.obj
                0x0000000010000804                set_sys_clock_pll
 .text.check_sys_clock_khz
                0x000000001000087c      0x16c CMakeFiles/w5x00_loopback.dir/__/__/libraries/pico-sdk/src/rp2_common/pico_stdlib/stdlib.c.obj
                0x000000001000087c                check_sys_clock_khz
 .text.gpio_set_function
                0x00000000100009e8       0x30 CMakeFiles/w5x00_loopback.dir/__/__/libraries/pico-sdk/src/rp2_common/hardware_gpio/gpio.c.obj
                0x00000000100009e8                gpio_set_function
 .text.gpio_init
                0x0000000010000a18       0x3c CMakeFiles/w5x00_loopback.dir/__/__/libraries/pico-sdk/src/rp2_common/hardware_gpio/gpio.c.obj
                0x0000000010000a18                gpio_init
 .text.hw_claim_or_assert
                0x0000000010000a54       0x48 CMakeFiles/w5x00_loopback.dir/__/__/libraries/pico-sdk/src/rp2_common/hardware_claim/claim.c.obj
                0x0000000010000a54                hw_claim_or_assert
 .text.hw_claim_unused_from_range
                0x0000000010000a9c       0x9c CMakeFiles/w5x00_loopback.dir/__/__/libraries/pico-sdk/src/rp2_common/hardware_claim/claim.c.obj
                0x0000000010000a9c                hw_claim_unused_from_range
 .text.running_on_fpga
                0x0000000010000b38       0x10 CMakeFiles/w5x00_loopback.dir/__/__/libraries/pico-sdk/src/rp2_common/pico_platform/platform.c.obj
                0x0000000010000b38                running_on_fpga
 .text.spin_locks_reset
                0x0000000010000b48       0x1c CMakeFiles/w5x00_loopback.dir/__/__/libraries/pico-sdk/src/rp2_common/hardware_sync/sync.c.obj
                0x0000000010000b48                spin_locks_reset
 .text.next_striped_spin_lock_num
                0x0000000010000b64       0x18 CMakeFiles/w5x00_loopback.dir/__/__/libraries/pico-sdk/src/rp2_common/hardware_sync/sync.c.obj
                0x0000000010000b64                next_striped_spin_lock_num
 .text.spin_lock_claim_unused
                0x0000000010000b7c       0x20 CMakeFiles/w5x00_loopback.dir/__/__/libraries/pico-sdk/src/rp2_common/hardware_sync/sync.c.obj
                0x0000000010000b7c                spin_lock_claim_unused
 .text.irq_set_enabled
                0x0000000010000b9c       0x24 CMakeFiles/w5x00_loopback.dir/__/__/libraries/pico-sdk/src/rp2_common/hardware_irq/irq.c.obj
                0x0000000010000b9c                irq_set_enabled
 .text.irq_set_pending
                0x0000000010000bc0       0x10 CMakeFiles/w5x00_loopback.dir/__/__/libraries/pico-sdk/src/rp2_common/hardware_irq/irq.c.obj
                0x0000000010000bc0                irq_set_pending
 .text.irq_has_shared_handler
                0x0000000010000bd0       0x2c CMakeFiles/w5x00_loopback.dir/__/__/libraries/pico-sdk/src/rp2_common/hardware_irq/irq.c.obj
                0x0000000010000bd0                irq_has_shared_handler
 .text.irq_get_vtable_handler
                0x0000000010000bfc       0x10 CMakeFiles/w5x00_loopback.dir/__/__/libraries/pico-sdk/src/rp2_common/hardware_irq/irq.c.obj
                0x0000000010000bfc                irq_get_vtable_handler
 .text.irq_set_exclusive_handler
                0x0000000010000c0c       0x54 CMakeFiles/w5x00_loopback.dir/__/__/libraries/pico-sdk/src/rp2_common/hardware_irq/irq.c.obj
                0x0000000010000c0c                irq_set_exclusive_handler
 .text.irq_add_shared_handler
                0x0000000010000c60      0x1c0 CMakeFiles/w5x00_loopback.dir/__/__/libraries/pico-sdk/src/rp2_common/hardware_irq/irq.c.obj
                0x0000000010000c60                irq_add_shared_handler
 .text.irq_remove_handler
                0x0000000010000e20      0x1b4 CMakeFiles/w5x00_loopback.dir/__/__/libraries/pico-sdk/src/rp2_common/hardware_irq/irq.c.obj
                0x0000000010000e20                irq_remove_handler
 .text.irq_add_tail_to_free_list
                0x0000000010000fd4       0xb8 CMakeFiles/w5x00_loopback.dir/__/__/libraries/pico-sdk/src/rp2_common/hardware_irq/irq.c.obj
                0x0000000010000fd4                irq_add_tail_to_free_list
 .text.irq_init_priorities
                0x000000001000108c       0x24 CMakeFiles/w5x00_loopback.dir/__/__/libraries/pico-sdk/src/rp2_common/hardware_irq/irq.c.obj
                0x000000001000108c                irq_init_priorities
 .text.user_irq_claim_unused
                0x00000000100010b0       0x30 CMakeFiles/w5x00_loopback.dir/__/__/libraries/pico-sdk/src/rp2_common/hardware_irq/irq.c.obj
                0x00000000100010b0                user_irq_claim_unused
 .text.lock_init
                0x00000000100010e0       0x10 CMakeFiles/w5x00_loopback.dir/__/__/libraries/pico-sdk/src/common/pico_sync/lock_core.c.obj
                0x00000000100010e0                lock_init
 .text.timer_pool_entry_comparator
                0x00000000100010f0       0x34 CMakeFiles/w5x00_loopback.dir/__/__/libraries/pico-sdk/src/common/pico_time/time.c.obj
                0x00000000100010f0                timer_pool_entry_comparator
 .text.sleep_until_callback
                0x0000000010001124       0x30 CMakeFiles/w5x00_loopback.dir/__/__/libraries/pico-sdk/src/common/pico_time/time.c.obj
 .text.alarm_pool_add_alarm_at.constprop.0
                0x0000000010001154      0x128 CMakeFiles/w5x00_loopback.dir/__/__/libraries/pico-sdk/src/common/pico_time/time.c.obj
 .text.add_alarm_under_lock
                0x000000001000127c      0x108 CMakeFiles/w5x00_loopback.dir/__/__/libraries/pico-sdk/src/common/pico_time/time.c.obj
 .text.alarm_pool_alarm_callback
                0x0000000010001384      0x1c8 CMakeFiles/w5x00_loopback.dir/__/__/libraries/pico-sdk/src/common/pico_time/time.c.obj
 .text.alarm_pool_init_default
                0x000000001000154c       0x64 CMakeFiles/w5x00_loopback.dir/__/__/libraries/pico-sdk/src/common/pico_time/time.c.obj
                0x000000001000154c                alarm_pool_init_default
 .text.alarm_pool_get_default
                0x00000000100015b0        0x8 CMakeFiles/w5x00_loopback.dir/__/__/libraries/pico-sdk/src/common/pico_time/time.c.obj
                0x00000000100015b0                alarm_pool_get_default
 .text.alarm_pool_add_alarm_at
                0x00000000100015b8      0x1ac CMakeFiles/w5x00_loopback.dir/__/__/libraries/pico-sdk/src/common/pico_time/time.c.obj
                0x00000000100015b8                alarm_pool_add_alarm_at
 .text.sleep_until
                0x0000000010001764       0xac CMakeFiles/w5x00_loopback.dir/__/__/libraries/pico-sdk/src/common/pico_time/time.c.obj
                0x0000000010001764                sleep_until
 .text.sleep_ms
                0x0000000010001810       0x38 CMakeFiles/w5x00_loopback.dir/__/__/libraries/pico-sdk/src/common/pico_time/time.c.obj
                0x0000000010001810                sleep_ms
 .text.best_effort_wfe_or_timeout
                0x0000000010001848       0xd4 CMakeFiles/w5x00_loopback.dir/__/__/libraries/pico-sdk/src/common/pico_time/time.c.obj
                0x0000000010001848                best_effort_wfe_or_timeout
 .text.hardware_alarm_irq_handler
                0x000000001000191c       0xb8 CMakeFiles/w5x00_loopback.dir/__/__/libraries/pico-sdk/src/rp2_common/hardware_timer/timer.c.obj
 .text.hardware_alarm_claim
                0x00000000100019d4       0x18 CMakeFiles/w5x00_loopback.dir/__/__/libraries/pico-sdk/src/rp2_common/hardware_timer/timer.c.obj
                0x00000000100019d4                hardware_alarm_claim
 .text.time_us_64
                0x00000000100019ec       0x14 CMakeFiles/w5x00_loopback.dir/__/__/libraries/pico-sdk/src/rp2_common/hardware_timer/timer.c.obj
                0x00000000100019ec                time_us_64
 .text.busy_wait_until
                0x0000000010001a00       0x20 CMakeFiles/w5x00_loopback.dir/__/__/libraries/pico-sdk/src/rp2_common/hardware_timer/timer.c.obj
                0x0000000010001a00                busy_wait_until
 .text.hardware_alarm_set_callback
                0x0000000010001a20       0x8c CMakeFiles/w5x00_loopback.dir/__/__/libraries/pico-sdk/src/rp2_common/hardware_timer/timer.c.obj
                0x0000000010001a20                hardware_alarm_set_callback
 .text.hardware_alarm_set_target
                0x0000000010001aac       0xe4 CMakeFiles/w5x00_loopback.dir/__/__/libraries/pico-sdk/src/rp2_common/hardware_timer/timer.c.obj
                0x0000000010001aac                hardware_alarm_set_target
 .text.hardware_alarm_cancel
                0x0000000010001b90       0x40 CMakeFiles/w5x00_loopback.dir/__/__/libraries/pico-sdk/src/rp2_common/hardware_timer/timer.c.obj
                0x0000000010001b90                hardware_alarm_cancel
 .text.ph_merge_nodes
                0x0000000010001bd0       0x68 CMakeFiles/w5x00_loopback.dir/__/__/libraries/pico-sdk/src/common/pico_util/pheap.c.obj
 .text.ph_post_alloc_init
                0x0000000010001c38       0x3c CMakeFiles/w5x00_loopback.dir/__/__/libraries/pico-sdk/src/common/pico_util/pheap.c.obj
                0x0000000010001c38                ph_post_alloc_init
 .text.ph_merge_two_pass
                0x0000000010001c74       0x90 CMakeFiles/w5x00_loopback.dir/__/__/libraries/pico-sdk/src/common/pico_util/pheap.c.obj
                0x0000000010001c74                ph_merge_two_pass
 .text.ph_remove_any_head
                0x0000000010001d04       0xf8 CMakeFiles/w5x00_loopback.dir/__/__/libraries/pico-sdk/src/common/pico_util/pheap.c.obj
 .text.ph_remove_head
                0x0000000010001dfc      0x13c CMakeFiles/w5x00_loopback.dir/__/__/libraries/pico-sdk/src/common/pico_util/pheap.c.obj
                0x0000000010001dfc                ph_remove_head
 .text.ph_remove_and_free_node
                0x0000000010001f38       0x7c CMakeFiles/w5x00_loopback.dir/__/__/libraries/pico-sdk/src/common/pico_util/pheap.c.obj
                0x0000000010001f38                ph_remove_and_free_node
 .text.mutex_init
                0x0000000010001fb4       0x1c CMakeFiles/w5x00_loopback.dir/__/__/libraries/pico-sdk/src/common/pico_sync/mutex.c.obj
                0x0000000010001fb4                mutex_init
 .text.recursive_mutex_init
                0x0000000010001fd0       0x1c CMakeFiles/w5x00_loopback.dir/__/__/libraries/pico-sdk/src/common/pico_sync/mutex.c.obj
                0x0000000010001fd0                recursive_mutex_init
 .text.critical_section_init
                0x0000000010001fec       0x1c CMakeFiles/w5x00_loopback.dir/__/__/libraries/pico-sdk/src/common/pico_sync/critical_section.c.obj
                0x0000000010001fec                critical_section_init
 .text.runtime_init
                0x0000000010002008       0xf0 CMakeFiles/w5x00_loopback.dir/__/__/libraries/pico-sdk/src/rp2_common/pico_runtime/runtime.c.obj
                0x0000000010002008                runtime_init
 .text._sbrk    0x00000000100020f8       0x34 CMakeFiles/w5x00_loopback.dir/__/__/libraries/pico-sdk/src/rp2_common/pico_runtime/runtime.c.obj
                0x00000000100020f8                _sbrk
 .text.exit     0x000000001000212c        0x4 CMakeFiles/w5x00_loopback.dir/__/__/libraries/pico-sdk/src/rp2_common/pico_runtime/runtime.c.obj
                0x000000001000212c                exit
 .text.panic    0x0000000010002130       0x30 CMakeFiles/w5x00_loopback.dir/__/__/libraries/pico-sdk/src/rp2_common/pico_runtime/runtime.c.obj
                0x0000000010002130                panic
 .text.hard_assertion_failure
                0x0000000010002160        0xc CMakeFiles/w5x00_loopback.dir/__/__/libraries/pico-sdk/src/rp2_common/pico_runtime/runtime.c.obj
                0x0000000010002160                hard_assertion_failure
 .text.clock_configure
                0x000000001000216c      0x114 CMakeFiles/w5x00_loopback.dir/__/__/libraries/pico-sdk/src/rp2_common/hardware_clocks/clocks.c.obj
                0x000000001000216c                clock_configure
 .text.clocks_init
                0x0000000010002280      0x2bc CMakeFiles/w5x00_loopback.dir/__/__/libraries/pico-sdk/src/rp2_common/hardware_clocks/clocks.c.obj
                0x0000000010002280                clocks_init
 .text.clock_get_hz
                0x000000001000253c        0xc CMakeFiles/w5x00_loopback.dir/__/__/libraries/pico-sdk/src/rp2_common/hardware_clocks/clocks.c.obj
                0x000000001000253c                clock_get_hz
 .text.pll_init
                0x0000000010002548       0xa8 CMakeFiles/w5x00_loopback.dir/__/__/libraries/pico-sdk/src/rp2_common/hardware_pll/pll.c.obj
                0x0000000010002548                pll_init
 .text.watchdog_start_tick
                0x00000000100025f0       0x10 CMakeFiles/w5x00_loopback.dir/__/__/libraries/pico-sdk/src/rp2_common/hardware_watchdog/watchdog.c.obj
                0x00000000100025f0                watchdog_start_tick
 .text.watchdog_reboot
                0x0000000010002600       0x98 CMakeFiles/w5x00_loopback.dir/__/__/libraries/pico-sdk/src/rp2_common/hardware_watchdog/watchdog.c.obj
                0x0000000010002600                watchdog_reboot
 .text.xosc_init
                0x0000000010002698       0x28 CMakeFiles/w5x00_loopback.dir/__/__/libraries/pico-sdk/src/rp2_common/hardware_xosc/xosc.c.obj
                0x0000000010002698                xosc_init
 .text._out_null
                0x00000000100026c0        0x4 CMakeFiles/w5x00_loopback.dir/__/__/libraries/pico-sdk/src/rp2_common/pico_printf/printf.c.obj
 .text._out_rev
                0x00000000100026c4       0xd0 CMakeFiles/w5x00_loopback.dir/__/__/libraries/pico-sdk/src/rp2_common/pico_printf/printf.c.obj
 .text._ntoa_format
                0x0000000010002794      0x1d0 CMakeFiles/w5x00_loopback.dir/__/__/libraries/pico-sdk/src/rp2_common/pico_printf/printf.c.obj
 .text._out_char
                0x0000000010002964       0x10 CMakeFiles/w5x00_loopback.dir/__/__/libraries/pico-sdk/src/rp2_common/pico_printf/printf.c.obj
 .text._out_fct
                0x0000000010002974       0x10 CMakeFiles/w5x00_loopback.dir/__/__/libraries/pico-sdk/src/rp2_common/pico_printf/printf.c.obj
 .text._etoa    0x0000000010002984      0x478 CMakeFiles/w5x00_loopback.dir/__/__/libraries/pico-sdk/src/rp2_common/pico_printf/printf.c.obj
 .text._ftoa    0x0000000010002dfc      0x3e0 CMakeFiles/w5x00_loopback.dir/__/__/libraries/pico-sdk/src/rp2_common/pico_printf/printf.c.obj
 .text._vsnprintf
                0x00000000100031dc      0xb08 CMakeFiles/w5x00_loopback.dir/__/__/libraries/pico-sdk/src/rp2_common/pico_printf/printf.c.obj
 .text.vfctprintf
                0x0000000010003ce4       0x20 CMakeFiles/w5x00_loopback.dir/__/__/libraries/pico-sdk/src/rp2_common/pico_printf/printf.c.obj
                0x0000000010003ce4                vfctprintf
 .text.weak_raw_vprintf
                0x0000000010003d04       0x30 CMakeFiles/w5x00_loopback.dir/__/__/libraries/pico-sdk/src/rp2_common/pico_printf/printf.c.obj
                0x0000000010003d04                weak_raw_vprintf
 .text          0x0000000010003d34       0x10 CMakeFiles/w5x00_loopback.dir/__/__/libraries/pico-sdk/src/rp2_common/pico_bit_ops/bit_ops_aeabi.S.obj
 .text.rom_func_lookup
                0x0000000010003d44       0x10 CMakeFiles/w5x00_loopback.dir/__/__/libraries/pico-sdk/src/rp2_common/pico_bootrom/bootrom.c.obj
                0x0000000010003d44                rom_func_lookup
 .text.rom_data_lookup
                0x0000000010003d54       0x10 CMakeFiles/w5x00_loopback.dir/__/__/libraries/pico-sdk/src/rp2_common/pico_bootrom/bootrom.c.obj
                0x0000000010003d54                rom_data_lookup
 .text.rom_funcs_lookup
                0x0000000010003d64       0x3c CMakeFiles/w5x00_loopback.dir/__/__/libraries/pico-sdk/src/rp2_common/pico_bootrom/bootrom.c.obj
                0x0000000010003d64                rom_funcs_lookup
 .text.__wrap___aeabi_idiv
                0x0000000010003da0       0x50 CMakeFiles/w5x00_loopback.dir/__/__/libraries/pico-sdk/src/rp2_common/pico_divider/divider.S.obj
                0x0000000010003da0                __wrap___aeabi_idivmod
                0x0000000010003da0                divmod_s32s32
                0x0000000010003da0                div_s32s32
                0x0000000010003da0                __wrap___aeabi_idiv
                0x0000000010003da8                divmod_s32s32_unsafe
                0x0000000010003dd4                divmod_s32s32_savestate
 .text.__wrap___aeabi_uidiv
                0x0000000010003df0       0x4c CMakeFiles/w5x00_loopback.dir/__/__/libraries/pico-sdk/src/rp2_common/pico_divider/divider.S.obj
                0x0000000010003df0                __wrap___aeabi_uidiv
                0x0000000010003df0                __wrap___aeabi_uidivmod
                0x0000000010003df0                div_u32u32
                0x0000000010003df0                divmod_u32u32
                0x0000000010003df8                divmod_u32u32_unsafe
                0x0000000010003e20                divmod_u32u32_savestate
 .text.__wrap___aeabi_ldiv
                0x0000000010003e3c      0x434 CMakeFiles/w5x00_loopback.dir/__/__/libraries/pico-sdk/src/rp2_common/pico_divider/divider.S.obj
                0x0000000010003e3c                div_s64s64
                0x0000000010003e3c                divmod_s64s64
                0x0000000010003e3c                __wrap___aeabi_ldivmod
                0x0000000010003e74                div_u64u64
                0x0000000010003e74                divmod_u64u64
                0x0000000010003e74                __wrap___aeabi_uldivmod
                0x0000000010003e84                divmod_u64u64_savestate
                0x0000000010003eac                divmod_s64s64_unsafe
                0x0000000010003f34                divmod_u64u64_unsafe
 .text.__wrap___aeabi_darithmetic
                0x0000000010004270       0x80 CMakeFiles/w5x00_loopback.dir/__/__/libraries/pico-sdk/src/rp2_common/pico_double/double_aeabi.S.obj
                0x0000000010004270                __wrap___aeabi_drsub
                0x0000000010004276                __wrap___aeabi_dsub
                0x0000000010004288                __wrap___aeabi_dadd
                0x000000001000429a                __wrap___aeabi_ddiv
                0x00000000100042d6                __wrap___aeabi_dmul
 .text.__wrap___aeabi_cdcmple
                0x00000000100042f0       0x6c CMakeFiles/w5x00_loopback.dir/__/__/libraries/pico-sdk/src/rp2_common/pico_double/double_aeabi.S.obj
                0x00000000100042f0                __wrap___aeabi_cdrcmple
                0x0000000010004300                __wrap___aeabi_cdcmple
                0x0000000010004300                __wrap___aeabi_cdcmpeq
 .text.__wrap___aeabi_dcmplt
                0x000000001000435c        0xc CMakeFiles/w5x00_loopback.dir/__/__/libraries/pico-sdk/src/rp2_common/pico_double/double_aeabi.S.obj
                0x000000001000435c                __wrap___aeabi_dcmplt
 .text.__wrap___aeabi_dcmple
                0x0000000010004368       0x10 CMakeFiles/w5x00_loopback.dir/__/__/libraries/pico-sdk/src/rp2_common/pico_double/double_aeabi.S.obj
                0x0000000010004368                __wrap___aeabi_dcmple
 .text.__wrap___aeabi_dcmpge
                0x0000000010004378       0x10 CMakeFiles/w5x00_loopback.dir/__/__/libraries/pico-sdk/src/rp2_common/pico_double/double_aeabi.S.obj
                0x0000000010004378                __wrap___aeabi_dcmpge
 .text.__wrap___aeabi_dcmpgt
                0x0000000010004388        0xa CMakeFiles/w5x00_loopback.dir/__/__/libraries/pico-sdk/src/rp2_common/pico_double/double_aeabi.S.obj
                0x0000000010004388                __wrap___aeabi_dcmpgt
 .text.__wrap___aeabi_dcmpun
                0x0000000010004392       0x1c CMakeFiles/w5x00_loopback.dir/__/__/libraries/pico-sdk/src/rp2_common/pico_double/double_aeabi.S.obj
                0x0000000010004392                __wrap___aeabi_dcmpun
 *fill*         0x00000000100043ae        0x2 
 .text.__wrap___aeabi_i2d
                0x00000000100043b0       0x38 CMakeFiles/w5x00_loopback.dir/__/__/libraries/pico-sdk/src/rp2_common/pico_double/double_aeabi.S.obj
                0x00000000100043b0                __wrap___aeabi_ui2d
                0x00000000100043b8                __wrap___aeabi_i2d
 .text.__wrap___aeabi_d2iz
                0x00000000100043e8       0x48 CMakeFiles/w5x00_loopback.dir/__/__/libraries/pico-sdk/src/rp2_common/pico_double/double_aeabi.S.obj
                0x00000000100043e8                __wrap___aeabi_d2iz
                0x00000000100043e8                double2int_z
 .text.__wrap___aeabi_d2uiz
                0x0000000010004430       0x18 CMakeFiles/w5x00_loopback.dir/__/__/libraries/pico-sdk/src/rp2_common/pico_double/double_aeabi.S.obj
                0x0000000010004430                double2uint
                0x0000000010004430                __wrap___aeabi_d2uiz
 .text.__aeabi_double_init
                0x0000000010004448       0xc0 CMakeFiles/w5x00_loopback.dir/__/__/libraries/pico-sdk/src/rp2_common/pico_double/double_init_rom.c.obj
                0x0000000010004448                __aeabi_double_init
 .text.double_table_shim_on_use_helper
                0x0000000010004508       0x2c CMakeFiles/w5x00_loopback.dir/__/__/libraries/pico-sdk/src/rp2_common/pico_double/double_v1_rom_shim.S.obj
                0x0000000010004508                double_table_shim_on_use_helper
 .text.__wrap___aeabi_dsub
                0x0000000010004534       0x10 CMakeFiles/w5x00_loopback.dir/__/__/libraries/pico-sdk/src/rp2_common/pico_double/double_v1_rom_shim.S.obj
                0x0000000010004534                drsub_shim
                0x000000001000453a                dsub_shim
 .text.dadd_shim
                0x0000000010004544      0x15c CMakeFiles/w5x00_loopback.dir/__/__/libraries/pico-sdk/src/rp2_common/pico_double/double_v1_rom_shim.S.obj
                0x0000000010004544                dadd_shim
 .text.dmul_shim
                0x00000000100046a0      0x15c CMakeFiles/w5x00_loopback.dir/__/__/libraries/pico-sdk/src/rp2_common/pico_double/double_v1_rom_shim.S.obj
                0x00000000100046a0                dmul_shim
 .text.ddiv_shim
                0x00000000100047fc      0x1b0 CMakeFiles/w5x00_loopback.dir/__/__/libraries/pico-sdk/src/rp2_common/pico_double/double_v1_rom_shim.S.obj
                0x00000000100047fc                ddiv_shim
 .text.double2uint_shim
                0x00000000100049ac        0xe CMakeFiles/w5x00_loopback.dir/__/__/libraries/pico-sdk/src/rp2_common/pico_double/double_v1_rom_shim.S.obj
                0x00000000100049ac                double2uint_shim
                0x00000000100049ae                double2ufix_shim
 *fill*         0x00000000100049ba        0x2 
 .text.double2uint64_shim
                0x00000000100049bc       0x70 CMakeFiles/w5x00_loopback.dir/__/__/libraries/pico-sdk/src/rp2_common/pico_double/double_v1_rom_shim.S.obj
                0x00000000100049bc                double2uint64_shim
                0x00000000100049be                double2ufix64_shim
                0x00000000100049de                d2fix_a
 .text.dunpacks
                0x0000000010004a2c       0x3c CMakeFiles/w5x00_loopback.dir/__/__/libraries/pico-sdk/src/rp2_common/pico_double/double_v1_rom_shim.S.obj
                0x0000000010004a2c                dunpacks
 .text.__aeabi_lmul
                0x0000000010004a68       0x32 CMakeFiles/w5x00_loopback.dir/__/__/libraries/pico-sdk/src/rp2_common/pico_int64_ops/pico_int64_ops_aeabi.S.obj
                0x0000000010004a68                __wrap___aeabi_lmul
 *fill*         0x0000000010004a9a        0x2 
 .text.__aeabi_float_init
                0x0000000010004a9c       0x64 CMakeFiles/w5x00_loopback.dir/__/__/libraries/pico-sdk/src/rp2_common/pico_float/float_init_rom.c.obj
                0x0000000010004a9c                __aeabi_float_init
 .text.float_table_shim_on_use_helper
                0x0000000010004b00       0x2c CMakeFiles/w5x00_loopback.dir/__/__/libraries/pico-sdk/src/rp2_common/pico_float/float_v1_rom_shim.S.obj
                0x0000000010004b00                float_table_shim_on_use_helper
 .text.__wrap_malloc
                0x0000000010004b2c       0x24 CMakeFiles/w5x00_loopback.dir/__/__/libraries/pico-sdk/src/rp2_common/pico_malloc/pico_malloc.c.obj
                0x0000000010004b2c                __wrap_malloc
 .text.__wrap_free
                0x0000000010004b50        0x8 CMakeFiles/w5x00_loopback.dir/__/__/libraries/pico-sdk/src/rp2_common/pico_malloc/pico_malloc.c.obj
                0x0000000010004b50                __wrap_free
 .text          0x0000000010004b58       0x10 CMakeFiles/w5x00_loopback.dir/__/__/libraries/pico-sdk/src/rp2_common/pico_mem_ops/mem_ops_aeabi.S.obj
                0x0000000010004b58                __aeabi_mem_init
 .text.memset   0x0000000010004b68        0xc CMakeFiles/w5x00_loopback.dir/__/__/libraries/pico-sdk/src/rp2_common/pico_mem_ops/mem_ops_aeabi.S.obj
                0x0000000010004b68                __wrap_memset
 .text.memcpy   0x0000000010004b74        0xc CMakeFiles/w5x00_loopback.dir/__/__/libraries/pico-sdk/src/rp2_common/pico_mem_ops/mem_ops_aeabi.S.obj
                0x0000000010004b74                __wrap___aeabi_memcpy
                0x0000000010004b74                __wrap_memcpy
 .text.stdio_out_chars_no_crlf
                0x0000000010004b80       0x10 CMakeFiles/w5x00_loopback.dir/__/__/libraries/pico-sdk/src/rp2_common/pico_stdio/stdio.c.obj
 .text.stdio_out_chars_crlf
                0x0000000010004b90       0x94 CMakeFiles/w5x00_loopback.dir/__/__/libraries/pico-sdk/src/rp2_common/pico_stdio/stdio.c.obj
 .text.stdio_buffered_printer
                0x0000000010004c24       0x64 CMakeFiles/w5x00_loopback.dir/__/__/libraries/pico-sdk/src/rp2_common/pico_stdio/stdio.c.obj
 .text.stdio_put_string
                0x0000000010004c88      0x100 CMakeFiles/w5x00_loopback.dir/__/__/libraries/pico-sdk/src/rp2_common/pico_stdio/stdio.c.obj
 .text.__wrap_putchar
                0x0000000010004d88       0xa4 CMakeFiles/w5x00_loopback.dir/__/__/libraries/pico-sdk/src/rp2_common/pico_stdio/stdio.c.obj
                0x0000000010004d88                __wrap_putchar
 .text.__wrap_puts
                0x0000000010004e2c       0x3c CMakeFiles/w5x00_loopback.dir/__/__/libraries/pico-sdk/src/rp2_common/pico_stdio/stdio.c.obj
                0x0000000010004e2c                __wrap_puts
 .text.stdio_set_driver_enabled
                0x0000000010004e68       0x30 CMakeFiles/w5x00_loopback.dir/__/__/libraries/pico-sdk/src/rp2_common/pico_stdio/stdio.c.obj
                0x0000000010004e68                stdio_set_driver_enabled
 .text.__wrap_vprintf
                0x0000000010004e98       0xd8 CMakeFiles/w5x00_loopback.dir/__/__/libraries/pico-sdk/src/rp2_common/pico_stdio/stdio.c.obj
                0x0000000010004e98                __wrap_vprintf
 .text.__wrap_printf
                0x0000000010004f70       0x18 CMakeFiles/w5x00_loopback.dir/__/__/libraries/pico-sdk/src/rp2_common/pico_stdio/stdio.c.obj
                0x0000000010004f70                __wrap_printf
 .text.stdio_init_all
                0x0000000010004f88        0x8 CMakeFiles/w5x00_loopback.dir/__/__/libraries/pico-sdk/src/rp2_common/pico_stdio/stdio.c.obj
                0x0000000010004f88                stdio_init_all
 .text.resetd_init
                0x0000000010004f90        0x4 CMakeFiles/w5x00_loopback.dir/__/__/libraries/pico-sdk/src/rp2_common/pico_stdio_usb/reset_interface.c.obj
 .text.resetd_reset
                0x0000000010004f94        0xc CMakeFiles/w5x00_loopback.dir/__/__/libraries/pico-sdk/src/rp2_common/pico_stdio_usb/reset_interface.c.obj
 .text.resetd_open
                0x0000000010004fa0       0x28 CMakeFiles/w5x00_loopback.dir/__/__/libraries/pico-sdk/src/rp2_common/pico_stdio_usb/reset_interface.c.obj
 .text.resetd_xfer_cb
                0x0000000010004fc8        0x4 CMakeFiles/w5x00_loopback.dir/__/__/libraries/pico-sdk/src/rp2_common/pico_stdio_usb/reset_interface.c.obj
 .text.resetd_control_xfer_cb
                0x0000000010004fcc       0x64 CMakeFiles/w5x00_loopback.dir/__/__/libraries/pico-sdk/src/rp2_common/pico_stdio_usb/reset_interface.c.obj
 .text.usbd_app_driver_get_cb
                0x0000000010005030        0xc CMakeFiles/w5x00_loopback.dir/__/__/libraries/pico-sdk/src/rp2_common/pico_stdio_usb/reset_interface.c.obj
                0x0000000010005030                usbd_app_driver_get_cb
 .text.tud_cdc_line_coding_cb
                0x000000001000503c       0x34 CMakeFiles/w5x00_loopback.dir/__/__/libraries/pico-sdk/src/rp2_common/pico_stdio_usb/reset_interface.c.obj
                0x000000001000503c                tud_cdc_line_coding_cb
 .text.stdio_usb_in_chars
                0x0000000010005070       0x68 CMakeFiles/w5x00_loopback.dir/__/__/libraries/pico-sdk/src/rp2_common/pico_stdio_usb/stdio_usb.c.obj
                0x0000000010005070                stdio_usb_in_chars
 .text.stdio_usb_out_chars
                0x00000000100050d8       0xec CMakeFiles/w5x00_loopback.dir/__/__/libraries/pico-sdk/src/rp2_common/pico_stdio_usb/stdio_usb.c.obj
 .text.timer_task
                0x00000000100051c4       0x18 CMakeFiles/w5x00_loopback.dir/__/__/libraries/pico-sdk/src/rp2_common/pico_stdio_usb/stdio_usb.c.obj
 .text.usb_irq  0x00000000100051dc       0x10 CMakeFiles/w5x00_loopback.dir/__/__/libraries/pico-sdk/src/rp2_common/pico_stdio_usb/stdio_usb.c.obj
 .text.low_priority_worker_irq
                0x00000000100051ec       0x24 CMakeFiles/w5x00_loopback.dir/__/__/libraries/pico-sdk/src/rp2_common/pico_stdio_usb/stdio_usb.c.obj
 .text.stdio_usb_init
                0x0000000010005210       0xb0 CMakeFiles/w5x00_loopback.dir/__/__/libraries/pico-sdk/src/rp2_common/pico_stdio_usb/stdio_usb.c.obj
                0x0000000010005210                stdio_usb_init
 .text.tud_descriptor_device_cb
                0x00000000100052c0        0x8 CMakeFiles/w5x00_loopback.dir/__/__/libraries/pico-sdk/src/rp2_common/pico_stdio_usb/stdio_usb_descriptors.c.obj
                0x00000000100052c0                tud_descriptor_device_cb
 .text.tud_descriptor_configuration_cb
                0x00000000100052c8        0x8 CMakeFiles/w5x00_loopback.dir/__/__/libraries/pico-sdk/src/rp2_common/pico_stdio_usb/stdio_usb_descriptors.c.obj
                0x00000000100052c8                tud_descriptor_configuration_cb
 .text.tud_descriptor_string_cb
                0x00000000100052d0       0x70 CMakeFiles/w5x00_loopback.dir/__/__/libraries/pico-sdk/src/rp2_common/pico_stdio_usb/stdio_usb_descriptors.c.obj
                0x00000000100052d0                tud_descriptor_string_cb
 .text.dcd_rp2040_irq
                0x0000000010005340      0x21c CMakeFiles/w5x00_loopback.dir/__/__/libraries/pico-sdk/lib/tinyusb/src/portable/raspberrypi/rp2040/dcd_rp2040.c.obj
 .text.dcd_int_enable
                0x000000001000555c        0xc CMakeFiles/w5x00_loopback.dir/__/__/libraries/pico-sdk/lib/tinyusb/src/portable/raspberrypi/rp2040/dcd_rp2040.c.obj
                0x000000001000555c                dcd_int_enable
 .text.dcd_set_address
                0x0000000010005568       0x14 CMakeFiles/w5x00_loopback.dir/__/__/libraries/pico-sdk/lib/tinyusb/src/portable/raspberrypi/rp2040/dcd_rp2040.c.obj
                0x0000000010005568                dcd_set_address
 .text.dcd_connect
                0x000000001000557c       0x10 CMakeFiles/w5x00_loopback.dir/__/__/libraries/pico-sdk/lib/tinyusb/src/portable/raspberrypi/rp2040/dcd_rp2040.c.obj
                0x000000001000557c                dcd_connect
 .text.dcd_init
                0x000000001000558c      0x148 CMakeFiles/w5x00_loopback.dir/__/__/libraries/pico-sdk/lib/tinyusb/src/portable/raspberrypi/rp2040/dcd_rp2040.c.obj
                0x000000001000558c                dcd_init
 .text.dcd_edpt0_status_complete
                0x00000000100056d4       0x1c CMakeFiles/w5x00_loopback.dir/__/__/libraries/pico-sdk/lib/tinyusb/src/portable/raspberrypi/rp2040/dcd_rp2040.c.obj
                0x00000000100056d4                dcd_edpt0_status_complete
 .text.dcd_edpt_open
                0x00000000100056f0       0xf0 CMakeFiles/w5x00_loopback.dir/__/__/libraries/pico-sdk/lib/tinyusb/src/portable/raspberrypi/rp2040/dcd_rp2040.c.obj
                0x00000000100056f0                dcd_edpt_open
 .text.dcd_edpt_close_all
                0x00000000100057e0       0xbc CMakeFiles/w5x00_loopback.dir/__/__/libraries/pico-sdk/lib/tinyusb/src/portable/raspberrypi/rp2040/dcd_rp2040.c.obj
                0x00000000100057e0                dcd_edpt_close_all
 .text.dcd_edpt_xfer
                0x000000001000589c       0x24 CMakeFiles/w5x00_loopback.dir/__/__/libraries/pico-sdk/lib/tinyusb/src/portable/raspberrypi/rp2040/dcd_rp2040.c.obj
                0x000000001000589c                dcd_edpt_xfer
 .text.dcd_edpt_stall
                0x00000000100058c0       0x38 CMakeFiles/w5x00_loopback.dir/__/__/libraries/pico-sdk/lib/tinyusb/src/portable/raspberrypi/rp2040/dcd_rp2040.c.obj
                0x00000000100058c0                dcd_edpt_stall
 .text.dcd_edpt_clear_stall
                0x00000000100058f8       0x30 CMakeFiles/w5x00_loopback.dir/__/__/libraries/pico-sdk/lib/tinyusb/src/portable/raspberrypi/rp2040/dcd_rp2040.c.obj
                0x00000000100058f8                dcd_edpt_clear_stall
 .text._hw_endpoint_buffer_control_update32.part.0
                0x0000000010005928       0x20 CMakeFiles/w5x00_loopback.dir/__/__/libraries/pico-sdk/lib/tinyusb/src/portable/raspberrypi/rp2040/rp2040_usb.c.obj
 .text.rp2040_usb_init
                0x0000000010005948       0x4c CMakeFiles/w5x00_loopback.dir/__/__/libraries/pico-sdk/lib/tinyusb/src/portable/raspberrypi/rp2040/rp2040_usb.c.obj
                0x0000000010005948                rp2040_usb_init
 .text.hw_endpoint_reset_transfer
                0x0000000010005994        0xc CMakeFiles/w5x00_loopback.dir/__/__/libraries/pico-sdk/lib/tinyusb/src/portable/raspberrypi/rp2040/rp2040_usb.c.obj
                0x0000000010005994                hw_endpoint_reset_transfer
 .text._hw_endpoint_buffer_control_update32
                0x00000000100059a0       0x40 CMakeFiles/w5x00_loopback.dir/__/__/libraries/pico-sdk/lib/tinyusb/src/portable/raspberrypi/rp2040/rp2040_usb.c.obj
                0x00000000100059a0                _hw_endpoint_buffer_control_update32
 .text.hw_endpoint_xfer_start
                0x00000000100059e0      0x138 CMakeFiles/w5x00_loopback.dir/__/__/libraries/pico-sdk/lib/tinyusb/src/portable/raspberrypi/rp2040/rp2040_usb.c.obj
                0x00000000100059e0                hw_endpoint_xfer_start
 .text.hw_endpoint_xfer_continue
                0x0000000010005b18      0x1e4 CMakeFiles/w5x00_loopback.dir/__/__/libraries/pico-sdk/lib/tinyusb/src/portable/raspberrypi/rp2040/rp2040_usb.c.obj
                0x0000000010005b18                hw_endpoint_xfer_continue
 .text.tud_mounted
                0x0000000010005cfc       0x10 CMakeFiles/w5x00_loopback.dir/__/__/libraries/pico-sdk/lib/tinyusb/src/device/usbd.c.obj
                0x0000000010005cfc                tud_mounted
 .text.tud_suspended
                0x0000000010005d0c       0x10 CMakeFiles/w5x00_loopback.dir/__/__/libraries/pico-sdk/lib/tinyusb/src/device/usbd.c.obj
                0x0000000010005d0c                tud_suspended
 .text.tud_inited
                0x0000000010005d1c        0xc CMakeFiles/w5x00_loopback.dir/__/__/libraries/pico-sdk/lib/tinyusb/src/device/usbd.c.obj
                0x0000000010005d1c                tud_inited
 .text.tud_init
                0x0000000010005d28       0xd8 CMakeFiles/w5x00_loopback.dir/__/__/libraries/pico-sdk/lib/tinyusb/src/device/usbd.c.obj
                0x0000000010005d28                tud_init
 .text.tud_task
                0x0000000010005e00      0x8ec CMakeFiles/w5x00_loopback.dir/__/__/libraries/pico-sdk/lib/tinyusb/src/device/usbd.c.obj
                0x0000000010005e00                tud_task
 .text.dcd_event_bus_signal
                0x00000000100066ec      0x120 CMakeFiles/w5x00_loopback.dir/__/__/libraries/pico-sdk/lib/tinyusb/src/device/usbd.c.obj
                0x00000000100066ec                dcd_event_bus_signal
 .text.dcd_event_bus_reset
                0x000000001000680c       0x54 CMakeFiles/w5x00_loopback.dir/__/__/libraries/pico-sdk/lib/tinyusb/src/device/usbd.c.obj
                0x000000001000680c                dcd_event_bus_reset
 .text.dcd_event_setup_received
                0x0000000010006860       0x50 CMakeFiles/w5x00_loopback.dir/__/__/libraries/pico-sdk/lib/tinyusb/src/device/usbd.c.obj
                0x0000000010006860                dcd_event_setup_received
 .text.dcd_event_xfer_complete
                0x00000000100068b0       0x68 CMakeFiles/w5x00_loopback.dir/__/__/libraries/pico-sdk/lib/tinyusb/src/device/usbd.c.obj
                0x00000000100068b0                dcd_event_xfer_complete
 .text.usbd_open_edpt_pair
                0x0000000010006918       0x80 CMakeFiles/w5x00_loopback.dir/__/__/libraries/pico-sdk/lib/tinyusb/src/device/usbd.c.obj
                0x0000000010006918                usbd_open_edpt_pair
 .text.usbd_edpt_open
                0x0000000010006998       0x30 CMakeFiles/w5x00_loopback.dir/__/__/libraries/pico-sdk/lib/tinyusb/src/device/usbd.c.obj
                0x0000000010006998                usbd_edpt_open
 .text.usbd_edpt_claim
                0x00000000100069c8       0x64 CMakeFiles/w5x00_loopback.dir/__/__/libraries/pico-sdk/lib/tinyusb/src/device/usbd.c.obj
                0x00000000100069c8                usbd_edpt_claim
 .text.usbd_edpt_release
                0x0000000010006a2c       0x4c CMakeFiles/w5x00_loopback.dir/__/__/libraries/pico-sdk/lib/tinyusb/src/device/usbd.c.obj
                0x0000000010006a2c                usbd_edpt_release
 .text.usbd_edpt_xfer
                0x0000000010006a78       0x48 CMakeFiles/w5x00_loopback.dir/__/__/libraries/pico-sdk/lib/tinyusb/src/device/usbd.c.obj
                0x0000000010006a78                usbd_edpt_xfer
 .text.tud_control_status
                0x0000000010006ac0       0x30 CMakeFiles/w5x00_loopback.dir/__/__/libraries/pico-sdk/lib/tinyusb/src/device/usbd_control.c.obj
                0x0000000010006ac0                tud_control_status
 .text.tud_control_xfer
                0x0000000010006af0       0xb8 CMakeFiles/w5x00_loopback.dir/__/__/libraries/pico-sdk/lib/tinyusb/src/device/usbd_control.c.obj
                0x0000000010006af0                tud_control_xfer
 .text.usbd_control_reset
                0x0000000010006ba8       0x14 CMakeFiles/w5x00_loopback.dir/__/__/libraries/pico-sdk/lib/tinyusb/src/device/usbd_control.c.obj
                0x0000000010006ba8                usbd_control_reset
 .text.usbd_control_set_complete_callback
                0x0000000010006bbc        0xc CMakeFiles/w5x00_loopback.dir/__/__/libraries/pico-sdk/lib/tinyusb/src/device/usbd_control.c.obj
                0x0000000010006bbc                usbd_control_set_complete_callback
 .text.usbd_control_set_request
                0x0000000010006bc8       0x1c CMakeFiles/w5x00_loopback.dir/__/__/libraries/pico-sdk/lib/tinyusb/src/device/usbd_control.c.obj
                0x0000000010006bc8                usbd_control_set_request
 .text.usbd_control_xfer_cb
                0x0000000010006be4       0xf8 CMakeFiles/w5x00_loopback.dir/__/__/libraries/pico-sdk/lib/tinyusb/src/device/usbd_control.c.obj
                0x0000000010006be4                usbd_control_xfer_cb
 .text.tud_cdc_n_connected
                0x0000000010006cdc       0x30 CMakeFiles/w5x00_loopback.dir/__/__/libraries/pico-sdk/lib/tinyusb/src/class/cdc/cdc_device.c.obj
                0x0000000010006cdc                tud_cdc_n_connected
 .text.tud_cdc_n_available
                0x0000000010006d0c       0x18 CMakeFiles/w5x00_loopback.dir/__/__/libraries/pico-sdk/lib/tinyusb/src/class/cdc/cdc_device.c.obj
                0x0000000010006d0c                tud_cdc_n_available
 .text.tud_cdc_n_read
                0x0000000010006d24       0x70 CMakeFiles/w5x00_loopback.dir/__/__/libraries/pico-sdk/lib/tinyusb/src/class/cdc/cdc_device.c.obj
                0x0000000010006d24                tud_cdc_n_read
 .text.tud_cdc_n_write_flush
                0x0000000010006d94       0x78 CMakeFiles/w5x00_loopback.dir/__/__/libraries/pico-sdk/lib/tinyusb/src/class/cdc/cdc_device.c.obj
                0x0000000010006d94                tud_cdc_n_write_flush
 .text.tud_cdc_n_write
                0x0000000010006e0c       0x34 CMakeFiles/w5x00_loopback.dir/__/__/libraries/pico-sdk/lib/tinyusb/src/class/cdc/cdc_device.c.obj
                0x0000000010006e0c                tud_cdc_n_write
 .text.tud_cdc_n_write_available
                0x0000000010006e40       0x18 CMakeFiles/w5x00_loopback.dir/__/__/libraries/pico-sdk/lib/tinyusb/src/class/cdc/cdc_device.c.obj
                0x0000000010006e40                tud_cdc_n_write_available
 .text.cdcd_init
                0x0000000010006e58       0x7c CMakeFiles/w5x00_loopback.dir/__/__/libraries/pico-sdk/lib/tinyusb/src/class/cdc/cdc_device.c.obj
                0x0000000010006e58                cdcd_init
 .text.cdcd_reset
                0x0000000010006ed4       0x2c CMakeFiles/w5x00_loopback.dir/__/__/libraries/pico-sdk/lib/tinyusb/src/class/cdc/cdc_device.c.obj
                0x0000000010006ed4                cdcd_reset
 .text.cdcd_open
                0x0000000010006f00       0xe4 CMakeFiles/w5x00_loopback.dir/__/__/libraries/pico-sdk/lib/tinyusb/src/class/cdc/cdc_device.c.obj
                0x0000000010006f00                cdcd_open
 .text.cdcd_control_xfer_cb
                0x0000000010006fe4       0xe4 CMakeFiles/w5x00_loopback.dir/__/__/libraries/pico-sdk/lib/tinyusb/src/class/cdc/cdc_device.c.obj
                0x0000000010006fe4                cdcd_control_xfer_cb
 .text.cdcd_xfer_cb
                0x00000000100070c8      0x198 CMakeFiles/w5x00_loopback.dir/__/__/libraries/pico-sdk/lib/tinyusb/src/class/cdc/cdc_device.c.obj
                0x00000000100070c8                cdcd_xfer_cb
 .text.tusb_init
                0x0000000010007260        0xc CMakeFiles/w5x00_loopback.dir/__/__/libraries/pico-sdk/lib/tinyusb/src/tusb.c.obj
                0x0000000010007260                tusb_init
 .text.tusb_inited
                0x000000001000726c        0x8 CMakeFiles/w5x00_loopback.dir/__/__/libraries/pico-sdk/lib/tinyusb/src/tusb.c.obj
                0x000000001000726c                tusb_inited
 .text.tu_edpt_validate
                0x0000000010007274       0x78 CMakeFiles/w5x00_loopback.dir/__/__/libraries/pico-sdk/lib/tinyusb/src/tusb.c.obj
                0x0000000010007274                tu_edpt_validate
 .text.tu_edpt_bind_driver
                0x00000000100072ec       0x2c CMakeFiles/w5x00_loopback.dir/__/__/libraries/pico-sdk/lib/tinyusb/src/tusb.c.obj
                0x00000000100072ec                tu_edpt_bind_driver
 .text.tu_fifo_config
                0x0000000010007318       0x78 CMakeFiles/w5x00_loopback.dir/__/__/libraries/pico-sdk/lib/tinyusb/src/common/tusb_fifo.c.obj
                0x0000000010007318                tu_fifo_config
 .text.tu_fifo_count
                0x0000000010007390       0x20 CMakeFiles/w5x00_loopback.dir/__/__/libraries/pico-sdk/lib/tinyusb/src/common/tusb_fifo.c.obj
                0x0000000010007390                tu_fifo_count
 .text.tu_fifo_empty
                0x00000000100073b0       0x10 CMakeFiles/w5x00_loopback.dir/__/__/libraries/pico-sdk/lib/tinyusb/src/common/tusb_fifo.c.obj
                0x00000000100073b0                tu_fifo_empty
 .text.tu_fifo_remaining
                0x00000000100073c0       0x1c CMakeFiles/w5x00_loopback.dir/__/__/libraries/pico-sdk/lib/tinyusb/src/common/tusb_fifo.c.obj
                0x00000000100073c0                tu_fifo_remaining
 .text.tu_fifo_read
                0x00000000100073dc       0x9c CMakeFiles/w5x00_loopback.dir/__/__/libraries/pico-sdk/lib/tinyusb/src/common/tusb_fifo.c.obj
                0x00000000100073dc                tu_fifo_read
 .text.tu_fifo_read_n
                0x0000000010007478      0x100 CMakeFiles/w5x00_loopback.dir/__/__/libraries/pico-sdk/lib/tinyusb/src/common/tusb_fifo.c.obj
                0x0000000010007478                tu_fifo_read_n
 .text.tu_fifo_write
                0x0000000010007578       0x7c CMakeFiles/w5x00_loopback.dir/__/__/libraries/pico-sdk/lib/tinyusb/src/common/tusb_fifo.c.obj
                0x0000000010007578                tu_fifo_write
 .text.tu_fifo_write_n
                0x00000000100075f4       0xf8 CMakeFiles/w5x00_loopback.dir/__/__/libraries/pico-sdk/lib/tinyusb/src/common/tusb_fifo.c.obj
                0x00000000100075f4                tu_fifo_write_n
 .text.tu_fifo_clear
                0x00000000100076ec       0x4c CMakeFiles/w5x00_loopback.dir/__/__/libraries/pico-sdk/lib/tinyusb/src/common/tusb_fifo.c.obj
                0x00000000100076ec                tu_fifo_clear
 .text.tu_fifo_set_overwritable
                0x0000000010007738       0x3c CMakeFiles/w5x00_loopback.dir/__/__/libraries/pico-sdk/lib/tinyusb/src/common/tusb_fifo.c.obj
                0x0000000010007738                tu_fifo_set_overwritable
 .text.startup._retrieve_unique_id_on_boot
                0x0000000010007774       0x10 CMakeFiles/w5x00_loopback.dir/__/__/libraries/pico-sdk/src/rp2_common/pico_unique_id/unique_id.c.obj
 .text.pico_get_unique_board_id_string
                0x0000000010007784      0x1bc CMakeFiles/w5x00_loopback.dir/__/__/libraries/pico-sdk/src/rp2_common/pico_unique_id/unique_id.c.obj
                0x0000000010007784                pico_get_unique_board_id_string
 .text.flash_get_unique_id
                0x0000000010007940       0x40 CMakeFiles/w5x00_loopback.dir/__/__/libraries/pico-sdk/src/rp2_common/hardware_flash/flash.c.obj
                0x0000000010007940                flash_get_unique_id
 .text.spi_init
                0x0000000010007980       0xf4 CMakeFiles/w5x00_loopback.dir/__/__/libraries/pico-sdk/src/rp2_common/hardware_spi/spi.c.obj
                0x0000000010007980                spi_init
 .text.socket   0x0000000010007a74      0x1bc CMakeFiles/w5x00_loopback.dir/__/__/libraries/ioLibrary_Driver/Ethernet/socket.c.obj
                0x0000000010007a74                socket
 .text.getsockopt
                0x0000000010007c30      0x114 CMakeFiles/w5x00_loopback.dir/__/__/libraries/ioLibrary_Driver/Ethernet/socket.c.obj
                0x0000000010007c30                getsockopt
 .text.wizchip_cris_enter
                0x0000000010007d44        0x4 CMakeFiles/w5x00_loopback.dir/__/__/libraries/ioLibrary_Driver/Ethernet/wizchip_conf.c.obj
                0x0000000010007d44                wizchip_cris_enter
 .text.wizchip_bus_readdata
                0x0000000010007d48        0x8 CMakeFiles/w5x00_loopback.dir/__/__/libraries/ioLibrary_Driver/Ethernet/wizchip_conf.c.obj
                0x0000000010007d48                wizchip_bus_readdata
 .text.wizchip_bus_writedata
                0x0000000010007d50        0x4 CMakeFiles/w5x00_loopback.dir/__/__/libraries/ioLibrary_Driver/Ethernet/wizchip_conf.c.obj
                0x0000000010007d50                wizchip_bus_writedata
 .text.wizchip_spi_readbyte
                0x0000000010007d54        0x4 CMakeFiles/w5x00_loopback.dir/__/__/libraries/ioLibrary_Driver/Ethernet/wizchip_conf.c.obj
                0x0000000010007d54                wizchip_spi_readbyte
 .text.wizchip_spi_writebyte
                0x0000000010007d58        0x4 CMakeFiles/w5x00_loopback.dir/__/__/libraries/ioLibrary_Driver/Ethernet/wizchip_conf.c.obj
                0x0000000010007d58                wizchip_spi_writebyte
 .text.wizchip_cris_exit
                0x0000000010007d5c        0x4 CMakeFiles/w5x00_loopback.dir/__/__/libraries/ioLibrary_Driver/Ethernet/wizchip_conf.c.obj
                0x0000000010007d5c                wizchip_cris_exit
 .text.wizchip_cs_select
                0x0000000010007d60        0x4 CMakeFiles/w5x00_loopback.dir/__/__/libraries/ioLibrary_Driver/Ethernet/wizchip_conf.c.obj
                0x0000000010007d60                wizchip_cs_select
 .text.wizchip_cs_deselect
                0x0000000010007d64        0x4 CMakeFiles/w5x00_loopback.dir/__/__/libraries/ioLibrary_Driver/Ethernet/wizchip_conf.c.obj
                0x0000000010007d64                wizchip_cs_deselect
 .text.reg_wizchip_cris_cbfunc
                0x0000000010007d68       0x24 CMakeFiles/w5x00_loopback.dir/__/__/libraries/ioLibrary_Driver/Ethernet/wizchip_conf.c.obj
                0x0000000010007d68                reg_wizchip_cris_cbfunc
 .text.reg_wizchip_cs_cbfunc
                0x0000000010007d8c       0x24 CMakeFiles/w5x00_loopback.dir/__/__/libraries/ioLibrary_Driver/Ethernet/wizchip_conf.c.obj
                0x0000000010007d8c                reg_wizchip_cs_cbfunc
 .text.reg_wizchip_spi_cbfunc
                0x0000000010007db0       0x2c CMakeFiles/w5x00_loopback.dir/__/__/libraries/ioLibrary_Driver/Ethernet/wizchip_conf.c.obj
                0x0000000010007db0                reg_wizchip_spi_cbfunc
 .text.wizchip_sw_reset
                0x0000000010007ddc       0x68 CMakeFiles/w5x00_loopback.dir/__/__/libraries/ioLibrary_Driver/Ethernet/wizchip_conf.c.obj
                0x0000000010007ddc                wizchip_sw_reset
 .text.wizchip_init
                0x0000000010007e44      0x124 CMakeFiles/w5x00_loopback.dir/__/__/libraries/ioLibrary_Driver/Ethernet/wizchip_conf.c.obj
                0x0000000010007e44                wizchip_init
 .text.ctlwizchip
                0x0000000010007f68      0x1ac CMakeFiles/w5x00_loopback.dir/__/__/libraries/ioLibrary_Driver/Ethernet/wizchip_conf.c.obj
                0x0000000010007f68                ctlwizchip
 .text.WIZCHIP_READ.constprop.0
                0x0000000010008114       0x58 CMakeFiles/w5x00_loopback.dir/__/__/libraries/ioLibrary_Driver/Ethernet/W5100S/w5100s.c.obj
 .text.WIZCHIP_WRITE
                0x000000001000816c       0x58 CMakeFiles/w5x00_loopback.dir/__/__/libraries/ioLibrary_Driver/Ethernet/W5100S/w5100s.c.obj
                0x000000001000816c                WIZCHIP_WRITE
 .text.WIZCHIP_READ
                0x00000000100081c4       0x5c CMakeFiles/w5x00_loopback.dir/__/__/libraries/ioLibrary_Driver/Ethernet/W5100S/w5100s.c.obj
                0x00000000100081c4                WIZCHIP_READ
 .text.WIZCHIP_WRITE_BUF
                0x0000000010008220       0x70 CMakeFiles/w5x00_loopback.dir/__/__/libraries/ioLibrary_Driver/Ethernet/W5100S/w5100s.c.obj
                0x0000000010008220                WIZCHIP_WRITE_BUF
 .text.WIZCHIP_READ_BUF
                0x0000000010008290       0x88 CMakeFiles/w5x00_loopback.dir/__/__/libraries/ioLibrary_Driver/Ethernet/W5100S/w5100s.c.obj
                0x0000000010008290                WIZCHIP_READ_BUF
 .text.getSn_TX_FSR
                0x0000000010008318       0x48 CMakeFiles/w5x00_loopback.dir/__/__/libraries/ioLibrary_Driver/Ethernet/W5100S/w5100s.c.obj
                0x0000000010008318                getSn_TX_FSR
 .text.getSn_RX_RSR
                0x0000000010008360       0x48 CMakeFiles/w5x00_loopback.dir/__/__/libraries/ioLibrary_Driver/Ethernet/W5100S/w5100s.c.obj
                0x0000000010008360                getSn_RX_RSR
 .text.wiz_send_data
                0x00000000100083a8      0x180 CMakeFiles/w5x00_loopback.dir/__/__/libraries/ioLibrary_Driver/Ethernet/W5100S/w5100s.c.obj
                0x00000000100083a8                wiz_send_data
 .text.wiz_recv_data
                0x0000000010008528      0x180 CMakeFiles/w5x00_loopback.dir/__/__/libraries/ioLibrary_Driver/Ethernet/W5100S/w5100s.c.obj
                0x0000000010008528                wiz_recv_data
 .text.wiz_recv_ignore
                0x00000000100086a8       0x38 CMakeFiles/w5x00_loopback.dir/__/__/libraries/ioLibrary_Driver/Ethernet/W5100S/w5100s.c.obj
                0x00000000100086a8                wiz_recv_ignore
 .text.wiz_mdio_write
                0x00000000100086e0       0x30 CMakeFiles/w5x00_loopback.dir/__/__/libraries/ioLibrary_Driver/Ethernet/W5100S/w5100s.c.obj
                0x00000000100086e0                wiz_mdio_write
 .text.wiz_mdio_read
                0x0000000010008710       0x30 CMakeFiles/w5x00_loopback.dir/__/__/libraries/ioLibrary_Driver/Ethernet/W5100S/w5100s.c.obj
                0x0000000010008710                wiz_mdio_read
 .text.wizchip_select
                0x0000000010008740        0xc CMakeFiles/w5x00_loopback.dir/__/__/port/ioLibrary_Driver/src/w5x00_spi.c.obj
 .text.wizchip_deselect
                0x000000001000874c        0xc CMakeFiles/w5x00_loopback.dir/__/__/port/ioLibrary_Driver/src/w5x00_spi.c.obj
 .text.wizchip_critical_section_unlock
                0x0000000010008758       0x18 CMakeFiles/w5x00_loopback.dir/__/__/port/ioLibrary_Driver/src/w5x00_spi.c.obj
 .text.wizchip_critical_section_lock
                0x0000000010008770       0x1c CMakeFiles/w5x00_loopback.dir/__/__/port/ioLibrary_Driver/src/w5x00_spi.c.obj
 .text.wizchip_write
                0x000000001000878c       0x1c CMakeFiles/w5x00_loopback.dir/__/__/port/ioLibrary_Driver/src/w5x00_spi.c.obj
 .text.wizchip_read
                0x00000000100087a8       0x24 CMakeFiles/w5x00_loopback.dir/__/__/port/ioLibrary_Driver/src/w5x00_spi.c.obj
 .text.wizchip_reset
                0x00000000100087cc       0x20 CMakeFiles/w5x00_loopback.dir/__/__/port/ioLibrary_Driver/src/w5x00_spi.c.obj
                0x00000000100087cc                wizchip_reset
 .text.wizchip_spi_initialize
                0x00000000100087ec       0x40 CMakeFiles/w5x00_loopback.dir/__/__/port/ioLibrary_Driver/src/w5x00_spi.c.obj
                0x00000000100087ec                wizchip_spi_initialize
 .text.wizchip_cris_initialize
                0x000000001000882c       0x20 CMakeFiles/w5x00_loopback.dir/__/__/port/ioLibrary_Driver/src/w5x00_spi.c.obj
                0x000000001000882c                wizchip_cris_initialize
 .text.wizchip_initialize
                0x000000001000884c       0x78 CMakeFiles/w5x00_loopback.dir/__/__/port/ioLibrary_Driver/src/w5x00_spi.c.obj
                0x000000001000884c                wizchip_initialize
 .text.wizchip_check
                0x00000000100088c4       0x24 CMakeFiles/w5x00_loopback.dir/__/__/port/ioLibrary_Driver/src/w5x00_spi.c.obj
                0x00000000100088c4                wizchip_check
 .text.ethernet_input
                0x00000000100088e8       0xd0 CMakeFiles/w5x00_loopback.dir/__/__/libraries/pico-sdk/lib/lwip/src/netif/ethernet.c.obj
                0x00000000100088e8                ethernet_input
 .text.ethernet_output
                0x00000000100089b8       0x64 CMakeFiles/w5x00_loopback.dir/__/__/libraries/pico-sdk/lib/lwip/src/netif/ethernet.c.obj
                0x00000000100089b8                ethernet_output
 .text.send_lwip
                0x0000000010008a1c       0x84 CMakeFiles/w5x00_loopback.dir/__/__/port/lwip/w5x00_lwip.c.obj
                0x0000000010008a1c                send_lwip
 .text.netif_output
                0x0000000010008aa0       0x54 CMakeFiles/w5x00_loopback.dir/__/__/port/lwip/w5x00_lwip.c.obj
                0x0000000010008aa0                netif_output
 .text.recv_lwip
                0x0000000010008af4       0x80 CMakeFiles/w5x00_loopback.dir/__/__/port/lwip/w5x00_lwip.c.obj
                0x0000000010008af4                recv_lwip
 .text.netif_link_callback
                0x0000000010008b74       0x24 CMakeFiles/w5x00_loopback.dir/__/__/port/lwip/w5x00_lwip.c.obj
                0x0000000010008b74                netif_link_callback
 .text.netif_status_callback
                0x0000000010008b98       0x18 CMakeFiles/w5x00_loopback.dir/__/__/port/lwip/w5x00_lwip.c.obj
                0x0000000010008b98                netif_status_callback
 .text.netif_initialize
                0x0000000010008bb0       0x38 CMakeFiles/w5x00_loopback.dir/__/__/port/lwip/w5x00_lwip.c.obj
                0x0000000010008bb0                netif_initialize
 .text.dhcp_create_msg
                0x0000000010008be8      0x170 CMakeFiles/w5x00_loopback.dir/__/__/libraries/pico-sdk/lib/lwip/src/core/ipv4/dhcp.c.obj
 .text.dhcp_bind
                0x0000000010008d58      0x154 CMakeFiles/w5x00_loopback.dir/__/__/libraries/pico-sdk/lib/lwip/src/core/ipv4/dhcp.c.obj
 .text.dhcp_handle_ack.isra.0
                0x0000000010008eac       0xcc CMakeFiles/w5x00_loopback.dir/__/__/libraries/pico-sdk/lib/lwip/src/core/ipv4/dhcp.c.obj
 .text.dhcp_reboot
                0x0000000010008f78      0x170 CMakeFiles/w5x00_loopback.dir/__/__/libraries/pico-sdk/lib/lwip/src/core/ipv4/dhcp.c.obj
 .text.dhcp_discover
                0x00000000100090e8      0x118 CMakeFiles/w5x00_loopback.dir/__/__/libraries/pico-sdk/lib/lwip/src/core/ipv4/dhcp.c.obj
 .text.dhcp_select
                0x0000000010009200      0x204 CMakeFiles/w5x00_loopback.dir/__/__/libraries/pico-sdk/lib/lwip/src/core/ipv4/dhcp.c.obj
 .text.dhcp_recv
                0x0000000010009404      0x4a4 CMakeFiles/w5x00_loopback.dir/__/__/libraries/pico-sdk/lib/lwip/src/core/ipv4/dhcp.c.obj
 .text.dhcp_network_changed_link_up
                0x00000000100098a8       0x30 CMakeFiles/w5x00_loopback.dir/__/__/libraries/pico-sdk/lib/lwip/src/core/ipv4/dhcp.c.obj
                0x00000000100098a8                dhcp_network_changed_link_up
 .text.dhcp_renew
                0x00000000100098d8      0x110 CMakeFiles/w5x00_loopback.dir/__/__/libraries/pico-sdk/lib/lwip/src/core/ipv4/dhcp.c.obj
                0x00000000100098d8                dhcp_renew
 .text.dhcp_release_and_stop
                0x00000000100099e8      0x144 CMakeFiles/w5x00_loopback.dir/__/__/libraries/pico-sdk/lib/lwip/src/core/ipv4/dhcp.c.obj
                0x00000000100099e8                dhcp_release_and_stop
 .text.dhcp_start
                0x0000000010009b2c      0x130 CMakeFiles/w5x00_loopback.dir/__/__/libraries/pico-sdk/lib/lwip/src/core/ipv4/dhcp.c.obj
                0x0000000010009b2c                dhcp_start
 .text.dhcp_coarse_tmr
                0x0000000010009c5c      0x1b4 CMakeFiles/w5x00_loopback.dir/__/__/libraries/pico-sdk/lib/lwip/src/core/ipv4/dhcp.c.obj
                0x0000000010009c5c                dhcp_coarse_tmr
 .text.dhcp_fine_tmr
                0x0000000010009e10       0x78 CMakeFiles/w5x00_loopback.dir/__/__/libraries/pico-sdk/lib/lwip/src/core/ipv4/dhcp.c.obj
                0x0000000010009e10                dhcp_fine_tmr
 .text.etharp_find_entry
                0x0000000010009e88     0x12e8 CMakeFiles/w5x00_loopback.dir/__/__/libraries/pico-sdk/lib/lwip/src/core/ipv4/etharp.c.obj
 .text.etharp_raw
                0x000000001000b170       0xc0 CMakeFiles/w5x00_loopback.dir/__/__/libraries/pico-sdk/lib/lwip/src/core/ipv4/etharp.c.obj
 .text.etharp_output_to_arp_index
                0x000000001000b230       0xd8 CMakeFiles/w5x00_loopback.dir/__/__/libraries/pico-sdk/lib/lwip/src/core/ipv4/etharp.c.obj
 .text.etharp_tmr
                0x000000001000b308       0xa8 CMakeFiles/w5x00_loopback.dir/__/__/libraries/pico-sdk/lib/lwip/src/core/ipv4/etharp.c.obj
                0x000000001000b308                etharp_tmr
 .text.etharp_input
                0x000000001000b3b0      0x1ac CMakeFiles/w5x00_loopback.dir/__/__/libraries/pico-sdk/lib/lwip/src/core/ipv4/etharp.c.obj
                0x000000001000b3b0                etharp_input
 .text.etharp_query
                0x000000001000b55c      0x190 CMakeFiles/w5x00_loopback.dir/__/__/libraries/pico-sdk/lib/lwip/src/core/ipv4/etharp.c.obj
                0x000000001000b55c                etharp_query
 .text.etharp_output
                0x000000001000b6ec      0x218 CMakeFiles/w5x00_loopback.dir/__/__/libraries/pico-sdk/lib/lwip/src/core/ipv4/etharp.c.obj
                0x000000001000b6ec                etharp_output
 .text.etharp_request
                0x000000001000b904       0xc4 CMakeFiles/w5x00_loopback.dir/__/__/libraries/pico-sdk/lib/lwip/src/core/ipv4/etharp.c.obj
                0x000000001000b904                etharp_request
 .text.icmp_input
                0x000000001000b9c8      0x1e8 CMakeFiles/w5x00_loopback.dir/__/__/libraries/pico-sdk/lib/lwip/src/core/ipv4/icmp.c.obj
                0x000000001000b9c8                icmp_input
 .text.icmp_dest_unreach
                0x000000001000bbb0       0xc0 CMakeFiles/w5x00_loopback.dir/__/__/libraries/pico-sdk/lib/lwip/src/core/ipv4/icmp.c.obj
                0x000000001000bbb0                icmp_dest_unreach
 .text.icmp_time_exceeded
                0x000000001000bc70       0xc0 CMakeFiles/w5x00_loopback.dir/__/__/libraries/pico-sdk/lib/lwip/src/core/ipv4/icmp.c.obj
                0x000000001000bc70                icmp_time_exceeded
 .text.ip_reass_free_complete_datagram
                0x000000001000bd30       0xb8 CMakeFiles/w5x00_loopback.dir/__/__/libraries/pico-sdk/lib/lwip/src/core/ipv4/ip4_frag.c.obj
 .text.ip_reass_remove_oldest_datagram
                0x000000001000bde8       0xd8 CMakeFiles/w5x00_loopback.dir/__/__/libraries/pico-sdk/lib/lwip/src/core/ipv4/ip4_frag.c.obj
 .text.ipfrag_free_pbuf_custom
                0x000000001000bec0       0x18 CMakeFiles/w5x00_loopback.dir/__/__/libraries/pico-sdk/lib/lwip/src/core/ipv4/ip4_frag.c.obj
 .text.ip_reass_tmr
                0x000000001000bed8       0x38 CMakeFiles/w5x00_loopback.dir/__/__/libraries/pico-sdk/lib/lwip/src/core/ipv4/ip4_frag.c.obj
                0x000000001000bed8                ip_reass_tmr
 .text.ip4_reass
                0x000000001000bf10      0x520 CMakeFiles/w5x00_loopback.dir/__/__/libraries/pico-sdk/lib/lwip/src/core/ipv4/ip4_frag.c.obj
                0x000000001000bf10                ip4_reass
 .text.ip4_frag
                0x000000001000c430      0x1fc CMakeFiles/w5x00_loopback.dir/__/__/libraries/pico-sdk/lib/lwip/src/core/ipv4/ip4_frag.c.obj
                0x000000001000c430                ip4_frag
 .text.ip4_route
                0x000000001000c62c       0x80 CMakeFiles/w5x00_loopback.dir/__/__/libraries/pico-sdk/lib/lwip/src/core/ipv4/ip4.c.obj
                0x000000001000c62c                ip4_route
 .text.ip4_input
                0x000000001000c6ac      0x2e8 CMakeFiles/w5x00_loopback.dir/__/__/libraries/pico-sdk/lib/lwip/src/core/ipv4/ip4.c.obj
                0x000000001000c6ac                ip4_input
 .text.ip4_output_if
                0x000000001000c994      0x164 CMakeFiles/w5x00_loopback.dir/__/__/libraries/pico-sdk/lib/lwip/src/core/ipv4/ip4.c.obj
                0x000000001000c994                ip4_output_if
 .text.ip4_output_if_src
                0x000000001000caf8      0x158 CMakeFiles/w5x00_loopback.dir/__/__/libraries/pico-sdk/lib/lwip/src/core/ipv4/ip4.c.obj
                0x000000001000caf8                ip4_output_if_src
 .text.ip4_addr_isbroadcast_u32
                0x000000001000cc50       0x3c CMakeFiles/w5x00_loopback.dir/__/__/libraries/pico-sdk/lib/lwip/src/core/ipv4/ip4_addr.c.obj
                0x000000001000cc50                ip4_addr_isbroadcast_u32
 .text.ip4addr_ntoa
                0x000000001000cc8c       0xd8 CMakeFiles/w5x00_loopback.dir/__/__/libraries/pico-sdk/lib/lwip/src/core/ipv4/ip4_addr.c.obj
                0x000000001000cc8c                ip4addr_ntoa
 .text.lwip_init
                0x000000001000cd64       0x24 CMakeFiles/w5x00_loopback.dir/__/__/libraries/pico-sdk/lib/lwip/src/core/init.c.obj
                0x000000001000cd64                lwip_init
 .text.lwip_htons
                0x000000001000cd88        0x8 CMakeFiles/w5x00_loopback.dir/__/__/libraries/pico-sdk/lib/lwip/src/core/def.c.obj
                0x000000001000cd88                lwip_htons
 .text.lwip_htonl
                0x000000001000cd90        0x4 CMakeFiles/w5x00_loopback.dir/__/__/libraries/pico-sdk/lib/lwip/src/core/def.c.obj
                0x000000001000cd90                lwip_htonl
 .text.dns_call_found
                0x000000001000cd94      0x134 CMakeFiles/w5x00_loopback.dir/__/__/libraries/pico-sdk/lib/lwip/src/core/dns.c.obj
 .text.dns_send
                0x000000001000cec8      0x168 CMakeFiles/w5x00_loopback.dir/__/__/libraries/pico-sdk/lib/lwip/src/core/dns.c.obj
 .text.dns_init
                0x000000001000d030        0x4 CMakeFiles/w5x00_loopback.dir/__/__/libraries/pico-sdk/lib/lwip/src/core/dns.c.obj
                0x000000001000d030                dns_init
 .text.dns_setserver
                0x000000001000d034       0x2c CMakeFiles/w5x00_loopback.dir/__/__/libraries/pico-sdk/lib/lwip/src/core/dns.c.obj
                0x000000001000d034                dns_setserver
 .text.dns_tmr  0x000000001000d060      0x128 CMakeFiles/w5x00_loopback.dir/__/__/libraries/pico-sdk/lib/lwip/src/core/dns.c.obj
                0x000000001000d060                dns_tmr
 .text.lwip_standard_chksum
                0x000000001000d188       0x80 CMakeFiles/w5x00_loopback.dir/__/__/libraries/pico-sdk/lib/lwip/src/core/inet_chksum.c.obj
                0x000000001000d188                lwip_standard_chksum
 .text.inet_chksum_pseudo
                0x000000001000d208       0xbc CMakeFiles/w5x00_loopback.dir/__/__/libraries/pico-sdk/lib/lwip/src/core/inet_chksum.c.obj
                0x000000001000d208                inet_chksum_pseudo
 .text.ip_chksum_pseudo
                0x000000001000d2c4       0x10 CMakeFiles/w5x00_loopback.dir/__/__/libraries/pico-sdk/lib/lwip/src/core/inet_chksum.c.obj
                0x000000001000d2c4                ip_chksum_pseudo
 .text.inet_chksum
                0x000000001000d2d4       0x88 CMakeFiles/w5x00_loopback.dir/__/__/libraries/pico-sdk/lib/lwip/src/core/inet_chksum.c.obj
                0x000000001000d2d4                inet_chksum
 .text.inet_chksum_pbuf
                0x000000001000d35c       0x6c CMakeFiles/w5x00_loopback.dir/__/__/libraries/pico-sdk/lib/lwip/src/core/inet_chksum.c.obj
                0x000000001000d35c                inet_chksum_pbuf
 .text.mem_init
                0x000000001000d3c8       0x48 CMakeFiles/w5x00_loopback.dir/__/__/libraries/pico-sdk/lib/lwip/src/core/mem.c.obj
                0x000000001000d3c8                mem_init
 .text.mem_free
                0x000000001000d410      0x128 CMakeFiles/w5x00_loopback.dir/__/__/libraries/pico-sdk/lib/lwip/src/core/mem.c.obj
                0x000000001000d410                mem_free
 .text.mem_trim
                0x000000001000d538      0x140 CMakeFiles/w5x00_loopback.dir/__/__/libraries/pico-sdk/lib/lwip/src/core/mem.c.obj
                0x000000001000d538                mem_trim
 .text.mem_malloc
                0x000000001000d678      0x12c CMakeFiles/w5x00_loopback.dir/__/__/libraries/pico-sdk/lib/lwip/src/core/mem.c.obj
                0x000000001000d678                mem_malloc
 .text.memp_init
                0x000000001000d7a4       0xa0 CMakeFiles/w5x00_loopback.dir/__/__/libraries/pico-sdk/lib/lwip/src/core/memp.c.obj
                0x000000001000d7a4                memp_init
 .text.memp_malloc
                0x000000001000d844       0x54 CMakeFiles/w5x00_loopback.dir/__/__/libraries/pico-sdk/lib/lwip/src/core/memp.c.obj
                0x000000001000d844                memp_malloc
 .text.memp_free
                0x000000001000d898       0x3c CMakeFiles/w5x00_loopback.dir/__/__/libraries/pico-sdk/lib/lwip/src/core/memp.c.obj
                0x000000001000d898                memp_free
 .text.netif_null_output_ip4
                0x000000001000d8d4        0x8 CMakeFiles/w5x00_loopback.dir/__/__/libraries/pico-sdk/lib/lwip/src/core/netif.c.obj
 .text.netif_init
                0x000000001000d8dc        0x4 CMakeFiles/w5x00_loopback.dir/__/__/libraries/pico-sdk/lib/lwip/src/core/netif.c.obj
                0x000000001000d8dc                netif_init
 .text.netif_input
                0x000000001000d8e0       0x18 CMakeFiles/w5x00_loopback.dir/__/__/libraries/pico-sdk/lib/lwip/src/core/netif.c.obj
                0x000000001000d8e0                netif_input
 .text.netif_set_addr
                0x000000001000d8f8       0xf0 CMakeFiles/w5x00_loopback.dir/__/__/libraries/pico-sdk/lib/lwip/src/core/netif.c.obj
                0x000000001000d8f8                netif_set_addr
 .text.netif_add
                0x000000001000d9e8      0x104 CMakeFiles/w5x00_loopback.dir/__/__/libraries/pico-sdk/lib/lwip/src/core/netif.c.obj
                0x000000001000d9e8                netif_add
 .text.netif_set_up
                0x000000001000daec       0x4c CMakeFiles/w5x00_loopback.dir/__/__/libraries/pico-sdk/lib/lwip/src/core/netif.c.obj
                0x000000001000daec                netif_set_up
 .text.netif_set_status_callback
                0x000000001000db38        0x8 CMakeFiles/w5x00_loopback.dir/__/__/libraries/pico-sdk/lib/lwip/src/core/netif.c.obj
                0x000000001000db38                netif_set_status_callback
 .text.netif_set_link_up
                0x000000001000db40       0x50 CMakeFiles/w5x00_loopback.dir/__/__/libraries/pico-sdk/lib/lwip/src/core/netif.c.obj
                0x000000001000db40                netif_set_link_up
 .text.netif_set_link_callback
                0x000000001000db90        0x8 CMakeFiles/w5x00_loopback.dir/__/__/libraries/pico-sdk/lib/lwip/src/core/netif.c.obj
                0x000000001000db90                netif_set_link_callback
 .text.netif_get_by_index
                0x000000001000db98       0x2c CMakeFiles/w5x00_loopback.dir/__/__/libraries/pico-sdk/lib/lwip/src/core/netif.c.obj
                0x000000001000db98                netif_get_by_index
 .text.pbuf_free.part.0
                0x000000001000dbc4       0x80 CMakeFiles/w5x00_loopback.dir/__/__/libraries/pico-sdk/lib/lwip/src/core/pbuf.c.obj
 .text.pbuf_free_ooseq
                0x000000001000dc44       0x34 CMakeFiles/w5x00_loopback.dir/__/__/libraries/pico-sdk/lib/lwip/src/core/pbuf.c.obj
                0x000000001000dc44                pbuf_free_ooseq
 .text.pbuf_alloc
                0x000000001000dc78      0x128 CMakeFiles/w5x00_loopback.dir/__/__/libraries/pico-sdk/lib/lwip/src/core/pbuf.c.obj
                0x000000001000dc78                pbuf_alloc
 .text.pbuf_alloced_custom
                0x000000001000dda0       0x38 CMakeFiles/w5x00_loopback.dir/__/__/libraries/pico-sdk/lib/lwip/src/core/pbuf.c.obj
                0x000000001000dda0                pbuf_alloced_custom
 .text.pbuf_realloc
                0x000000001000ddd8       0x70 CMakeFiles/w5x00_loopback.dir/__/__/libraries/pico-sdk/lib/lwip/src/core/pbuf.c.obj
                0x000000001000ddd8                pbuf_realloc
 .text.pbuf_add_header
                0x000000001000de48       0x4c CMakeFiles/w5x00_loopback.dir/__/__/libraries/pico-sdk/lib/lwip/src/core/pbuf.c.obj
                0x000000001000de48                pbuf_add_header
 .text.pbuf_remove_header
                0x000000001000de94       0x48 CMakeFiles/w5x00_loopback.dir/__/__/libraries/pico-sdk/lib/lwip/src/core/pbuf.c.obj
                0x000000001000de94                pbuf_remove_header
 .text.pbuf_header_force
                0x000000001000dedc       0x78 CMakeFiles/w5x00_loopback.dir/__/__/libraries/pico-sdk/lib/lwip/src/core/pbuf.c.obj
                0x000000001000dedc                pbuf_header_force
 .text.pbuf_free
                0x000000001000df54       0x10 CMakeFiles/w5x00_loopback.dir/__/__/libraries/pico-sdk/lib/lwip/src/core/pbuf.c.obj
                0x000000001000df54                pbuf_free
 .text.pbuf_clen
                0x000000001000df64       0x14 CMakeFiles/w5x00_loopback.dir/__/__/libraries/pico-sdk/lib/lwip/src/core/pbuf.c.obj
                0x000000001000df64                pbuf_clen
 .text.pbuf_ref
                0x000000001000df78       0x18 CMakeFiles/w5x00_loopback.dir/__/__/libraries/pico-sdk/lib/lwip/src/core/pbuf.c.obj
                0x000000001000df78                pbuf_ref
 .text.pbuf_cat
                0x000000001000df90       0x38 CMakeFiles/w5x00_loopback.dir/__/__/libraries/pico-sdk/lib/lwip/src/core/pbuf.c.obj
                0x000000001000df90                pbuf_cat
 .text.pbuf_chain
                0x000000001000dfc8       0x54 CMakeFiles/w5x00_loopback.dir/__/__/libraries/pico-sdk/lib/lwip/src/core/pbuf.c.obj
                0x000000001000dfc8                pbuf_chain
 .text.pbuf_copy_partial_pbuf
                0x000000001000e01c      0x15c CMakeFiles/w5x00_loopback.dir/__/__/libraries/pico-sdk/lib/lwip/src/core/pbuf.c.obj
                0x000000001000e01c                pbuf_copy_partial_pbuf
 .text.pbuf_copy
                0x000000001000e178       0x20 CMakeFiles/w5x00_loopback.dir/__/__/libraries/pico-sdk/lib/lwip/src/core/pbuf.c.obj
                0x000000001000e178                pbuf_copy
 .text.pbuf_copy_partial
                0x000000001000e198       0x98 CMakeFiles/w5x00_loopback.dir/__/__/libraries/pico-sdk/lib/lwip/src/core/pbuf.c.obj
                0x000000001000e198                pbuf_copy_partial
 .text.pbuf_take
                0x000000001000e230       0x78 CMakeFiles/w5x00_loopback.dir/__/__/libraries/pico-sdk/lib/lwip/src/core/pbuf.c.obj
                0x000000001000e230                pbuf_take
 .text.pbuf_take_at
                0x000000001000e2a8       0xb8 CMakeFiles/w5x00_loopback.dir/__/__/libraries/pico-sdk/lib/lwip/src/core/pbuf.c.obj
                0x000000001000e2a8                pbuf_take_at
 .text.pbuf_clone
                0x000000001000e360       0x20 CMakeFiles/w5x00_loopback.dir/__/__/libraries/pico-sdk/lib/lwip/src/core/pbuf.c.obj
                0x000000001000e360                pbuf_clone
 .text.pbuf_put_at
                0x000000001000e380       0x1c CMakeFiles/w5x00_loopback.dir/__/__/libraries/pico-sdk/lib/lwip/src/core/pbuf.c.obj
                0x000000001000e380                pbuf_put_at
 .text.raw_input
                0x000000001000e39c      0x128 CMakeFiles/w5x00_loopback.dir/__/__/libraries/pico-sdk/lib/lwip/src/core/raw.c.obj
                0x000000001000e39c                raw_input
 .text.raw_netif_ip_addr_changed
                0x000000001000e4c4       0x40 CMakeFiles/w5x00_loopback.dir/__/__/libraries/pico-sdk/lib/lwip/src/core/raw.c.obj
                0x000000001000e4c4                raw_netif_ip_addr_changed
 .text.stats_init
                0x000000001000e504       0x14 CMakeFiles/w5x00_loopback.dir/__/__/libraries/pico-sdk/lib/lwip/src/core/stats.c.obj
                0x000000001000e504                stats_init
 .text.tcp_close_shutdown_fin
                0x000000001000e518       0x4c CMakeFiles/w5x00_loopback.dir/__/__/libraries/pico-sdk/lib/lwip/src/core/tcp.c.obj
 .text.tcp_pcb_purge.part.0
                0x000000001000e564       0xc4 CMakeFiles/w5x00_loopback.dir/__/__/libraries/pico-sdk/lib/lwip/src/core/tcp.c.obj
 .text.tcp_init
                0x000000001000e628       0x20 CMakeFiles/w5x00_loopback.dir/__/__/libraries/pico-sdk/lib/lwip/src/core/tcp.c.obj
                0x000000001000e628                tcp_init
 .text.tcp_free
                0x000000001000e648        0xc CMakeFiles/w5x00_loopback.dir/__/__/libraries/pico-sdk/lib/lwip/src/core/tcp.c.obj
                0x000000001000e648                tcp_free
 .text.tcp_bind
                0x000000001000e654      0x10c CMakeFiles/w5x00_loopback.dir/__/__/libraries/pico-sdk/lib/lwip/src/core/tcp.c.obj
                0x000000001000e654                tcp_bind
 .text.tcp_listen_with_backlog
                0x000000001000e760       0xa4 CMakeFiles/w5x00_loopback.dir/__/__/libraries/pico-sdk/lib/lwip/src/core/tcp.c.obj
                0x000000001000e760                tcp_listen_with_backlog
 .text.tcp_update_rcv_ann_wnd
                0x000000001000e804       0x3c CMakeFiles/w5x00_loopback.dir/__/__/libraries/pico-sdk/lib/lwip/src/core/tcp.c.obj
                0x000000001000e804                tcp_update_rcv_ann_wnd
 .text.tcp_recved
                0x000000001000e840       0x80 CMakeFiles/w5x00_loopback.dir/__/__/libraries/pico-sdk/lib/lwip/src/core/tcp.c.obj
                0x000000001000e840                tcp_recved
 .text.tcp_slowtmr
                0x000000001000e8c0      0x42c CMakeFiles/w5x00_loopback.dir/__/__/libraries/pico-sdk/lib/lwip/src/core/tcp.c.obj
                0x000000001000e8c0                tcp_slowtmr
 .text.tcp_segs_free
                0x000000001000ecec       0x38 CMakeFiles/w5x00_loopback.dir/__/__/libraries/pico-sdk/lib/lwip/src/core/tcp.c.obj
                0x000000001000ecec                tcp_segs_free
 .text.tcp_seg_free
                0x000000001000ed24       0x1c CMakeFiles/w5x00_loopback.dir/__/__/libraries/pico-sdk/lib/lwip/src/core/tcp.c.obj
                0x000000001000ed24                tcp_seg_free
 .text.tcp_setprio
                0x000000001000ed40       0x18 CMakeFiles/w5x00_loopback.dir/__/__/libraries/pico-sdk/lib/lwip/src/core/tcp.c.obj
                0x000000001000ed40                tcp_setprio
 .text.tcp_seg_copy
                0x000000001000ed58       0x20 CMakeFiles/w5x00_loopback.dir/__/__/libraries/pico-sdk/lib/lwip/src/core/tcp.c.obj
                0x000000001000ed58                tcp_seg_copy
 .text.tcp_arg  0x000000001000ed78        0x8 CMakeFiles/w5x00_loopback.dir/__/__/libraries/pico-sdk/lib/lwip/src/core/tcp.c.obj
                0x000000001000ed78                tcp_arg
 .text.tcp_recv
                0x000000001000ed80        0xc CMakeFiles/w5x00_loopback.dir/__/__/libraries/pico-sdk/lib/lwip/src/core/tcp.c.obj
                0x000000001000ed80                tcp_recv
 .text.tcp_sent
                0x000000001000ed8c        0xc CMakeFiles/w5x00_loopback.dir/__/__/libraries/pico-sdk/lib/lwip/src/core/tcp.c.obj
                0x000000001000ed8c                tcp_sent
 .text.tcp_err  0x000000001000ed98        0xc CMakeFiles/w5x00_loopback.dir/__/__/libraries/pico-sdk/lib/lwip/src/core/tcp.c.obj
                0x000000001000ed98                tcp_err
 .text.tcp_accept
                0x000000001000eda4       0x10 CMakeFiles/w5x00_loopback.dir/__/__/libraries/pico-sdk/lib/lwip/src/core/tcp.c.obj
                0x000000001000eda4                tcp_accept
 .text.tcp_poll
                0x000000001000edb4       0x1c CMakeFiles/w5x00_loopback.dir/__/__/libraries/pico-sdk/lib/lwip/src/core/tcp.c.obj
                0x000000001000edb4                tcp_poll
 .text.tcp_pcb_purge
                0x000000001000edd0       0x24 CMakeFiles/w5x00_loopback.dir/__/__/libraries/pico-sdk/lib/lwip/src/core/tcp.c.obj
                0x000000001000edd0                tcp_pcb_purge
 .text.tcp_pcb_remove
                0x000000001000edf4       0x78 CMakeFiles/w5x00_loopback.dir/__/__/libraries/pico-sdk/lib/lwip/src/core/tcp.c.obj
                0x000000001000edf4                tcp_pcb_remove
 .text.tcp_abandon
                0x000000001000ee6c      0x194 CMakeFiles/w5x00_loopback.dir/__/__/libraries/pico-sdk/lib/lwip/src/core/tcp.c.obj
                0x000000001000ee6c                tcp_abandon
 .text.tcp_abort
                0x000000001000f000        0xc CMakeFiles/w5x00_loopback.dir/__/__/libraries/pico-sdk/lib/lwip/src/core/tcp.c.obj
                0x000000001000f000                tcp_abort
 .text.tcp_accept_null
                0x000000001000f00c       0x10 CMakeFiles/w5x00_loopback.dir/__/__/libraries/pico-sdk/lib/lwip/src/core/tcp.c.obj
 .text.tcp_alloc
                0x000000001000f01c      0x1f8 CMakeFiles/w5x00_loopback.dir/__/__/libraries/pico-sdk/lib/lwip/src/core/tcp.c.obj
                0x000000001000f01c                tcp_alloc
 .text.tcp_new  0x000000001000f214      0x1d8 CMakeFiles/w5x00_loopback.dir/__/__/libraries/pico-sdk/lib/lwip/src/core/tcp.c.obj
                0x000000001000f214                tcp_new
 .text.tcp_close_shutdown
                0x000000001000f3ec      0x14c CMakeFiles/w5x00_loopback.dir/__/__/libraries/pico-sdk/lib/lwip/src/core/tcp.c.obj
 .text.tcp_recv_null
                0x000000001000f538       0xb4 CMakeFiles/w5x00_loopback.dir/__/__/libraries/pico-sdk/lib/lwip/src/core/tcp.c.obj
                0x000000001000f538                tcp_recv_null
 .text.tcp_process_refused_data
                0x000000001000f5ec       0xf4 CMakeFiles/w5x00_loopback.dir/__/__/libraries/pico-sdk/lib/lwip/src/core/tcp.c.obj
                0x000000001000f5ec                tcp_process_refused_data
 .text.tcp_fasttmr
                0x000000001000f6e0       0x98 CMakeFiles/w5x00_loopback.dir/__/__/libraries/pico-sdk/lib/lwip/src/core/tcp.c.obj
                0x000000001000f6e0                tcp_fasttmr
 .text.tcp_tmr  0x000000001000f778       0x20 CMakeFiles/w5x00_loopback.dir/__/__/libraries/pico-sdk/lib/lwip/src/core/tcp.c.obj
                0x000000001000f778                tcp_tmr
 .text.tcp_close
                0x000000001000f798      0x164 CMakeFiles/w5x00_loopback.dir/__/__/libraries/pico-sdk/lib/lwip/src/core/tcp.c.obj
                0x000000001000f798                tcp_close
 .text.tcp_next_iss
                0x000000001000f8fc       0x18 CMakeFiles/w5x00_loopback.dir/__/__/libraries/pico-sdk/lib/lwip/src/core/tcp.c.obj
                0x000000001000f8fc                tcp_next_iss
 .text.tcp_eff_send_mss_netif
                0x000000001000f914       0x28 CMakeFiles/w5x00_loopback.dir/__/__/libraries/pico-sdk/lib/lwip/src/core/tcp.c.obj
                0x000000001000f914                tcp_eff_send_mss_netif
 .text.tcp_netif_ip_addr_changed
                0x000000001000f93c       0xa4 CMakeFiles/w5x00_loopback.dir/__/__/libraries/pico-sdk/lib/lwip/src/core/tcp.c.obj
                0x000000001000f93c                tcp_netif_ip_addr_changed
 .text.tcp_free_ooseq
                0x000000001000f9e0       0x40 CMakeFiles/w5x00_loopback.dir/__/__/libraries/pico-sdk/lib/lwip/src/core/tcp.c.obj
                0x000000001000f9e0                tcp_free_ooseq
 .text.tcp_oos_insert_segment
                0x000000001000fa20       0xcc CMakeFiles/w5x00_loopback.dir/__/__/libraries/pico-sdk/lib/lwip/src/core/tcp_in.c.obj
 .text.tcp_parseopt.isra.0
                0x000000001000faec      0x180 CMakeFiles/w5x00_loopback.dir/__/__/libraries/pico-sdk/lib/lwip/src/core/tcp_in.c.obj
 .text.tcp_free_acked_segments.isra.0
                0x000000001000fc6c       0xa4 CMakeFiles/w5x00_loopback.dir/__/__/libraries/pico-sdk/lib/lwip/src/core/tcp_in.c.obj
 .text.tcp_receive
                0x000000001000fd10      0x94c CMakeFiles/w5x00_loopback.dir/__/__/libraries/pico-sdk/lib/lwip/src/core/tcp_in.c.obj
 .text.tcp_input
                0x000000001001065c      0xc54 CMakeFiles/w5x00_loopback.dir/__/__/libraries/pico-sdk/lib/lwip/src/core/tcp_in.c.obj
                0x000000001001065c                tcp_input
 .text.tcp_trigger_input_pcb_close
                0x00000000100112b0       0x10 CMakeFiles/w5x00_loopback.dir/__/__/libraries/pico-sdk/lib/lwip/src/core/tcp_in.c.obj
                0x00000000100112b0                tcp_trigger_input_pcb_close
 .text.tcp_create_segment.isra.0
                0x00000000100112c0       0xd4 CMakeFiles/w5x00_loopback.dir/__/__/libraries/pico-sdk/lib/lwip/src/core/tcp_out.c.obj
 .text.tcp_output_control_segment
                0x0000000010011394       0xb4 CMakeFiles/w5x00_loopback.dir/__/__/libraries/pico-sdk/lib/lwip/src/core/tcp_out.c.obj
 .text.tcp_write
                0x0000000010011448      0x64c CMakeFiles/w5x00_loopback.dir/__/__/libraries/pico-sdk/lib/lwip/src/core/tcp_out.c.obj
                0x0000000010011448                tcp_write
 .text.tcp_split_unsent_seg
                0x0000000010011a94      0x1a8 CMakeFiles/w5x00_loopback.dir/__/__/libraries/pico-sdk/lib/lwip/src/core/tcp_out.c.obj
                0x0000000010011a94                tcp_split_unsent_seg
 .text.tcp_send_fin
                0x0000000010011c3c       0xe8 CMakeFiles/w5x00_loopback.dir/__/__/libraries/pico-sdk/lib/lwip/src/core/tcp_out.c.obj
                0x0000000010011c3c                tcp_send_fin
 .text.tcp_enqueue_flags
                0x0000000010011d24       0xb0 CMakeFiles/w5x00_loopback.dir/__/__/libraries/pico-sdk/lib/lwip/src/core/tcp_out.c.obj
                0x0000000010011d24                tcp_enqueue_flags
 .text.tcp_rexmit_rto_prepare
                0x0000000010011dd4       0x9c CMakeFiles/w5x00_loopback.dir/__/__/libraries/pico-sdk/lib/lwip/src/core/tcp_out.c.obj
                0x0000000010011dd4                tcp_rexmit_rto_prepare
 .text.tcp_rexmit
                0x0000000010011e70       0x90 CMakeFiles/w5x00_loopback.dir/__/__/libraries/pico-sdk/lib/lwip/src/core/tcp_out.c.obj
                0x0000000010011e70                tcp_rexmit
 .text.tcp_rexmit_fast
                0x0000000010011f00       0x58 CMakeFiles/w5x00_loopback.dir/__/__/libraries/pico-sdk/lib/lwip/src/core/tcp_out.c.obj
                0x0000000010011f00                tcp_rexmit_fast
 .text.tcp_rst  0x0000000010011f58       0xbc CMakeFiles/w5x00_loopback.dir/__/__/libraries/pico-sdk/lib/lwip/src/core/tcp_out.c.obj
                0x0000000010011f58                tcp_rst
 .text.tcp_rst_netif
                0x0000000010012014      0x100 CMakeFiles/w5x00_loopback.dir/__/__/libraries/pico-sdk/lib/lwip/src/core/tcp_out.c.obj
                0x0000000010012014                tcp_rst_netif
 .text.tcp_send_empty_ack
                0x0000000010012114       0xdc CMakeFiles/w5x00_loopback.dir/__/__/libraries/pico-sdk/lib/lwip/src/core/tcp_out.c.obj
                0x0000000010012114                tcp_send_empty_ack
 .text.tcp_output
                0x00000000100121f0      0x418 CMakeFiles/w5x00_loopback.dir/__/__/libraries/pico-sdk/lib/lwip/src/core/tcp_out.c.obj
                0x00000000100121f0                tcp_output
 .text.tcp_rexmit_rto_commit
                0x0000000010012608       0x14 CMakeFiles/w5x00_loopback.dir/__/__/libraries/pico-sdk/lib/lwip/src/core/tcp_out.c.obj
                0x0000000010012608                tcp_rexmit_rto_commit
 .text.tcp_rexmit_rto
                0x000000001001261c       0xa0 CMakeFiles/w5x00_loopback.dir/__/__/libraries/pico-sdk/lib/lwip/src/core/tcp_out.c.obj
                0x000000001001261c                tcp_rexmit_rto
 .text.tcp_keepalive
                0x00000000100126bc       0xc4 CMakeFiles/w5x00_loopback.dir/__/__/libraries/pico-sdk/lib/lwip/src/core/tcp_out.c.obj
                0x00000000100126bc                tcp_keepalive
 .text.tcp_zero_window_probe
                0x0000000010012780      0x18c CMakeFiles/w5x00_loopback.dir/__/__/libraries/pico-sdk/lib/lwip/src/core/tcp_out.c.obj
                0x0000000010012780                tcp_zero_window_probe
 .text.tcpip_tcp_timer
                0x000000001001290c       0x6c CMakeFiles/w5x00_loopback.dir/__/__/libraries/pico-sdk/lib/lwip/src/core/timeouts.c.obj
 .text.lwip_cyclic_timer
                0x0000000010012978       0x90 CMakeFiles/w5x00_loopback.dir/__/__/libraries/pico-sdk/lib/lwip/src/core/timeouts.c.obj
 .text.tcp_timer_needed
                0x0000000010012a08       0x70 CMakeFiles/w5x00_loopback.dir/__/__/libraries/pico-sdk/lib/lwip/src/core/timeouts.c.obj
                0x0000000010012a08                tcp_timer_needed
 .text.sys_timeouts_init
                0x0000000010012a78       0x78 CMakeFiles/w5x00_loopback.dir/__/__/libraries/pico-sdk/lib/lwip/src/core/timeouts.c.obj
                0x0000000010012a78                sys_timeouts_init
 .text.sys_check_timeouts
                0x0000000010012af0       0x68 CMakeFiles/w5x00_loopback.dir/__/__/libraries/pico-sdk/lib/lwip/src/core/timeouts.c.obj
                0x0000000010012af0                sys_check_timeouts
 .text.udp_init
                0x0000000010012b58       0x20 CMakeFiles/w5x00_loopback.dir/__/__/libraries/pico-sdk/lib/lwip/src/core/udp.c.obj
                0x0000000010012b58                udp_init
 .text.udp_input